Component: ARM Compiler 5.06 update 7 (build 960) Tool: armlink [4d3601]

==============================================================================

Section Cross References

    main.o(i.main) refers to delay.o(i.Delay_Init) for Delay_Init
    main.o(i.main) refers to led.o(i.Led_Init) for Led_Init
    main.o(i.main) refers to oled.o(i.OLED_Init) for OLED_Init
    main.o(i.main) refers to servo.o(i.Servo_Init) for Servo_Init
    main.o(i.main) refers to key.o(i.Key_Init) for Key_Init
    main.o(i.main) refers to openmv_usart.o(i.Openmv_usart_init) for Openmv_usart_init
    main.o(i.main) refers to bluetooth.o(i.Buletooth_Init) for Buletooth_Init
    main.o(i.main) refers to stm32f10x_tim.o(i.TIM_SetCompare2) for TIM_SetCompare2
    main.o(i.main) refers to stm32f10x_tim.o(i.TIM_SetCompare1) for TIM_SetCompare1
    main.o(i.main) refers to timer.o(i.TIM4_Init) for TIM4_Init
    main.o(i.main) refers to oled.o(i.oledPrint) for oledPrint
    main.o(i.main) refers to f2d.o(x$fpl$f2d) for __aeabi_f2d
    main.o(i.main) refers to oled.o(i.OLED_Clear) for OLED_Clear
    main.o(i.main) refers to openmv_usart.o(.data) for ball
    main.o(i.main) refers to bluetooth.o(.data) for ballMove
    main.o(i.main) refers to main.o(.data) for oledIndex
    main.o(i.main) refers to timer.o(.data) for oneSecond
    main.o(i.main) refers to control.o(.data) for xKp
    main.o(i.main) refers to key.o(.bss) for key
    system_stm32f10x.o(i.SetSysClock) refers to system_stm32f10x.o(i.SetSysClockTo72) for SetSysClockTo72
    system_stm32f10x.o(i.SystemCoreClockUpdate) refers to system_stm32f10x.o(.data) for SystemCoreClock
    system_stm32f10x.o(i.SystemInit) refers to system_stm32f10x.o(i.SetSysClock) for SetSysClock
    startup_stm32f10x_hd.o(STACK) refers (Special) to heapauxi.o(.text) for __use_two_region_memory
    startup_stm32f10x_hd.o(HEAP) refers (Special) to heapauxi.o(.text) for __use_two_region_memory
    startup_stm32f10x_hd.o(RESET) refers (Special) to heapauxi.o(.text) for __use_two_region_memory
    startup_stm32f10x_hd.o(RESET) refers to startup_stm32f10x_hd.o(STACK) for __initial_sp
    startup_stm32f10x_hd.o(RESET) refers to startup_stm32f10x_hd.o(.text) for Reset_Handler
    startup_stm32f10x_hd.o(RESET) refers to stm32f10x_it.o(i.NMI_Handler) for NMI_Handler
    startup_stm32f10x_hd.o(RESET) refers to stm32f10x_it.o(i.HardFault_Handler) for HardFault_Handler
    startup_stm32f10x_hd.o(RESET) refers to stm32f10x_it.o(i.MemManage_Handler) for MemManage_Handler
    startup_stm32f10x_hd.o(RESET) refers to stm32f10x_it.o(i.BusFault_Handler) for BusFault_Handler
    startup_stm32f10x_hd.o(RESET) refers to stm32f10x_it.o(i.UsageFault_Handler) for UsageFault_Handler
    startup_stm32f10x_hd.o(RESET) refers to stm32f10x_it.o(i.SVC_Handler) for SVC_Handler
    startup_stm32f10x_hd.o(RESET) refers to stm32f10x_it.o(i.DebugMon_Handler) for DebugMon_Handler
    startup_stm32f10x_hd.o(RESET) refers to stm32f10x_it.o(i.PendSV_Handler) for PendSV_Handler
    startup_stm32f10x_hd.o(RESET) refers to stm32f10x_it.o(i.SysTick_Handler) for SysTick_Handler
    startup_stm32f10x_hd.o(RESET) refers to timer.o(i.TIM4_IRQHandler) for TIM4_IRQHandler
    startup_stm32f10x_hd.o(RESET) refers to openmv_usart.o(i.USART3_IRQHandler) for USART3_IRQHandler
    startup_stm32f10x_hd.o(RESET) refers to bluetooth.o(i.UART4_IRQHandler) for UART4_IRQHandler
    startup_stm32f10x_hd.o(.text) refers (Special) to heapauxi.o(.text) for __use_two_region_memory
    startup_stm32f10x_hd.o(.text) refers to system_stm32f10x.o(i.SystemInit) for SystemInit
    startup_stm32f10x_hd.o(.text) refers to __main.o(!!!main) for __main
    startup_stm32f10x_hd.o(.text) refers to startup_stm32f10x_hd.o(HEAP) for Heap_Mem
    startup_stm32f10x_hd.o(.text) refers to startup_stm32f10x_hd.o(STACK) for Stack_Mem
    stm32f10x_adc.o(i.ADC_DeInit) refers to stm32f10x_rcc.o(i.RCC_APB2PeriphResetCmd) for RCC_APB2PeriphResetCmd
    stm32f10x_bkp.o(i.BKP_DeInit) refers to stm32f10x_rcc.o(i.RCC_BackupResetCmd) for RCC_BackupResetCmd
    stm32f10x_can.o(i.CAN_DeInit) refers to stm32f10x_rcc.o(i.RCC_APB1PeriphResetCmd) for RCC_APB1PeriphResetCmd
    stm32f10x_can.o(i.CAN_GetITStatus) refers to stm32f10x_can.o(i.CheckITStatus) for CheckITStatus
    stm32f10x_cec.o(i.CEC_DeInit) refers to stm32f10x_rcc.o(i.RCC_APB1PeriphResetCmd) for RCC_APB1PeriphResetCmd
    stm32f10x_dac.o(i.DAC_DeInit) refers to stm32f10x_rcc.o(i.RCC_APB1PeriphResetCmd) for RCC_APB1PeriphResetCmd
    stm32f10x_flash.o(i.FLASH_EnableWriteProtection) refers to stm32f10x_flash.o(i.FLASH_WaitForLastOperation) for FLASH_WaitForLastOperation
    stm32f10x_flash.o(i.FLASH_EraseAllBank1Pages) refers to stm32f10x_flash.o(i.FLASH_WaitForLastBank1Operation) for FLASH_WaitForLastBank1Operation
    stm32f10x_flash.o(i.FLASH_EraseAllPages) refers to stm32f10x_flash.o(i.FLASH_WaitForLastOperation) for FLASH_WaitForLastOperation
[...]
    .text                                    0x0800118c   Section        0  _wcrtomb.o(.text)
    .text                                    0x080011cc   Section       74  sys_stackheap_outer.o(.text)
    .text                                    0x08001218   Section       16  rt_ctype_table.o(.text)
    .text                                    0x08001228   Section        8  rt_locale_intlibspace.o(.text)
    .text                                    0x08001230   Section        0  _printf_fp_infnan.o(.text)
    .text                                    0x080012b0   Section        0  bigflt0.o(.text)
    .text                                    0x08001394   Section        0  exit.o(.text)
    .text                                    0x080013a8   Section        8  libspace.o(.text)
    .text                                    0x080013b0   Section      128  strcmpv7m.o(.text)
    .text                                    0x08001430   Section        0  sys_exit.o(.text)
    .text                                    0x0800143c   Section        2  use_no_semi.o(.text)
    .text                                    0x0800143e   Section        0  indicate_semi.o(.text)
    CL$$btod_d2e                             0x0800143e   Section       62  btod.o(CL$$btod_d2e)
    CL$$btod_d2e_denorm_low                  0x0800147c   Section       70  btod.o(CL$$btod_d2e_denorm_low)
    CL$$btod_d2e_norm_op1                    0x080014c2   Section       96  btod.o(CL$$btod_d2e_norm_op1)
    CL$$btod_div_common                      0x08001522   Section      824  btod.o(CL$$btod_div_common)
    CL$$btod_e2e                             0x0800185a   Section      220  btod.o(CL$$btod_e2e)
    CL$$btod_ediv                            0x08001936   Section       42  btod.o(CL$$btod_ediv)
    CL$$btod_emul                            0x08001960   Section       42  btod.o(CL$$btod_emul)
    CL$$btod_mult_common                     0x0800198a   Section      580  btod.o(CL$$btod_mult_common)
    i.Buletooth_Init                         0x08001bd0   Section        0  bluetooth.o(i.Buletooth_Init)
    i.BusFault_Handler                       0x08001c74   Section        0  stm32f10x_it.o(i.BusFault_Handler)
    i.DebugMon_Handler                       0x08001c78   Section        0  stm32f10x_it.o(i.DebugMon_Handler)
    i.Delay_Init                             0x08001c7c   Section        0  delay.o(i.Delay_Init)
    i.GPIO_Init                              0x08001cc0   Section        0  stm32f10x_gpio.o(i.GPIO_Init)
    i.GPIO_ReadInputDataBit                  0x08001dd6   Section        0  stm32f10x_gpio.o(i.GPIO_ReadInputDataBit)
    i.GPIO_SetBits                           0x08001de8   Section        0  stm32f10x_gpio.o(i.GPIO_SetBits)
    i.GPIO_WriteBit                          0x08001dec   Section        0  stm32f10x_gpio.o(i.GPIO_WriteBit)
    i.Get_bluetoothData                      0x08001df8   Section        0  bluetooth.o(i.Get_bluetoothData)
    i.Get_openmvData                         0x08001e0c   Section        0  openmv_usart.o(i.Get_openmvData)
    i.HardFault_Handler                      0x08001e28   Section        0  stm32f10x_it.o(i.HardFault_Handler)
    i.Key_Init                               0x08001e2c   Section        0  key.o(i.Key_Init)
    i.Led_Init                               0x08001e54   Section        0  led.o(i.Led_Init)
    i.MemManage_Handler                      0x08001edc   Section        0  stm32f10x_it.o(i.MemManage_Handler)
    i.NMI_Handler                            0x08001ee0   Section        0  stm32f10x_it.o(i.NMI_Handler)
    i.NVIC_Init                              0x08001ee4   Section        0  misc.o(i.NVIC_Init)
    i.OLED_Clear                             0x08001f54   Section        0  oled.o(i.OLED_Clear)
    i.OLED_I2C_Init                          0x08001f80   Section        0  oled.o(i.OLED_I2C_Init)
    i.OLED_I2C_SendByte                      0x08001fd0   Section        0  oled.o(i.OLED_I2C_SendByte)
    i.OLED_I2C_Start                         0x08002024   Section        0  oled.o(i.OLED_I2C_Start)
    i.OLED_I2C_Stop                          0x08002058   Section        0  oled.o(i.OLED_I2C_Stop)
    i.OLED_Init                              0x08002080   Section        0  oled.o(i.OLED_Init)
    i.OLED_SetCursor                         0x08002140   Section        0  oled.o(i.OLED_SetCursor)
    i.OLED_ShowChar                          0x08002164   Section        0  oled.o(i.OLED_ShowChar)
    i.OLED_ShowString                        0x08002214   Section        0  oled.o(i.OLED_ShowString)
    i.OLED_WriteCommand                      0x08002240   Section        0  oled.o(i.OLED_WriteCommand)
    i.OLED_WriteData                         0x08002260   Section        0  oled.o(i.OLED_WriteData)
    i.Openmv_usart_init                      0x08002280   Section        0  openmv_usart.o(i.Openmv_usart_init)
    i.PendSV_Handler                         0x08002324   Section        0  stm32f10x_it.o(i.PendSV_Handler)
    i.RCC_APB1PeriphClockCmd                 0x08002328   Section        0  stm32f10x_rcc.o(i.RCC_APB1PeriphClockCmd)
    i.RCC_APB2PeriphClockCmd                 0x08002348   Section        0  stm32f10x_rcc.o(i.RCC_APB2PeriphClockCmd)
    i.RCC_GetClocksFreq                      0x08002368   Section        0  stm32f10x_rcc.o(i.RCC_GetClocksFreq)
    i.SVC_Handler                            0x0800243c   Section        0  stm32f10x_it.o(i.SVC_Handler)
    i.Servo_Init                             0x08002440   Section        0  servo.o(i.Servo_Init)
    i.SetSysClock                            0x08002504   Section        0  system_stm32f10x.o(i.SetSysClock)
    SetSysClock                              0x08002505   Thumb Code     8  system_stm32f10x.o(i.SetSysClock)
    i.SetSysClockTo72                        0x0800250c   Section        0  system_stm32f10x.o(i.SetSysClockTo72)
    SetSysClockTo72                          0x0800250d   Thumb Code   214  system_stm32f10x.o(i.SetSysClockTo72)
    i.SysTick_CLKSourceConfig                0x080025ec   Section        0  misc.o(i.SysTick_CLKSourceConfig)
    i.SysTick_Handler                        0x08002614   Section        0  stm32f10x_it.o(i.SysTick_Handler)
    i.SystemInit                             0x08002618   Section        0  system_stm32f10x.o(i.SystemInit)
    i.TIM4_IRQHandler                        0x08002678   Section        0  timer.o(i.TIM4_IRQHandler)
    i.TIM4_Init                              0x080026c4   Section        0  timer.o(i.TIM4_Init)
    i.TIM_ARRPreloadConfig                   0x08002730   Section        0  stm32f10x_tim.o(i.TIM_ARRPreloadConfig)
    i.TIM_ClearFlag                          0x08002748   Section        0  stm32f10x_tim.o(i.TIM_ClearFlag)
    i.TIM_ClearITPendingBit                  0x0800274e   Section        0  stm32f10x_tim.o(i.TIM_ClearITPendingBit)
    i.TIM_Cmd                                0x08002754   Section        0  stm32f10x_tim.o(i.TIM_Cmd)
    i.TIM_CtrlPWMOutputs                     0x0800276c   Section        0  stm32f10x_tim.o(i.TIM_CtrlPWMOutputs)
    i.TIM_GetITStatus                        0x0800278a   Section        0  stm32f10x_tim.o(i.TIM_GetITStatus)
    i.TIM_ITConfig                           0x080027ac   Section        0  stm32f10x_tim.o(i.TIM_ITConfig)
    i.TIM_OC1Init                            0x080027c0   Section        0  stm32f10x_tim.o(i.TIM_OC1Init)
    i.TIM_OC1PreloadConfig                   0x08002858   Section        0  stm32f10x_tim.o(i.TIM_OC1PreloadConfig)
    i.TIM_OC2Init                            0x0800286c   Section        0  stm32f10x_tim.o(i.TIM_OC2Init)
    i.TIM_OC2PreloadConfig                   0x08002910   Section        0  stm32f10x_tim.o(i.TIM_OC2PreloadConfig)
    i.TIM_SetCompare1                        0x0800292a   Section        0  stm32f10x_tim.o(i.TIM_SetCompare1)
    i.TIM_SetCompare2                        0x0800292e   Section        0  stm32f10x_tim.o(i.TIM_SetCompare2)
    i.TIM_TimeBaseInit                       0x08002934   Section        0  stm32f10x_tim.o(i.TIM_TimeBaseInit)
    i.UART4_IRQHandler                       0x080029d8   Section        0  bluetooth.o(i.UART4_IRQHandler)
    i.USART3_IRQHandler                      0x08002aa4   Section        0  openmv_usart.o(i.USART3_IRQHandler)
    i.USART_ClearITPendingBit                0x08002b84   Section        0  stm32f10x_usart.o(i.USART_ClearITPendingBit)
    i.USART_Cmd                              0x08002ba2   Section        0  stm32f10x_usart.o(i.USART_Cmd)
    i.USART_GetITStatus                      0x08002bba   Section        0  stm32f10x_usart.o(i.USART_GetITStatus)
    i.USART_ITConfig                         0x08002c0e   Section        0  stm32f10x_usart.o(i.USART_ITConfig)
    i.USART_Init                             0x08002c58   Section        0  stm32f10x_usart.o(i.USART_Init)
    i.USART_ReceiveData                      0x08002d30   Section        0  stm32f10x_usart.o(i.USART_ReceiveData)
    i.UsageFault_Handler                     0x08002d3a   Section        0  stm32f10x_it.o(i.UsageFault_Handler)
    i.__ARM_fpclassify                       0x08002d3e   Section        0  fpclassify.o(i.__ARM_fpclassify)
    i._is_digit                              0x08002d66   Section        0  __printf_wp.o(i._is_digit)
    i.delay_ms                               0x08002d74   Section        0  delay.o(i.delay_ms)
    i.keyScan                                0x08002dc0   Section        0  key.o(i.keyScan)
    i.main                                   0x08002edc   Section        0  main.o(i.main)
    i.mainControl                            0x08003108   Section        0  control.o(i.mainControl)
    i.oledPrint                              0x08003140   Section        0  oled.o(i.oledPrint)
    i.questionFour                           0x08003180   Section        0  control.o(i.questionFour)
    i.questionOne                            0x0800326c   Section        0  control.o(i.questionOne)
    i.questionThree                          0x080032c8   Section        0  control.o(i.questionThree)
    i.questionTwo                            0x080033d8   Section        0  control.o(i.questionTwo)
    i.xPid                                   0x08003438   Section        0  control.o(i.xPid)
    i.yPid                                   0x0800353c   Section        0  control.o(i.yPid)
    locale$$code                             0x08003640   Section       44  lc_numeric_c.o(locale$$code)
    locale$$code                             0x0800366c   Section       44  lc_ctype_c.o(locale$$code)
    x$fpl$dretinf                            0x08003698   Section       12  dretinf.o(x$fpl$dretinf)
    x$fpl$f2d                                0x080036a4   Section       86  f2d.o(x$fpl$f2d)
    x$fpl$fadd                               0x080036fc   Section      196  faddsub_clz.o(x$fpl$fadd)
    _fadd1                                   0x0800370b   Thumb Code     0  faddsub_clz.o(x$fpl$fadd)
    x$fpl$ffix                               0x080037c0   Section       54  ffix.o(x$fpl$ffix)
    x$fpl$ffixu                              0x080037f8   Section       62  ffixu.o(x$fpl$ffixu)
    x$fpl$fflt                               0x08003838   Section       48  fflt_clz.o(x$fpl$fflt)
    x$fpl$ffltu                              0x08003868   Section       38  fflt_clz.o(x$fpl$ffltu)
    x$fpl$fmul                               0x08003890   Section      258  fmul.o(x$fpl$fmul)
    x$fpl$fnaninf                            0x08003992   Section      140  fnaninf.o(x$fpl$fnaninf)
    x$fpl$fretinf                            0x08003a1e   Section       10  fretinf.o(x$fpl$fretinf)
    x$fpl$fsub                               0x08003a28   Section      234  faddsub_clz.o(x$fpl$fsub)
    _fsub1                                   0x08003a37   Thumb Code     0  faddsub_clz.o(x$fpl$fsub)
    x$fpl$printf1                            0x08003b12   Section        4  printf1.o(x$fpl$printf1)
    x$fpl$printf2                            0x08003b16   Section        4  printf2.o(x$fpl$printf2)
    .constdata                               0x08003b1a   Section     1520  oled.o(.constdata)
    x$fpl$usenofp                            0x08003b1a   Section        0  usenofp.o(x$fpl$usenofp)
    .constdata                               0x0800410c   Section        8  _printf_wctomb.o(.constdata)
    initial_mbstate                          0x0800410c   Data           8  _printf_wctomb.o(.constdata)
    .constdata                               0x08004114   Section       40  _printf_hex_int_ll_ptr.o(.constdata)
    uc_hextab                                0x08004114   Data          20  _printf_hex_int_ll_ptr.o(.constdata)
    lc_hextab                                0x08004128   Data          20  _printf_hex_int_ll_ptr.o(.constdata)
    .constdata                               0x0800413c   Section       17  __printf_flags_ss_wp.o(.constdata)
    maptable                                 0x0800413c   Data          17  __printf_flags_ss_wp.o(.constdata)
    .constdata                               0x0800414d   Section       38  _printf_fp_hex.o(.constdata)
    lc_hextab                                0x0800414d   Data          19  _printf_fp_hex.o(.constdata)
    uc_hextab                                0x08004160   Data          19  _printf_fp_hex.o(.constdata)
    .constdata                               0x08004174   Section      148  bigflt0.o(.constdata)
    tenpwrs_x                                0x08004174   Data          60  bigflt0.o(.constdata)
    tenpwrs_i                                0x080041b0   Data          64  bigflt0.o(.constdata)
    locale$$data                             0x08004228   Section       28  lc_numeric_c.o(locale$$data)
    __lcnum_c_name                           0x0800422c   Data           2  lc_numeric_c.o(locale$$data)
    __lcnum_c_start                          0x08004234   Data           0  lc_numeric_c.o(locale$$data)
    __lcnum_c_point                          0x08004240   Data           0  lc_numeric_c.o(locale$$data)
    __lcnum_c_thousands                      0x08004242   Data           0  lc_numeric_c.o(locale$$data)
    __lcnum_c_grouping                       0x08004243   Data           0  lc_numeric_c.o(locale$$data)
    locale$$data                             0x08004244   Section      272  lc_ctype_c.o(locale$$data)
    __lcnum_c_end                            0x08004244   Data           0  lc_numeric_c.o(locale$$data)
    __lcctype_c_name                         0x08004248   Data           2  lc_ctype_c.o(locale$$data)
    __lcctype_c_start                        0x08004250   Data           0  lc_ctype_c.o(locale$$data)
    __lcctype_c_end                          0x08004354   Data           0  lc_ctype_c.o(locale$$data)
    .data                                    0x20000000   Section        1  main.o(.data)
    oledIndex                                0x20000000   Data           1  main.o(.data)
    .data                                    0x20000004   Section       20  system_stm32f10x.o(.data)
    .data                                    0x20000018   Section       20  stm32f10x_rcc.o(.data)
    APBAHBPrescTable                         0x20000018   Data          16  stm32f10x_rcc.o(.data)
    ADCPrescTable                            0x20000028   Data           4  stm32f10x_rcc.o(.data)
    .data                                    0x2000002c   Section        4  delay.o(.data)
    fac_us                                   0x2000002c   Data           1  delay.o(.data)
    fac_ms                                   0x2000002e   Data           2  delay.o(.data)
    .data                                    0x20000030   Section        8  timer.o(.data)
    myTime                                   0x20000034   Data           4  timer.o(.data)
    .data                                    0x20000038   Section       12  openmv_usart.o(.data)
    flag                                     0x2000003c   Data           4  openmv_usart.o(.data)
    index                                    0x20000040   Data           4  openmv_usart.o(.data)
    .data                                    0x20000044   Section     4868  control.o(.data)
    PWM_out                                  0x2000131c   Data           4  control.o(.data)
    error                                    0x20001320   Data           4  control.o(.data)
    last_error                               0x20001324   Data           4  control.o(.data)
    error_int                                0x20001328   Data           4  control.o(.data)
    index                                    0x2000132c   Data           1  control.o(.data)
    PWM_out                                  0x20001330   Data           4  control.o(.data)
    error                                    0x20001334   Data           4  control.o(.data)
    last_error                               0x20001338   Data           4  control.o(.data)
    error_int                                0x2000133c   Data           4  control.o(.data)
    index                                    0x20001340   Data           1  control.o(.data)
    mode                                     0x20001341   Data           1  control.o(.data)
    index                                    0x20001342   Data           2  control.o(.data)
    mode                                     0x20001344   Data           1  control.o(.data)
    index                                    0x20001346   Data           2  control.o(.data)
    .data                                    0x20001348   Section       12  bluetooth.o(.data)
    flag                                     0x2000134c   Data           4  bluetooth.o(.data)
    index                                    0x20001350   Data           4  bluetooth.o(.data)
    .bss                                     0x20001354   Section       20  openmv_usart.o(.bss)
    .bss                                     0x20001368   Section       16  bluetooth.o(.bss)
    .bss                                     0x20001378   Section       24  key.o(.bss)
    .bss                                     0x20001390   Section       96  libspace.o(.bss)
    HEAP                                     0x200013f0   Section      512  startup_stm32f10x_hd.o(HEAP)
    Heap_Mem                                 0x200013f0   Data         512  startup_stm32f10x_hd.o(HEAP)
    STACK                                    0x200015f0   Section     1024  startup_stm32f10x_hd.o(STACK)
    Stack_Mem                                0x200015f0   Data        1024  startup_stm32f10x_hd.o(STACK)
    __initial_sp                             0x200019f0   Data           0  startup_stm32f10x_hd.o(STACK)

    Global Symbols

    Symbol Name                              Value     Ov Type        Size  Object(Section)

    BuildAttributes$$THM_ISAv4$P$D$K$B$S$PE$A:L22UL41UL21$X:L11$S22US41US21$IEEE1$IW$USESV6$~STKCKD$USESV7$~SHL$OTIME$ROPI$IEEEJ$EBA8$UX$STANDARDLIB$REQ8$PRES8$EABIv2 0x00000000   Number         0  anon$$obj.o ABSOLUTE
    __ARM_use_no_argv                        0x00000000   Number         0  main.o ABSOLUTE
    _printf_flags                            0x00000000   Number         0  printf_stubs.o ABSOLUTE
    _printf_return_value                     0x00000000   Number         0  printf_stubs.o ABSOLUTE
    _printf_sizespec                         0x00000000   Number         0  printf_stubs.o ABSOLUTE
    _printf_widthprec                        0x00000000   Number         0  printf_stubs.o ABSOLUTE
    __ARM_exceptions_init                     - Undefined Weak Reference
    __alloca_initialize                       - Undefined Weak Reference
    __arm_fini_                               - Undefined Weak Reference
    __arm_preinit_                            - Undefined Weak Reference
    __cpp_initialize__aeabi_                  - Undefined Weak Reference
    __cxa_finalize                            - Undefined Weak Reference
    __sigvec_lookup                           - Undefined Weak Reference
    _atexit_init                              - Undefined Weak Reference
    _call_atexit_fns                          - Undefined Weak Reference
    _clock_init                               - Undefined Weak Reference
    _fp_trap_init                             - Undefined Weak Reference
    _fp_trap_shutdown                         - Undefined Weak Reference
    _get_lc_collate                           - Undefined Weak Reference
    _get_lc_monetary                          - Undefined Weak Reference
    _get_lc_time                              - Undefined Weak Reference
    _getenv_init                              - Undefined Weak Reference
    _handle_redirection                       - Undefined Weak Reference
    _init_alloc                               - Undefined Weak Reference
    _init_user_alloc                          - Undefined Weak Reference
    _initio                                   - Undefined Weak Reference
    _printf_mbtowc                            - Undefined Weak Reference
    _printf_wc                                - Undefined Weak Reference
    _rand_init                                - Undefined Weak Reference
    _signal_finish                            - Undefined Weak Reference
    _signal_init                              - Undefined Weak Reference
    _terminate_alloc                          - Undefined Weak Reference
    _terminate_user_alloc                     - Undefined Weak Reference
    _terminateio                              - Undefined Weak Reference
    __Vectors_Size                           0x00000130   Number         0  startup_stm32f10x_hd.o ABSOLUTE
    __Vectors                                0x08000000   Data           4  startup_stm32f10x_hd.o(RESET)
    __Vectors_End                            0x08000130   Data           0  startup_stm32f10x_hd.o(RESET)
    __main                                   0x08000131   Thumb Code     8  __main.o(!!!main)
    __scatterload                            0x08000139   Thumb Code     0  __scatter.o(!!!scatter)
    __scatterload_rt2                        0x08000139   Thumb Code    44  __scatter.o(!!!scatter)
    __scatterload_rt2_thumb_only             0x08000139   Thumb Code     0  __scatter.o(!!!scatter)
    __scatterload_null                       0x08000147   Thumb Code     0  __scatter.o(!!!scatter)
    __decompress                             0x0800016d   Thumb Code   100  __dclz77c.o(!!dclz77c)
    __decompress2                            0x0800016d   Thumb Code     0  __dclz77c.o(!!dclz77c)
    __scatterload_zeroinit                   0x080001d1   Thumb Code    28  __scatter_zi.o(!!handler_zi)
    _printf_n                                0x080001ed   Thumb Code     0  _printf_n.o(.ARM.Collect$$_printf_percent$$00000001)
    _printf_percent                          0x080001ed   Thumb Code     0  _printf_percent.o(.ARM.Collect$$_printf_percent$$00000000)
    _printf_p                                0x080001f3   Thumb Code     0  _printf_p.o(.ARM.Collect$$_printf_percent$$00000002)
    _printf_f                                0x080001f9   Thumb Code     0  _printf_f.o(.ARM.Collect$$_printf_percent$$00000003)
    _printf_e                                0x080001ff   Thumb Code     0  _printf_e.o(.ARM.Collect$$_printf_percent$$00000004)
    _printf_g                                0x08000205   Thumb Code     0  _printf_g.o(.ARM.Collect$$_printf_percent$$00000005)
    _printf_a                                0x0800020b   Thumb Code     0  _printf_a.o(.ARM.Collect$$_printf_percent$$00000006)
    _printf_ll                               0x08000211   Thumb Code     0  _printf_ll.o(.ARM.Collect$$_printf_percent$$00000007)
    _printf_i                                0x0800021b   Thumb Code     0  _printf_i.o(.ARM.Collect$$_printf_percent$$00000008)
    _printf_d                                0x08000221   Thumb Code     0  _printf_d.o(.ARM.Collect$$_printf_percent$$00000009)
    _printf_u                                0x08000227   Thumb Code     0  _printf_u.o(.ARM.Collect$$_printf_percent$$0000000A)
    _printf_o                                0x0800022d   Thumb Code     0  _printf_o.o(.ARM.Collect$$_printf_percent$$0000000B)
    _printf_x                                0x08000233   Thumb Code     0  _printf_x.o(.ARM.Collect$$_printf_percent$$0000000C)
    _printf_lli                              0x08000239   Thumb Code     0  _printf_lli.o(.ARM.Collect$$_printf_percent$$0000000D)
    _printf_lld                              0x0800023f   Thumb Code     0  _printf_lld.o(.ARM.Collect$$_printf_percent$$0000000E)
    _printf_llu                              0x08000245   Thumb Code     0  _printf_llu.o(.ARM.Collect$$_printf_percent$$0000000F)
    _printf_llo                              0x0800024b   Thumb Code     0  _printf_llo.o(.ARM.Collect$$_printf_percent$$00000010)
    _printf_llx                              0x08000251   Thumb Code     0  _printf_llx.o(.ARM.Collect$$_printf_percent$$00000011)
    _printf_l                                0x08000257   Thumb Code     0  _printf_l.o(.ARM.Collect$$_printf_percent$$00000012)
    _printf_c                                0x08000261   Thumb Code     0  _printf_c.o(.ARM.Collect$$_printf_percent$$00000013)
    _printf_s                                0x08000267   Thumb Code     0  _printf_s.o(.ARM.Collect$$_printf_percent$$00000014)
    _printf_lc                               0x0800026d   Thumb Code     0  _printf_lc.o(.ARM.Collect$$_printf_percent$$00000015)
    _printf_ls                               0x08000273   Thumb Code     0  _printf_ls.o(.ARM.Collect$$_printf_percent$$00000016)
    _printf_percent_end                      0x08000279   Thumb Code     0  _printf_percent_end.o(.ARM.Collect$$_printf_percent$$00000017)
    __rt_lib_init                            0x0800027d   Thumb Code     0  libinit.o(.ARM.Collect$$libinit$$00000000)
    __rt_lib_init_fp_1                       0x0800027f   Thumb Code     0  libinit2.o(.ARM.Collect$$libinit$$00000002)
    __rt_lib_init_heap_1                     0x0800027f   Thumb Code     0  libinit2.o(.ARM.Collect$$libinit$$0000000A)
    __rt_lib_init_lc_common                  0x0800027f   Thumb Code     0  libinit2.o(.ARM.Collect$$libinit$$0000000F)
    __rt_lib_init_preinit_1                  0x0800027f   Thumb Code     0  libinit2.o(.ARM.Collect$$libinit$$00000004)
    __rt_lib_init_rand_1                     0x0800027f   Thumb Code     0  libinit2.o(.ARM.Collect$$libinit$$0000000E)
    __rt_lib_init_user_alloc_1               0x0800027f   Thumb Code     0  libinit2.o(.ARM.Collect$$libinit$$0000000C)
    __rt_lib_init_lc_collate_1               0x08000285   Thumb Code     0  libinit2.o(.ARM.Collect$$libinit$$00000011)
    __rt_lib_init_lc_ctype_2                 0x08000285   Thumb Code     0  libinit2.o(.ARM.Collect$$libinit$$00000012)
    __rt_lib_init_lc_ctype_1                 0x08000291   Thumb Code     0  libinit2.o(.ARM.Collect$$libinit$$00000013)
    __rt_lib_init_lc_monetary_1              0x08000291   Thumb Code     0  libinit2.o(.ARM.Collect$$libinit$$00000015)
    __rt_lib_init_lc_numeric_2               0x08000291   Thumb Code     0  libinit2.o(.ARM.Collect$$libinit$$00000016)
    __rt_lib_init_alloca_1                   0x0800029b   Thumb Code     0  libinit2.o(.ARM.Collect$$libinit$$0000002E)
    __rt_lib_init_argv_1                     0x0800029b   Thumb Code     0  libinit2.o(.ARM.Collect$$libinit$$0000002C)
    __rt_lib_init_atexit_1                   0x0800029b   Thumb Code     0  libinit2.o(.ARM.Collect$$libinit$$0000001B)
    __rt_lib_init_clock_1                    0x0800029b   Thumb Code     0  libinit2.o(.ARM.Collect$$libinit$$00000021)
    __rt_lib_init_cpp_1                      0x0800029b   Thumb Code     0  libinit2.o(.ARM.Collect$$libinit$$00000032)
    __rt_lib_init_exceptions_1               0x0800029b   Thumb Code     0  libinit2.o(.ARM.Collect$$libinit$$00000030)
    __rt_lib_init_fp_trap_1                  0x0800029b   Thumb Code     0  libinit2.o(.ARM.Collect$$libinit$$0000001F)
    __rt_lib_init_getenv_1                   0x0800029b   Thumb Code     0  libinit2.o(.ARM.Collect$$libinit$$00000023)
    __rt_lib_init_lc_numeric_1               0x0800029b   Thumb Code     0  libinit2.o(.ARM.Collect$$libinit$$00000017)
    __rt_lib_init_lc_time_1                  0x0800029b   Thumb Code     0  libinit2.o(.ARM.Collect$$libinit$$00000019)
    __rt_lib_init_return                     0x0800029b   Thumb Code     0  libinit2.o(.ARM.Collect$$libinit$$00000033)
    __rt_lib_init_signal_1                   0x0800029b   Thumb Code     0  libinit2.o(.ARM.Collect$$libinit$$0000001D)
    __rt_lib_init_stdio_1                    0x0800029b   Thumb Code     0  libinit2.o(.ARM.Collect$$libinit$$00000025)
    __rt_lib_shutdown                        0x0800029d   Thumb Code     0  libshutdown.o(.ARM.Collect$$libshutdown$$00000000)
    __rt_lib_shutdown_cpp_1                  0x0800029f   Thumb Code     0  libshutdown2.o(.ARM.Collect$$libshutdown$$00000004)
    __rt_lib_shutdown_fini_1                 0x0800029f   Thumb Code     0  libshutdown2.o(.ARM.Collect$$libshutdown$$00000002)
    __rt_lib_shutdown_fp_trap_1              0x0800029f   Thumb Code     0  libshutdown2.o(.ARM.Collect$$libshutdown$$00000009)
    __rt_lib_shutdown_heap_1                 0x0800029f   Thumb Code     0  libshutdown2.o(.ARM.Collect$$libshutdown$$00000011)
    __rt_lib_shutdown_return                 0x0800029f   Thumb Code     0  libshutdown2.o(.ARM.Collect$$libshutdown$$00000012)
    __rt_lib_shutdown_signal_1               0x0800029f   Thumb Code     0  libshutdown2.o(.ARM.Collect$$libshutdown$$0000000C)
    __rt_lib_shutdown_stdio_1                0x0800029f   Thumb Code     0  libshutdown2.o(.ARM.Collect$$libshutdown$$00000006)
    __rt_lib_shutdown_user_alloc_1           0x0800029f   Thumb Code     0  libshutdown2.o(.ARM.Collect$$libshutdown$$0000000E)
    __rt_entry                               0x080002a1   Thumb Code     0  __rtentry.o(.ARM.Collect$$rtentry$$00000000)
    __rt_entry_presh_1                       0x080002a1   Thumb Code     0  __rtentry2.o(.ARM.Collect$$rtentry$$00000002)
    __rt_entry_sh                            0x080002a1   Thumb Code     0  __rtentry4.o(.ARM.Collect$$rtentry$$00000004)
    __rt_entry_li                            0x080002a7   Thumb Code     0  __rtentry2.o(.ARM.Collect$$rtentry$$0000000A)
    __rt_entry_postsh_1                      0x080002a7   Thumb Code     0  __rtentry2.o(.ARM.Collect$$rtentry$$00000009)
    __rt_entry_main                          0x080002ab   Thumb Code     0  __rtentry2.o(.ARM.Collect$$rtentry$$0000000D)
    __rt_entry_postli_1                      0x080002ab   Thumb Code     0  __rtentry2.o(.ARM.Collect$$rtentry$$0000000C)
    __rt_exit                                0x080002b3   Thumb Code     0  rtexit.o(.ARM.Collect$$rtexit$$00000000)
    __rt_exit_ls                             0x080002b5   Thumb Code     0  rtexit2.o(.ARM.Collect$$rtexit$$00000003)
    __rt_exit_prels_1                        0x080002b5   Thumb Code     0  rtexit2.o(.ARM.Collect$$rtexit$$00000002)
    __rt_exit_exit                           0x080002b9   Thumb Code     0  rtexit2.o(.ARM.Collect$$rtexit$$00000004)
    Reset_Handler                            0x080002c1   Thumb Code     8  startup_stm32f10x_hd.o(.text)
    ADC1_2_IRQHandler                        0x080002db   Thumb Code     0  startup_stm32f10x_hd.o(.text)
    ADC3_IRQHandler                          0x080002db   Thumb Code     0  startup_stm32f10x_hd.o(.text)
    CAN1_RX1_IRQHandler                      0x080002db   Thumb Code     0  startup_stm32f10x_hd.o(.text)
    CAN1_SCE_IRQHandler                      0x080002db   Thumb Code     0  startup_stm32f10x_hd.o(.text)
    DMA1_Channel1_IRQHandler                 0x080002db   Thumb Code     0  startup_stm32f10x_hd.o(.text)
    DMA1_Channel2_IRQHandler                 0x080002db   Thumb Code     0  startup_stm32f10x_hd.o(.text)
    DMA1_Channel3_IRQHandler                 0x080002db   Thumb Code     0  startup_stm32f10x_hd.o(.text)
    DMA1_Channel4_IRQHandler                 0x080002db   Thumb Code     0  startup_stm32f10x_hd.o(.text)
    DMA1_Channel5_IRQHandler                 0x080002db   Thumb Code     0  startup_stm32f10x_hd.o(.text)
    DMA1_Channel6_IRQHandler                 0x080002db   Thumb Code     0  startup_stm32f10x_hd.o(.text)
    DMA1_Channel7_IRQHandler                 0x080002db   Thumb Code     0  startup_stm32f10x_hd.o(.text)
    DMA2_Channel1_IRQHandler                 0x080002db   Thumb Code     0  startup_stm32f10x_hd.o(.text)
    DMA2_Channel2_IRQHandler                 0x080002db   Thumb Code     0  startup_stm32f10x_hd.o(.text)
    DMA2_Channel3_IRQHandler                 0x080002db   Thumb Code     0  startup_stm32f10x_hd.o(.text)
    DMA2_Channel4_5_IRQHandler               0x080002db   Thumb Code     0  startup_stm32f10x_hd.o(.text)
    EXTI0_IRQHandler                         0x080002db   Thumb Code     0  startup_stm32f10x_hd.o(.text)
    EXTI15_10_IRQHandler                     0x080002db   Thumb Code     0  startup_stm32f10x_hd.o(.text)
    EXTI1_IRQHandler                         0x080002db   Thumb Code     0  startup_stm32f10x_hd.o(.text)
    EXTI2_IRQHandler                         0x080002db   Thumb Code     0  startup_stm32f10x_hd.o(.text)
    EXTI3_IRQHandler                         0x080002db   Thumb Code     0  startup_stm32f10x_hd.o(.text)
    EXTI4_IRQHandler                         0x080002db   Thumb Code     0  startup_stm32f10x_hd.o(.text)
    EXTI9_5_IRQHandler                       0x080002db   Thumb Code     0  startup_stm32f10x_hd.o(.text)
    FLASH_IRQHandler                         0x080002db   Thumb Code     0  startup_stm32f10x_hd.o(.text)
    FSMC_IRQHandler                          0x080002db   Thumb Code     0  startup_stm32f10x_hd.o(.text)
    I2C1_ER_IRQHandler                       0x080002db   Thumb Code     0  startup_stm32f10x_hd.o(.text)
    I2C1_EV_IRQHandler                       0x080002db   Thumb Code     0  startup_stm32f10x_hd.o(.text)
    I2C2_ER_IRQHandler                       0x080002db   Thumb Code     0  startup_stm32f10x_hd.o(.text)
    I2C2_EV_IRQHandler                       0x080002db   Thumb Code     0  startup_stm32f10x_hd.o(.text)
    PVD_IRQHandler                           0x080002db   Thumb Code     0  startup_stm32f10x_hd.o(.text)
    RCC_IRQHandler                           0x080002db   Thumb Code     0  startup_stm32f10x_hd.o(.text)
    RTCAlarm_IRQHandler                      0x080002db   Thumb Code     0  startup_stm32f10x_hd.o(.text)
    RTC_IRQHandler                           0x080002db   Thumb Code     0  startup_stm32f10x_hd.o(.text)
    SDIO_IRQHandler                          0x080002db   Thumb Code     0  startup_stm32f10x_hd.o(.text)
    SPI1_IRQHandler                          0x080002db   Thumb Code     0  startup_stm32f10x_hd.o(.text)
    SPI2_IRQHandler                          0x080002db   Thumb Code     0  startup_stm32f10x_hd.o(.text)
    SPI3_IRQHandler                          0x080002db   Thumb Code     0  startup_stm32f10x_hd.o(.text)
    TAMPER_IRQHandler                        0x080002db   Thumb Code     0  startup_stm32f10x_hd.o(.text)
    TIM1_BRK_IRQHandler                      0x080002db   Thumb Code     0  startup_stm32f10x_hd.o(.text)
    TIM1_CC_IRQHandler                       0x080002db   Thumb Code     0  startup_stm32f10x_hd.o(.text)
    TIM1_TRG_COM_IRQHandler                  0x080002db   Thumb Code     0  startup_stm32f10x_hd.o(.text)
    TIM1_UP_IRQHandler                       0x080002db   Thumb Code     0  startup_stm32f10x_hd.o(.text)
    TIM2_IRQHandler                          0x080002db   Thumb Code     0  startup_stm32f10x_hd.o(.text)
    TIM3_IRQHandler                          0x080002db   Thumb Code     0  startup_stm32f10x_hd.o(.text)
    TIM5_IRQHandler                          0x080002db   Thumb Code     0  startup_stm32f10x_hd.o(.text)
    TIM6_IRQHandler                          0x080002db   Thumb Code     0  startup_stm32f10x_hd.o(.text)
    TIM7_IRQHandler                          0x080002db   Thumb Code     0  startup_stm32f10x_hd.o(.text)
    TIM8_BRK_IRQHandler                      0x080002db   Thumb Code     0  startup_stm32f10x_hd.o(.text)
    TIM8_CC_IRQHandler                       0x080002db   Thumb Code     0  startup_stm32f10x_hd.o(.text)
    TIM8_TRG_COM_IRQHandler                  0x080002db   Thumb Code     0  startup_stm32f10x_hd.o(.text)
    TIM8_UP_IRQHandler                       0x080002db   Thumb Code     0  startup_stm32f10x_hd.o(.text)
    UART5_IRQHandler                         0x080002db   Thumb Code     0  startup_stm32f10x_hd.o(.text)
    USART1_IRQHandler                        0x080002db   Thumb Code     0  startup_stm32f10x_hd.o(.text)
    USART2_IRQHandler                        0x080002db   Thumb Code     0  startup_stm32f10x_hd.o(.text)
    USBWakeUp_IRQHandler                     0x080002db   Thumb Code     0  startup_stm32f10x_hd.o(.text)
    USB_HP_CAN1_TX_IRQHandler                0x080002db   Thumb Code     0  startup_stm32f10x_hd.o(.text)
    USB_LP_CAN1_RX0_IRQHandler               0x080002db   Thumb Code     0  startup_stm32f10x_hd.o(.text)
    WWDG_IRQHandler                          0x080002db   Thumb Code     0  startup_stm32f10x_hd.o(.text)
    __user_initial_stackheap                 0x080002dd   Thumb Code     0  startup_stm32f10x_hd.o(.text)
    vsprintf                                 0x08000301   Thumb Code    32  vsprintf.o(.text)
    __aeabi_memclr4                          0x08000325   Thumb Code     0  rt_memclr_w.o(.text)
    __aeabi_memclr8                          0x08000325   Thumb Code     0  rt_memclr_w.o(.text)
    __rt_memclr_w                            0x08000325   Thumb Code    78  rt_memclr_w.o(.text)
    _memset_w                                0x08000329   Thumb Code     0  rt_memclr_w.o(.text)
    __use_two_region_memory                  0x08000373   Thumb Code     2  heapauxi.o(.text)
    __rt_heap_escrow$2region                 0x08000375   Thumb Code     2  heapauxi.o(.text)
    __rt_heap_expand$2region                 0x08000377   Thumb Code     2  heapauxi.o(.text)
    _printf_pre_padding                      0x08000379   Thumb Code    44  _printf_pad.o(.text)
    _printf_post_padding                     0x080003a5   Thumb Code    34  _printf_pad.o(.text)
    _printf_truncate_signed                  0x080003c7   Thumb Code    18  _printf_truncate.o(.text)
    _printf_truncate_unsigned                0x080003d9   Thumb Code    18  _printf_truncate.o(.text)
    _printf_str                              0x080003eb   Thumb Code    82  _printf_str.o(.text)
    _printf_int_dec                          0x0800043d   Thumb Code   104  _printf_dec.o(.text)
    _printf_charcount                        0x080004b5   Thumb Code    40  _printf_charcount.o(.text)
    _printf_char_common                      0x080004e7   Thumb Code    32  _printf_char_common.o(.text)
    _sputc                                   0x0800050d   Thumb Code    10  _sputc.o(.text)
    _printf_wctomb                           0x08000519   Thumb Code   182  _printf_wctomb.o(.text)
    _printf_longlong_dec                     0x080005d5   Thumb Code   108  _printf_longlong_dec.o(.text)
    _printf_longlong_oct                     0x08000651   Thumb Code    66  _printf_oct_int_ll.o(.text)
    _printf_int_oct                          0x08000693   Thumb Code    24  _printf_oct_int_ll.o(.text)
    _printf_ll_oct                           0x080006ab   Thumb Code    12  _printf_oct_int_ll.o(.text)
    _printf_longlong_hex                     0x080006c1   Thumb Code    86  _printf_hex_int_ll_ptr.o(.text)
    _printf_int_hex                          0x08000717   Thumb Code    28  _printf_hex_int_ll_ptr.o(.text)
    _printf_ll_hex                           0x08000733   Thumb Code    12  _printf_hex_int_ll_ptr.o(.text)
    _printf_hex_ptr                          0x0800073f   Thumb Code    18  _printf_hex_int_ll_ptr.o(.text)
    __printf                                 0x08000755   Thumb Code   388  __printf_flags_ss_wp.o(.text)
    _ll_udiv10                               0x080008dd   Thumb Code   138  lludiv10.o(.text)
    _printf_int_common                       0x08000967   Thumb Code   178  _printf_intcommon.o(.text)
    __lib_sel_fp_printf                      0x08000a19   Thumb Code     2  _printf_fp_dec.o(.text)
    _printf_fp_dec_real                      0x08000bcb   Thumb Code   620  _printf_fp_dec.o(.text)
    _printf_fp_hex_real                      0x08000e39   Thumb Code   756  _printf_fp_hex.o(.text)
    _printf_cs_common                        0x08001135   Thumb Code    20  _printf_char.o(.text)
    _printf_char                             0x08001149   Thumb Code    16  _printf_char.o(.text)
    _printf_string                           0x08001159   Thumb Code     8  _printf_char.o(.text)
    _printf_lcs_common                       0x08001161   Thumb Code    20  _printf_wchar.o(.text)
    _printf_wchar                            0x08001175   Thumb Code    16  _printf_wchar.o(.text)
    _printf_wstring                          0x08001185   Thumb Code     8  _printf_wchar.o(.text)
    _wcrtomb                                 0x0800118d   Thumb Code    64  _wcrtomb.o(.text)
    __user_setup_stackheap                   0x080011cd   Thumb Code    74  sys_stackheap_outer.o(.text)
    __rt_ctype_table                         0x08001219   Thumb Code    16  rt_ctype_table.o(.text)
    __rt_locale                              0x08001229   Thumb Code     8  rt_locale_intlibspace.o(.text)
    _printf_fp_infnan                        0x08001231   Thumb Code   112  _printf_fp_infnan.o(.text)
    _btod_etento                             0x080012b1   Thumb Code   224  bigflt0.o(.text)
    exit                                     0x08001395   Thumb Code    18  exit.o(.text)
    __user_libspace                          0x080013a9   Thumb Code     8  libspace.o(.text)
    __user_perproc_libspace                  0x080013a9   Thumb Code     0  libspace.o(.text)
    __user_perthread_libspace                0x080013a9   Thumb Code     0  libspace.o(.text)
    strcmp                                   0x080013b1   Thumb Code   128  strcmpv7m.o(.text)
    _sys_exit                                0x08001431   Thumb Code     8  sys_exit.o(.text)
    __I$use$semihosting                      0x0800143d   Thumb Code     0  use_no_semi.o(.text)
    __use_no_semihosting_swi                 0x0800143d   Thumb Code     2  use_no_semi.o(.text)
    __semihosting_library_function           0x0800143f   Thumb Code     0  indicate_semi.o(.text)
    _btod_d2e                                0x0800143f   Thumb Code    62  btod.o(CL$$btod_d2e)
    _d2e_denorm_low                          0x0800147d   Thumb Code    70  btod.o(CL$$btod_d2e_denorm_low)
    _d2e_norm_op1                            0x080014c3   Thumb Code    96  btod.o(CL$$btod_d2e_norm_op1)
    __btod_div_common                        0x08001523   Thumb Code   696  btod.o(CL$$btod_div_common)
    _e2e                                     0x0800185b   Thumb Code   220  btod.o(CL$$btod_e2e)
    _btod_ediv                               0x08001937   Thumb Code    42  btod.o(CL$$btod_ediv)
    _btod_emul                               0x08001961   Thumb Code    42  btod.o(CL$$btod_emul)
    __btod_mult_common                       0x0800198b   Thumb Code   580  btod.o(CL$$btod_mult_common)
    Buletooth_Init                           0x08001bd1   Thumb Code   156  bluetooth.o(i.Buletooth_Init)
    BusFault_Handler                         0x08001c75   Thumb Code     4  stm32f10x_it.o(i.BusFault_Handler)
    DebugMon_Handler                         0x08001c79   Thumb Code     2  stm32f10x_it.o(i.DebugMon_Handler)
    Delay_Init                               0x08001c7d   Thumb Code    50  delay.o(i.Delay_Init)
    GPIO_Init                                0x08001cc1   Thumb Code   278  stm32f10x_gpio.o(i.GPIO_Init)
    GPIO_ReadInputDataBit                    0x08001dd7   Thumb Code    18  stm32f10x_gpio.o(i.GPIO_ReadInputDataBit)
    GPIO_SetBits                             0x08001de9   Thumb Code     4  stm32f10x_gpio.o(i.GPIO_SetBits)
    GPIO_WriteBit                            0x08001ded   Thumb Code    10  stm32f10x_gpio.o(i.GPIO_WriteBit)
    Get_bluetoothData                        0x08001df9   Thumb Code    10  bluetooth.o(i.Get_bluetoothData)
    Get_openmvData                           0x08001e0d   Thumb Code    20  openmv_usart.o(i.Get_openmvData)
    HardFault_Handler                        0x08001e29   Thumb Code     4  stm32f10x_it.o(i.HardFault_Handler)
    Key_Init                                 0x08001e2d   Thumb Code    36  key.o(i.Key_Init)
    Led_Init                                 0x08001e55   Thumb Code   126  led.o(i.Led_Init)
    MemManage_Handler                        0x08001edd   Thumb Code     4  stm32f10x_it.o(i.MemManage_Handler)
    NMI_Handler                              0x08001ee1   Thumb Code     2  stm32f10x_it.o(i.NMI_Handler)
    NVIC_Init                                0x08001ee5   Thumb Code   100  misc.o(i.NVIC_Init)
    OLED_Clear                               0x08001f55   Thumb Code    42  oled.o(i.OLED_Clear)
    OLED_I2C_Init                            0x08001f81   Thumb Code    76  oled.o(i.OLED_I2C_Init)
    OLED_I2C_SendByte                        0x08001fd1   Thumb Code    80  oled.o(i.OLED_I2C_SendByte)
    OLED_I2C_Start                           0x08002025   Thumb Code    48  oled.o(i.OLED_I2C_Start)
    OLED_I2C_Stop                            0x08002059   Thumb Code    36  oled.o(i.OLED_I2C_Stop)
    OLED_Init                                0x08002081   Thumb Code   192  oled.o(i.OLED_Init)
    OLED_SetCursor                           0x08002141   Thumb Code    34  oled.o(i.OLED_SetCursor)
    OLED_ShowChar                            0x08002165   Thumb Code   172  oled.o(i.OLED_ShowChar)
    OLED_ShowString                          0x08002215   Thumb Code    44  oled.o(i.OLED_ShowString)
    OLED_WriteCommand                        0x08002241   Thumb Code    32  oled.o(i.OLED_WriteCommand)
    OLED_WriteData                           0x08002261   Thumb Code    32  oled.o(i.OLED_WriteData)
    Openmv_usart_init                        0x08002281   Thumb Code   156  openmv_usart.o(i.Openmv_usart_init)
    PendSV_Handler                           0x08002325   Thumb Code     2  stm32f10x_it.o(i.PendSV_Handler)
    RCC_APB1PeriphClockCmd                   0x08002329   Thumb Code    26  stm32f10x_rcc.o(i.RCC_APB1PeriphClockCmd)
    RCC_APB2PeriphClockCmd                   0x08002349   Thumb Code    26  stm32f10x_rcc.o(i.RCC_APB2PeriphClockCmd)
    RCC_GetClocksFreq                        0x08002369   Thumb Code   192  stm32f10x_rcc.o(i.RCC_GetClocksFreq)
    SVC_Handler                              0x0800243d   Thumb Code     2  stm32f10x_it.o(i.SVC_Handler)
    Servo_Init                               0x08002441   Thumb Code   188  servo.o(i.Servo_Init)
    SysTick_CLKSourceConfig                  0x080025ed   Thumb Code    40  misc.o(i.SysTick_CLKSourceConfig)
    SysTick_Handler                          0x08002615   Thumb Code     2  stm32f10x_it.o(i.SysTick_Handler)
    SystemInit                               0x08002619   Thumb Code    78  system_stm32f10x.o(i.SystemInit)
    TIM4_IRQHandler                          0x08002679   Thumb Code    64  timer.o(i.TIM4_IRQHandler)
    TIM4_Init                                0x080026c5   Thumb Code   102  timer.o(i.TIM4_Init)
    TIM_ARRPreloadConfig                     0x08002731   Thumb Code    24  stm32f10x_tim.o(i.TIM_ARRPreloadConfig)
    TIM_ClearFlag                            0x08002749   Thumb Code     6  stm32f10x_tim.o(i.TIM_ClearFlag)
    TIM_ClearITPendingBit                    0x0800274f   Thumb Code     6  stm32f10x_tim.o(i.TIM_ClearITPendingBit)
    TIM_Cmd                                  0x08002755   Thumb Code    24  stm32f10x_tim.o(i.TIM_Cmd)
    TIM_CtrlPWMOutputs                       0x0800276d   Thumb Code    30  stm32f10x_tim.o(i.TIM_CtrlPWMOutputs)
    TIM_GetITStatus                          0x0800278b   Thumb Code    34  stm32f10x_tim.o(i.TIM_GetITStatus)
    TIM_ITConfig                             0x080027ad   Thumb Code    18  stm32f10x_tim.o(i.TIM_ITConfig)
    TIM_OC1Init                              0x080027c1   Thumb Code   132  stm32f10x_tim.o(i.TIM_OC1Init)
    TIM_OC1PreloadConfig                     0x08002859   Thumb Code    18  stm32f10x_tim.o(i.TIM_OC1PreloadConfig)
    TIM_OC2Init                              0x0800286d   Thumb Code   154  stm32f10x_tim.o(i.TIM_OC2Init)
    TIM_OC2PreloadConfig                     0x08002911   Thumb Code    26  stm32f10x_tim.o(i.TIM_OC2PreloadConfig)
    TIM_SetCompare1                          0x0800292b   Thumb Code     4  stm32f10x_tim.o(i.TIM_SetCompare1)
    TIM_SetCompare2                          0x0800292f   Thumb Code     4  stm32f10x_tim.o(i.TIM_SetCompare2)
    TIM_TimeBaseInit                         0x08002935   Thumb Code   122  stm32f10x_tim.o(i.TIM_TimeBaseInit)
    UART4_IRQHandler                         0x080029d9   Thumb Code   190  bluetooth.o(i.UART4_IRQHandler)
    USART3_IRQHandler                        0x08002aa5   Thumb Code   210  openmv_usart.o(i.USART3_IRQHandler)
    USART_ClearITPendingBit                  0x08002b85   Thumb Code    30  stm32f10x_usart.o(i.USART_ClearITPendingBit)
    USART_Cmd                                0x08002ba3   Thumb Code    24  stm32f10x_usart.o(i.USART_Cmd)
    USART_GetITStatus                        0x08002bbb   Thumb Code    84  stm32f10x_usart.o(i.USART_GetITStatus)
    USART_ITConfig                           0x08002c0f   Thumb Code    74  stm32f10x_usart.o(i.USART_ITConfig)
    USART_Init                               0x08002c59   Thumb Code   210  stm32f10x_usart.o(i.USART_Init)
    USART_ReceiveData                        0x08002d31   Thumb Code    10  stm32f10x_usart.o(i.USART_ReceiveData)
    UsageFault_Handler                       0x08002d3b   Thumb Code     4  stm32f10x_it.o(i.UsageFault_Handler)
    __ARM_fpclassify                         0x08002d3f   Thumb Code    40  fpclassify.o(i.__ARM_fpclassify)
    _is_digit                                0x08002d67   Thumb Code    14  __printf_wp.o(i._is_digit)
    delay_ms                                 0x08002d75   Thumb Code    72  delay.o(i.delay_ms)
    keyScan                                  0x08002dc1   Thumb Code   274  key.o(i.keyScan)
    main                                     0x08002edd   Thumb Code   384  main.o(i.main)
    mainControl                              0x08003109   Thumb Code    50  control.o(i.mainControl)
    oledPrint                                0x08003141   Thumb Code    62  oled.o(i.oledPrint)
    questionFour                             0x08003181   Thumb Code   206  control.o(i.questionFour)
    questionOne                              0x0800326d   Thumb Code    84  control.o(i.questionOne)
    questionThree                            0x080032c9   Thumb Code   244  control.o(i.questionThree)
    questionTwo                              0x080033d9   Thumb Code    86  control.o(i.questionTwo)
    xPid                                     0x08003439   Thumb Code   222  control.o(i.xPid)
    yPid                                     0x0800353d   Thumb Code   222  control.o(i.yPid)
    _get_lc_numeric                          0x08003641   Thumb Code    44  lc_numeric_c.o(locale$$code)
    _get_lc_ctype                            0x0800366d   Thumb Code    44  lc_ctype_c.o(locale$$code)
    __fpl_dretinf                            0x08003699   Thumb Code    12  dretinf.o(x$fpl$dretinf)
    __aeabi_f2d                              0x080036a5   Thumb Code     0  f2d.o(x$fpl$f2d)
    _f2d                                     0x080036a5   Thumb Code    86  f2d.o(x$fpl$f2d)
    __aeabi_fadd                             0x080036fd   Thumb Code     0  faddsub_clz.o(x$fpl$fadd)
    _fadd                                    0x080036fd   Thumb Code   196  faddsub_clz.o(x$fpl$fadd)
    __aeabi_f2iz                             0x080037c1   Thumb Code     0  ffix.o(x$fpl$ffix)
    _ffix                                    0x080037c1   Thumb Code    54  ffix.o(x$fpl$ffix)
    __aeabi_f2uiz                            0x080037f9   Thumb Code     0  ffixu.o(x$fpl$ffixu)
    _ffixu                                   0x080037f9   Thumb Code    62  ffixu.o(x$fpl$ffixu)
    __aeabi_i2f                              0x08003839   Thumb Code     0  fflt_clz.o(x$fpl$fflt)
    _fflt                                    0x08003839   Thumb Code    48  fflt_clz.o(x$fpl$fflt)
    __aeabi_ui2f                             0x08003869   Thumb Code     0  fflt_clz.o(x$fpl$ffltu)
    _ffltu                                   0x08003869   Thumb Code    38  fflt_clz.o(x$fpl$ffltu)
    __aeabi_fmul                             0x08003891   Thumb Code     0  fmul.o(x$fpl$fmul)
    _fmul                                    0x08003891   Thumb Code   258  fmul.o(x$fpl$fmul)
    __fpl_fnaninf                            0x08003993   Thumb Code   140  fnaninf.o(x$fpl$fnaninf)
    __fpl_fretinf                            0x08003a1f   Thumb Code    10  fretinf.o(x$fpl$fretinf)
    __aeabi_fsub                             0x08003a29   Thumb Code     0  faddsub_clz.o(x$fpl$fsub)
    _fsub                                    0x08003a29   Thumb Code   234  faddsub_clz.o(x$fpl$fsub)
    _printf_fp_dec                           0x08003b13   Thumb Code     4  printf1.o(x$fpl$printf1)
    _printf_fp_hex                           0x08003b17   Thumb Code     4  printf2.o(x$fpl$printf2)
    OLED_F8x16                               0x08003b1a   Data        1520  oled.o(.constdata)
    __I$use$fp                               0x08003b1a   Number         0  usenofp.o(x$fpl$usenofp)
    Region$$Table$$Base                      0x08004208   Number         0  anon$$obj.o(Region$$Table)
    Region$$Table$$Limit                     0x08004228   Number         0  anon$$obj.o(Region$$Table)
    __ctype                                  0x08004251   Data           0  lc_ctype_c.o(locale$$data)
    SystemCoreClock                          0x20000004   Data           4  system_stm32f10x.o(.data)
    AHBPrescTable                            0x20000008   Data          16  system_stm32f10x.o(.data)
    oneSecond                                0x20000030   Data           4  timer.o(.data)
    ball                                     0x20000038   Data           2  openmv_usart.o(.data)
    xKp                                      0x20000044   Data           4  control.o(.data)
    xKi                                      0x20000048   Data           4  control.o(.data)
    xKd                                      0x2000004c   Data           4  control.o(.data)
    yKp                                      0x20000050   Data           4  control.o(.data)
    yKi                                      0x20000054   Data           4  control.o(.data)
    yKd                                      0x20000058   Data           4  control.o(.data)
    zone1Tozone4Fory                         0x2000005c   Data         800  control.o(.data)
    zone4Tozone5Forx                         0x2000037c   Data         800  control.o(.data)
    zone1Tozone9Forx                         0x2000069c   Data        1600  control.o(.data)
    zone1Tozone9Fory                         0x20000cdc   Data        1600  control.o(.data)
    ballMove                                 0x20001348   Data           1  bluetooth.o(.data)
    openmv                                   0x20001354   Data          20  openmv_usart.o(.bss)
    blueTooth                                0x20001368   Data          16  bluetooth.o(.bss)
    key                                      0x20001378   Data          24  key.o(.bss)
    __libspace_start                         0x20001390   Data          96  libspace.o(.bss)
    __temporary_stack_top$libspace           0x200013f0   Data           0  libspace.o(.bss)



==============================================================================

Memory Map of the image

  Image Entry point : 0x08000131

  Load Region LR_IROM1 (Base: 0x08000000, Size: 0x000056a8, Max: 0x00010000, ABSOLUTE, COMPRESSED[0x00004508])

    Execution Region ER_IROM1 (Exec base: 0x08000000, Load base: 0x08000000, Size: 0x00004354, Max: 0x00010000, ABSOLUTE)

    Exec Addr    Load Addr    Size         Type   Attr      Idx    E Section Name        Object

    0x08000000   0x08000000   0x00000130   Data   RO          340    RESET               startup_stm32f10x_hd.o
    0x08000130   0x08000130   0x00000008   Code   RO         3774  * !!!main             c_w.l(__main.o)
    0x08000138   0x08000138   0x00000034   Code   RO         4139    !!!scatter          c_w.l(__scatter.o)
    0x0800016c   0x0800016c   0x00000064   Code   RO         4137    !!dclz77c           c_w.l(__dclz77c.o)
    0x080001d0   0x080001d0   0x0000001c   Code   RO         4141    !!handler_zi        c_w.l(__scatter_zi.o)
    0x080001ec   0x080001ec   0x00000000   Code   RO         3890    .ARM.Collect$$_printf_percent$$00000000  c_w.l(_printf_percent.o)
    0x080001ec   0x080001ec   0x00000006   Code   RO         3879    .ARM.Collect$$_printf_percent$$00000001  c_w.l(_printf_n.o)
    0x080001f2   0x080001f2   0x00000006   Code   RO         3881    .ARM.Collect$$_printf_percent$$00000002  c_w.l(_printf_p.o)
    0x080001f8   0x080001f8   0x00000006   Code   RO         3886    .ARM.Collect$$_printf_percent$$00000003  c_w.l(_printf_f.o)
    0x080001fe   0x080001fe   0x00000006   Code   RO         3887    .ARM.Collect$$_printf_percent$$00000004  c_w.l(_printf_e.o)
    0x08000204   0x08000204   0x00000006   Code   RO         3888    .ARM.Collect$$_printf_percent$$00000005  c_w.l(_printf_g.o)
    0x0800020a   0x0800020a   0x00000006   Code   RO         3889    .ARM.Collect$$_printf_percent$$00000006  c_w.l(_printf_a.o)
    0x08000210   0x08000210   0x0000000a   Code   RO         3894    .ARM.Collect$$_printf_percent$$00000007  c_w.l(_printf_ll.o)
    0x0800021a   0x0800021a   0x00000006   Code   RO         3883    .ARM.Collect$$_printf_percent$$00000008  c_w.l(_printf_i.o)
    0x08000220   0x08000220   0x00000006   Code   RO         3884    .ARM.Collect$$_printf_percent$$00000009  c_w.l(_printf_d.o)
    0x08000226   0x08000226   0x00000006   Code   RO         3885    .ARM.Collect$$_printf_percent$$0000000A  c_w.l(_printf_u.o)
    0x0800022c   0x0800022c   0x00000006   Code   RO         3882    .ARM.Collect$$_printf_percent$$0000000B  c_w.l(_printf_o.o)
    0x08000232   0x08000232   0x00000006   Code   RO         3880    .ARM.Collect$$_printf_percent$$0000000C  c_w.l(_printf_x.o)
    0x08000238   0x08000238   0x00000006   Code   RO         3891    .ARM.Collect$$_printf_percent$$0000000D  c_w.l(_printf_lli.o)
    0x0800023e   0x0800023e   0x00000006   Code   RO         3892    .ARM.Collect$$_printf_percent$$0000000E  c_w.l(_printf_lld.o)
    0x08000244   0x08000244   0x00000006   Code   RO         3893    .ARM.Collect$$_printf_percent$$0000000F  c_w.l(_printf_llu.o)
    0x0800024a   0x0800024a   0x00000006   Code   RO         3898    .ARM.Collect$$_printf_percent$$00000010  c_w.l(_printf_llo.o)
    0x08000250   0x08000250   0x00000006   Code   RO         3899    .ARM.Collect$$_printf_percent$$00000011  c_w.l(_printf_llx.o)
    0x08000256   0x08000256   0x0000000a   Code   RO         3895    .ARM.Collect$$_printf_percent$$00000012  c_w.l(_printf_l.o)
    0x08000260   0x08000260   0x00000006   Code   RO         3877    .ARM.Collect$$_printf_percent$$00000013  c_w.l(_printf_c.o)
    0x08000266   0x08000266   0x00000006   Code   RO         3878    .ARM.Collect$$_printf_percent$$00000014  c_w.l(_printf_s.o)
    0x0800026c   0x0800026c   0x00000006   Code   RO         3896    .ARM.Collect$$_printf_percent$$00000015  c_w.l(_printf_lc.o)
    0x08000272   0x08000272   0x00000006   Code   RO         3897    .ARM.Collect$$_printf_percent$$00000016  c_w.l(_printf_ls.o)
    0x08000278   0x08000278   0x00000004   Code   RO         3947    .ARM.Collect$$_printf_percent$$00000017  c_w.l(_printf_percent_end.o)
    0x0800027c   0x0800027c   0x00000002   Code   RO         3996    .ARM.Collect$$libinit$$00000000  c_w.l(libinit.o)
    0x0800027e   0x0800027e   0x00000000   Code   RO         4012    .ARM.Collect$$libinit$$00000002  c_w.l(libinit2.o)
    0x0800027e   0x0800027e   0x00000000   Code   RO         4014    .ARM.Collect$$libinit$$00000004  c_w.l(libinit2.o)
    0x0800027e   0x0800027e   0x00000000   Code   RO         4017    .ARM.Collect$$libinit$$0000000A  c_w.l(libinit2.o)
    0x0800027e   0x0800027e   0x00000000   Code   RO         4019    .ARM.Collect$$libinit$$0000000C  c_w.l(libinit2.o)
    0x0800027e   0x0800027e   0x00000000   Code   RO         4021    .ARM.Collect$$libinit$$0000000E  c_w.l(libinit2.o)
    0x0800027e   0x0800027e   0x00000006   Code   RO         4022    .ARM.Collect$$libinit$$0000000F  c_w.l(libinit2.o)
    0x08000284   0x08000284   0x00000000   Code   RO         4024    .ARM.Collect$$libinit$$00000011  c_w.l(libinit2.o)
    0x08000284   0x08000284   0x0000000c   Code   RO         4025    .ARM.Collect$$libinit$$00000012  c_w.l(libinit2.o)
    0x08000290   0x08000290   0x00000000   Code   RO         4026    .ARM.Collect$$libinit$$00000013  c_w.l(libinit2.o)
    0x08000290   0x08000290   0x00000000   Code   RO         4028    .ARM.Collect$$libinit$$00000015  c_w.l(libinit2.o)
    0x08000290   0x08000290   0x0000000a   Code   RO         4029    .ARM.Collect$$libinit$$00000016  c_w.l(libinit2.o)
    0x0800029a   0x0800029a   0x00000000   Code   RO         4030    .ARM.Collect$$libinit$$00000017  c_w.l(libinit2.o)
    0x0800029a   0x0800029a   0x00000000   Code   RO         4032    .ARM.Collect$$libinit$$00000019  c_w.l(libinit2.o)
    0x0800029a   0x0800029a   0x00000000   Code   RO         4034    .ARM.Collect$$libinit$$0000001B  c_w.l(libinit2.o)
    0x0800029a   0x0800029a   0x00000000   Code   RO         4036    .ARM.Collect$$libinit$$0000001D  c_w.l(libinit2.o)
    0x0800029a   0x0800029a   0x00000000   Code   RO         4038    .ARM.Collect$$libinit$$0000001F  c_w.l(libinit2.o)
    0x0800029a   0x0800029a   0x00000000   Code   RO         4040    .ARM.Collect$$libinit$$00000021  c_w.l(libinit2.o)
    0x0800029a   0x0800029a   0x00000000   Code   RO         4042    .ARM.Collect$$libinit$$00000023  c_w.l(libinit2.o)
    0x0800029a   0x0800029a   0x00000000   Code   RO         4044    .ARM.Collect$$libinit$$00000025  c_w.l(libinit2.o)
    0x0800029a   0x0800029a   0x00000000   Code   RO         4048    .ARM.Collect$$libinit$$0000002C  c_w.l(libinit2.o)
    0x0800029a   0x0800029a   0x00000000   Code   RO         4050    .ARM.Collect$$libinit$$0000002E  c_w.l(libinit2.o)
    0x0800029a   0x0800029a   0x00000000   Code   RO         4052    .ARM.Collect$$libinit$$00000030  c_w.l(libinit2.o)
    0x0800029a   0x0800029a   0x00000000   Code   RO         4054    .ARM.Collect$$libinit$$00000032  c_w.l(libinit2.o)
    0x0800029a   0x0800029a   0x00000002   Code   RO         4055    .ARM.Collect$$libinit$$00000033  c_w.l(libinit2.o)
    0x0800029c   0x0800029c   0x00000002   Code   RO         4075    .ARM.Collect$$libshutdown$$00000000  c_w.l(libshutdown.o)
    0x0800029e   0x0800029e   0x00000000   Code   RO         4088    .ARM.Collect$$libshutdown$$00000002  c_w.l(libshutdown2.o)
    0x0800029e   0x0800029e   0x00000000   Code   RO         4090    .ARM.Collect$$libshutdown$$00000004  c_w.l(libshutdown2.o)
    0x0800029e   0x0800029e   0x00000000   Code   RO         4092    .ARM.Collect$$libshutdown$$00000006  c_w.l(libshutdown2.o)
    0x0800029e   0x0800029e   0x00000000   Code   RO         4095    .ARM.Collect$$libshutdown$$00000009  c_w.l(libshutdown2.o)
    0x0800029e   0x0800029e   0x00000000   Code   RO         4098    .ARM.Collect$$libshutdown$$0000000C  c_w.l(libshutdown2.o)
    0x0800029e   0x0800029e   0x00000000   Code   RO         4100    .ARM.Collect$$libshutdown$$0000000E  c_w.l(libshutdown2.o)
    0x0800029e   0x0800029e   0x00000000   Code   RO         4103    .ARM.Collect$$libshutdown$$00000011  c_w.l(libshutdown2.o)
    0x0800029e   0x0800029e   0x00000002   Code   RO         4104    .ARM.Collect$$libshutdown$$00000012  c_w.l(libshutdown2.o)
    0x080002a0   0x080002a0   0x00000000   Code   RO         3808    .ARM.Collect$$rtentry$$00000000  c_w.l(__rtentry.o)
    0x080002a0   0x080002a0   0x00000000   Code   RO         3918    .ARM.Collect$$rtentry$$00000002  c_w.l(__rtentry2.o)
    0x080002a0   0x080002a0   0x00000006   Code   RO         3930    .ARM.Collect$$rtentry$$00000004  c_w.l(__rtentry4.o)
    0x080002a6   0x080002a6   0x00000000   Code   RO         3920    .ARM.Collect$$rtentry$$00000009  c_w.l(__rtentry2.o)
    0x080002a6   0x080002a6   0x00000004   Code   RO         3921    .ARM.Collect$$rtentry$$0000000A  c_w.l(__rtentry2.o)
    0x080002aa   0x080002aa   0x00000000   Code   RO         3923    .ARM.Collect$$rtentry$$0000000C  c_w.l(__rtentry2.o)
    0x080002aa   0x080002aa   0x00000008   Code   RO         3924    .ARM.Collect$$rtentry$$0000000D  c_w.l(__rtentry2.o)
    0x080002b2   0x080002b2   0x00000002   Code   RO         4004    .ARM.Collect$$rtexit$$00000000  c_w.l(rtexit.o)
    0x080002b4   0x080002b4   0x00000000   Code   RO         4057    .ARM.Collect$$rtexit$$00000002  c_w.l(rtexit2.o)
    0x080002b4   0x080002b4   0x00000004   Code   RO         4058    .ARM.Collect$$rtexit$$00000003  c_w.l(rtexit2.o)
    0x080002b8   0x080002b8   0x00000006   Code   RO         4059    .ARM.Collect$$rtexit$$00000004  c_w.l(rtexit2.o)
    0x080002be   0x080002be   0x00000002   PAD
    0x080002c0   0x080002c0   0x00000040   Code   RO          341    .text               startup_stm32f10x_hd.o
    0x08000300   0x08000300   0x00000024   Code   RO         3768    .text               c_w.l(vsprintf.o)
    0x08000324   0x08000324   0x0000004e   Code   RO         3770    .text               c_w.l(rt_memclr_w.o)
    0x08000372   0x08000372   0x00000006   Code   RO         3772    .text               c_w.l(heapauxi.o)
    0x08000378   0x08000378   0x0000004e   Code   RO         3811    .text               c_w.l(_printf_pad.o)
    0x080003c6   0x080003c6   0x00000024   Code   RO         3813    .text               c_w.l(_printf_truncate.o)
    0x080003ea   0x080003ea   0x00000052   Code   RO         3815    .text               c_w.l(_printf_str.o)
    0x0800043c   0x0800043c   0x00000078   Code   RO         3817    .text               c_w.l(_printf_dec.o)
    0x080004b4   0x080004b4   0x00000028   Code   RO         3819    .text               c_w.l(_printf_charcount.o)
    0x080004dc   0x080004dc   0x00000030   Code   RO         3821    .text               c_w.l(_printf_char_common.o)
    0x0800050c   0x0800050c   0x0000000a   Code   RO         3823    .text               c_w.l(_sputc.o)
    0x08000516   0x08000516   0x00000002   PAD
    0x08000518   0x08000518   0x000000bc   Code   RO         3825    .text               c_w.l(_printf_wctomb.o)
    0x080005d4   0x080005d4   0x0000007c   Code   RO         3828    .text               c_w.l(_printf_longlong_dec.o)
    0x08000650   0x08000650   0x00000070   Code   RO         3834    .text               c_w.l(_printf_oct_int_ll.o)
    0x080006c0   0x080006c0   0x00000094   Code   RO         3854    .text               c_w.l(_printf_hex_int_ll_ptr.o)
    0x08000754   0x08000754   0x00000188   Code   RO         3874    .text               c_w.l(__printf_flags_ss_wp.o)
    0x080008dc   0x080008dc   0x0000008a   Code   RO         3932    .text               c_w.l(lludiv10.o)
    0x08000966   0x08000966   0x000000b2   Code   RO         3934    .text               c_w.l(_printf_intcommon.o)
    0x08000a18   0x08000a18   0x0000041e   Code   RO         3936    .text               c_w.l(_printf_fp_dec.o)
    0x08000e36   0x08000e36   0x00000002   PAD
    0x08000e38   0x08000e38   0x000002fc   Code   RO         3938    .text               c_w.l(_printf_fp_hex.o)
    0x08001134   0x08001134   0x0000002c   Code   RO         3943    .text               c_w.l(_printf_char.o)
    0x08001160   0x08001160   0x0000002c   Code   RO         3945    .text               c_w.l(_printf_wchar.o)
    0x0800118c   0x0800118c   0x00000040   Code   RO         3948    .text               c_w.l(_wcrtomb.o)
    0x080011cc   0x080011cc   0x0000004a   Code   RO         3950    .text               c_w.l(sys_stackheap_outer.o)
    0x08001216   0x08001216   0x00000002   PAD
    0x08001218   0x08001218   0x00000010   Code   RO         3952    .text               c_w.l(rt_ctype_table.o)
    0x08001228   0x08001228   0x00000008   Code   RO         3957    .text               c_w.l(rt_locale_intlibspace.o)
    0x08001230   0x08001230   0x00000080   Code   RO         3959    .text               c_w.l(_printf_fp_infnan.o)
    0x080012b0   0x080012b0   0x000000e4   Code   RO         3961    .text               c_w.l(bigflt0.o)
    0x08001394   0x08001394   0x00000012   Code   RO         3989    .text               c_w.l(exit.o)
    0x080013a6   0x080013a6   0x00000002   PAD
    0x080013a8   0x080013a8   0x00000008   Code   RO         4001    .text               c_w.l(libspace.o)
    0x080013b0   0x080013b0   0x00000080   Code   RO         4009    .text               c_w.l(strcmpv7m.o)
    0x08001430   0x08001430   0x0000000c   Code   RO         4067    .text               c_w.l(sys_exit.o)
    0x0800143c   0x0800143c   0x00000002   Code   RO         4078    .text               c_w.l(use_no_semi.o)
    0x0800143e   0x0800143e   0x00000000   Code   RO         4080    .text               c_w.l(indicate_semi.o)
    0x0800143e   0x0800143e   0x0000003e   Code   RO         3964    CL$$btod_d2e        c_w.l(btod.o)
    0x0800147c   0x0800147c   0x00000046   Code   RO         3966    CL$$btod_d2e_denorm_low  c_w.l(btod.o)
    0x080014c2   0x080014c2   0x00000060   Code   RO         3965    CL$$btod_d2e_norm_op1  c_w.l(btod.o)
    0x08001522   0x08001522   0x00000338   Code   RO         3974    CL$$btod_div_common  c_w.l(btod.o)
    0x0800185a   0x0800185a   0x000000dc   Code   RO         3971    CL$$btod_e2e        c_w.l(btod.o)
    0x08001936   0x08001936   0x0000002a   Code   RO         3968    CL$$btod_ediv       c_w.l(btod.o)
    0x08001960   0x08001960   0x0000002a   Code   RO         3967    CL$$btod_emul       c_w.l(btod.o)
    0x0800198a   0x0800198a   0x00000244   Code   RO         3973    CL$$btod_mult_common  c_w.l(btod.o)
    0x08001bce   0x08001bce   0x00000002   PAD
    0x08001bd0   0x08001bd0   0x000000a4   Code   RO         3703    i.Buletooth_Init    bluetooth.o
    0x08001c74   0x08001c74   0x00000004   Code   RO          147    i.BusFault_Handler  stm32f10x_it.o
    0x08001c78   0x08001c78   0x00000002   Code   RO          148    i.DebugMon_Handler  stm32f10x_it.o
    0x08001c7a   0x08001c7a   0x00000002   PAD
    0x08001c7c   0x08001c7c   0x00000044   Code   RO         3338    i.Delay_Init        delay.o
    0x08001cc0   0x08001cc0   0x00000116   Code   RO         1522    i.GPIO_Init         stm32f10x_gpio.o
    0x08001dd6   0x08001dd6   0x00000012   Code   RO         1526    i.GPIO_ReadInputDataBit  stm32f10x_gpio.o
    0x08001de8   0x08001de8   0x00000004   Code   RO         1530    i.GPIO_SetBits      stm32f10x_gpio.o
    0x08001dec   0x08001dec   0x0000000a   Code   RO         1533    i.GPIO_WriteBit     stm32f10x_gpio.o
    0x08001df6   0x08001df6   0x00000002   PAD
    0x08001df8   0x08001df8   0x00000014   Code   RO         3704    i.Get_bluetoothData  bluetooth.o
    0x08001e0c   0x08001e0c   0x0000001c   Code   RO         3610    i.Get_openmvData    openmv_usart.o
    0x08001e28   0x08001e28   0x00000004   Code   RO          149    i.HardFault_Handler  stm32f10x_it.o
    0x08001e2c   0x08001e2c   0x00000028   Code   RO         3738    i.Key_Init          key.o
    0x08001e54   0x08001e54   0x00000088   Code   RO         3435    i.Led_Init          led.o
    0x08001edc   0x08001edc   0x00000004   Code   RO          150    i.MemManage_Handler  stm32f10x_it.o
    0x08001ee0   0x08001ee0   0x00000002   Code   RO          151    i.NMI_Handler       stm32f10x_it.o
    0x08001ee2   0x08001ee2   0x00000002   PAD
    0x08001ee4   0x08001ee4   0x00000070   Code   RO          345    i.NVIC_Init         misc.o
    0x08001f54   0x08001f54   0x0000002a   Code   RO         3451    i.OLED_Clear        oled.o
    0x08001f7e   0x08001f7e   0x00000002   PAD
    0x08001f80   0x08001f80   0x00000050   Code   RO         3452    i.OLED_I2C_Init     oled.o
    0x08001fd0   0x08001fd0   0x00000054   Code   RO         3453    i.OLED_I2C_SendByte  oled.o
    0x08002024   0x08002024   0x00000034   Code   RO         3454    i.OLED_I2C_Start    oled.o
    0x08002058   0x08002058   0x00000028   Code   RO         3455    i.OLED_I2C_Stop     oled.o
    0x08002080   0x08002080   0x000000c0   Code   RO         3456    i.OLED_Init         oled.o
    0x08002140   0x08002140   0x00000022   Code   RO         3457    i.OLED_SetCursor    oled.o
    0x08002162   0x08002162   0x00000002   PAD
    0x08002164   0x08002164   0x000000b0   Code   RO         3458    i.OLED_ShowChar     oled.o
    0x08002214   0x08002214   0x0000002c   Code   RO         3459    i.OLED_ShowString   oled.o
    0x08002240   0x08002240   0x00000020   Code   RO         3460    i.OLED_WriteCommand  oled.o
    0x08002260   0x08002260   0x00000020   Code   RO         3461    i.OLED_WriteData    oled.o
    0x08002280   0x08002280   0x000000a4   Code   RO         3611    i.Openmv_usart_init  openmv_usart.o
    0x08002324   0x08002324   0x00000002   Code   RO          152    i.PendSV_Handler    stm32f10x_it.o
    0x08002326   0x08002326   0x00000002   PAD
    0x08002328   0x08002328   0x00000020   Code   RO         1938    i.RCC_APB1PeriphClockCmd  stm32f10x_rcc.o
    0x08002348   0x08002348   0x00000020   Code   RO         1940    i.RCC_APB2PeriphClockCmd  stm32f10x_rcc.o
    0x08002368   0x08002368   0x000000d4   Code   RO         1948    i.RCC_GetClocksFreq  stm32f10x_rcc.o
    0x0800243c   0x0800243c   0x00000002   Code   RO          153    i.SVC_Handler       stm32f10x_it.o
    0x0800243e   0x0800243e   0x00000002   PAD
    0x08002440   0x08002440   0x000000c4   Code   RO         3556    i.Servo_Init        servo.o
    0x08002504   0x08002504   0x00000008   Code   RO          293    i.SetSysClock       system_stm32f10x.o
    0x0800250c   0x0800250c   0x000000e0   Code   RO          294    i.SetSysClockTo72   system_stm32f10x.o
    0x080025ec   0x080025ec   0x00000028   Code   RO          349    i.SysTick_CLKSourceConfig  misc.o
    0x08002614   0x08002614   0x00000002   Code   RO          154    i.SysTick_Handler   stm32f10x_it.o
    0x08002616   0x08002616   0x00000002   PAD
    0x08002618   0x08002618   0x00000060   Code   RO          296    i.SystemInit        system_stm32f10x.o
    0x08002678   0x08002678   0x0000004c   Code   RO         3582    i.TIM4_IRQHandler   timer.o
    0x080026c4   0x080026c4   0x0000006c   Code   RO         3583    i.TIM4_Init         timer.o
    0x08002730   0x08002730   0x00000018   Code   RO         2560    i.TIM_ARRPreloadConfig  stm32f10x_tim.o
    0x08002748   0x08002748   0x00000006   Code   RO         2566    i.TIM_ClearFlag     stm32f10x_tim.o
    0x0800274e   0x0800274e   0x00000006   Code   RO         2567    i.TIM_ClearITPendingBit  stm32f10x_tim.o
    0x08002754   0x08002754   0x00000018   Code   RO         2572    i.TIM_Cmd           stm32f10x_tim.o
    0x0800276c   0x0800276c   0x0000001e   Code   RO         2574    i.TIM_CtrlPWMOutputs  stm32f10x_tim.o
    0x0800278a   0x0800278a   0x00000022   Code   RO         2593    i.TIM_GetITStatus   stm32f10x_tim.o
    0x080027ac   0x080027ac   0x00000012   Code   RO         2597    i.TIM_ITConfig      stm32f10x_tim.o
    0x080027be   0x080027be   0x00000002   PAD
    0x080027c0   0x080027c0   0x00000098   Code   RO         2601    i.TIM_OC1Init       stm32f10x_tim.o
    0x08002858   0x08002858   0x00000012   Code   RO         2604    i.TIM_OC1PreloadConfig  stm32f10x_tim.o
    0x0800286a   0x0800286a   0x00000002   PAD
    0x0800286c   0x0800286c   0x000000a4   Code   RO         2606    i.TIM_OC2Init       stm32f10x_tim.o
    0x08002910   0x08002910   0x0000001a   Code   RO         2609    i.TIM_OC2PreloadConfig  stm32f10x_tim.o
    0x0800292a   0x0800292a   0x00000004   Code   RO         2633    i.TIM_SetCompare1   stm32f10x_tim.o
    0x0800292e   0x0800292e   0x00000004   Code   RO         2634    i.TIM_SetCompare2   stm32f10x_tim.o
    0x08002932   0x08002932   0x00000002   PAD
    0x08002934   0x08002934   0x000000a4   Code   RO         2643    i.TIM_TimeBaseInit  stm32f10x_tim.o
    0x080029d8   0x080029d8   0x000000cc   Code   RO         3705    i.UART4_IRQHandler  bluetooth.o
    0x08002aa4   0x08002aa4   0x000000e0   Code   RO         3612    i.USART3_IRQHandler  openmv_usart.o
    0x08002b84   0x08002b84   0x0000001e   Code   RO         3105    i.USART_ClearITPendingBit  stm32f10x_usart.o
    0x08002ba2   0x08002ba2   0x00000018   Code   RO         3108    i.USART_Cmd         stm32f10x_usart.o
    0x08002bba   0x08002bba   0x00000054   Code   RO         3112    i.USART_GetITStatus  stm32f10x_usart.o
    0x08002c0e   0x08002c0e   0x0000004a   Code   RO         3114    i.USART_ITConfig    stm32f10x_usart.o
    0x08002c58   0x08002c58   0x000000d8   Code   RO         3115    i.USART_Init        stm32f10x_usart.o
    0x08002d30   0x08002d30   0x0000000a   Code   RO         3122    i.USART_ReceiveData  stm32f10x_usart.o
    0x08002d3a   0x08002d3a   0x00000004   Code   RO          155    i.UsageFault_Handler  stm32f10x_it.o
    0x08002d3e   0x08002d3e   0x00000028   Code   RO         3999    i.__ARM_fpclassify  m_ws.l(fpclassify.o)
    0x08002d66   0x08002d66   0x0000000e   Code   RO         3867    i._is_digit         c_w.l(__printf_wp.o)
    0x08002d74   0x08002d74   0x0000004c   Code   RO         3339    i.delay_ms          delay.o
    0x08002dc0   0x08002dc0   0x0000011c   Code   RO         3739    i.keyScan           key.o
    0x08002edc   0x08002edc   0x0000022c   Code   RO            1    i.main              main.o
    0x08003108   0x08003108   0x00000038   Code   RO         3645    i.mainControl       control.o
    0x08003140   0x08003140   0x0000003e   Code   RO         3463    i.oledPrint         oled.o
    0x0800317e   0x0800317e   0x00000002   PAD
    0x08003180   0x08003180   0x000000ec   Code   RO         3646    i.questionFour      control.o
    0x0800326c   0x0800326c   0x0000005c   Code   RO         3647    i.questionOne       control.o
    0x080032c8   0x080032c8   0x00000110   Code   RO         3648    i.questionThree     control.o
    0x080033d8   0x080033d8   0x00000060   Code   RO         3649    i.questionTwo       control.o
    0x08003438   0x08003438   0x00000104   Code   RO         3650    i.xPid              control.o
    0x0800353c   0x0800353c   0x00000104   Code   RO         3651    i.yPid              control.o
    0x08003640   0x08003640   0x0000002c   Code   RO         3987    locale$$code        c_w.l(lc_numeric_c.o)
    0x0800366c   0x0800366c   0x0000002c   Code   RO         4007    locale$$code        c_w.l(lc_ctype_c.o)
    0x08003698   0x08003698   0x0000000c   Code   RO         3900    x$fpl$dretinf       fz_ws.l(dretinf.o)
    0x080036a4   0x080036a4   0x00000056   Code   RO         3776    x$fpl$f2d           fz_ws.l(f2d.o)
    0x080036fa   0x080036fa   0x00000002   PAD
    0x080036fc   0x080036fc   0x000000c4   Code   RO         3778    x$fpl$fadd          fz_ws.l(faddsub_clz.o)
    0x080037c0   0x080037c0   0x00000036   Code   RO         3788    x$fpl$ffix          fz_ws.l(ffix.o)
    0x080037f6   0x080037f6   0x00000002   PAD
    0x080037f8   0x080037f8   0x0000003e   Code   RO         3792    x$fpl$ffixu         fz_ws.l(ffixu.o)
    0x08003836   0x08003836   0x00000002   PAD
    0x08003838   0x08003838   0x00000030   Code   RO         3797    x$fpl$fflt          fz_ws.l(fflt_clz.o)
    0x08003868   0x08003868   0x00000026   Code   RO         3796    x$fpl$ffltu         fz_ws.l(fflt_clz.o)
    0x0800388e   0x0800388e   0x00000002   PAD
    0x08003890   0x08003890   0x00000102   Code   RO         3804    x$fpl$fmul          fz_ws.l(fmul.o)
    0x08003992   0x08003992   0x0000008c   Code   RO         3904    x$fpl$fnaninf       fz_ws.l(fnaninf.o)
    0x08003a1e   0x08003a1e   0x0000000a   Code   RO         3906    x$fpl$fretinf       fz_ws.l(fretinf.o)
    0x08003a28   0x08003a28   0x000000ea   Code   RO         3780    x$fpl$fsub          fz_ws.l(faddsub_clz.o)
    0x08003b12   0x08003b12   0x00000004   Code   RO         3908    x$fpl$printf1       fz_ws.l(printf1.o)
    0x08003b16   0x08003b16   0x00000004   Code   RO         3910    x$fpl$printf2       fz_ws.l(printf2.o)
    0x08003b1a   0x08003b1a   0x00000000   Code   RO         3916    x$fpl$usenofp       fz_ws.l(usenofp.o)
    0x08003b1a   0x08003b1a   0x000005f0   Data   RO         3465    .constdata          oled.o
    0x0800410a   0x0800410a   0x00000002   PAD
    0x0800410c   0x0800410c   0x00000008   Data   RO         3826    .constdata          c_w.l(_printf_wctomb.o)
    0x08004114   0x08004114   0x00000028   Data   RO         3855    .constdata          c_w.l(_printf_hex_int_ll_ptr.o)
    0x0800413c   0x0800413c   0x00000011   Data   RO         3875    .constdata          c_w.l(__printf_flags_ss_wp.o)
    0x0800414d   0x0800414d   0x00000026   Data   RO         3939    .constdata          c_w.l(_printf_fp_hex.o)
    0x08004173   0x08004173   0x00000001   PAD
    0x08004174   0x08004174   0x00000094   Data   RO         3962    .constdata          c_w.l(bigflt0.o)
    0x08004208   0x08004208   0x00000020   Data   RO         4135    Region$$Table       anon$$obj.o
    0x08004228   0x08004228   0x0000001c   Data   RO         3986    locale$$data        c_w.l(lc_numeric_c.o)
    0x08004244   0x08004244   0x00000110   Data   RO         4006    locale$$data        c_w.l(lc_ctype_c.o)


    Execution Region RW_IRAM1 (Exec base: 0x20000000, Load base: 0x08004354, Size: 0x000019f0, Max: 0x00005000, ABSOLUTE, COMPRESSED[0x000001b4])

    Exec Addr    Load Addr    Size         Type   Attr      Idx    E Section Name        Object

    0x20000000   COMPRESSED   0x00000001   Data   RW            2    .data               main.o
    0x20000001   COMPRESSED   0x00000003   PAD
    0x20000004   COMPRESSED   0x00000014   Data   RW          297    .data               system_stm32f10x.o
    0x20000018   COMPRESSED   0x00000014   Data   RW         1968    .data               stm32f10x_rcc.o
    0x2000002c   COMPRESSED   0x00000004   Data   RW         3341    .data               delay.o
    0x20000030   COMPRESSED   0x00000008   Data   RW         3584    .data               timer.o
    0x20000038   COMPRESSED   0x0000000c   Data   RW         3614    .data               openmv_usart.o
    0x20000044   COMPRESSED   0x00001304   Data   RW         3652    .data               control.o
    0x20001348   COMPRESSED   0x0000000c   Data   RW         3707    .data               bluetooth.o
    0x20001354        -       0x00000014   Zero   RW         3613    .bss                openmv_usart.o
    0x20001368        -       0x00000010   Zero   RW         3706    .bss                bluetooth.o
    0x20001378        -       0x00000018   Zero   RW         3740    .bss                key.o
    0x20001390        -       0x00000060   Zero   RW         4002    .bss                c_w.l(libspace.o)
    0x200013f0        -       0x00000200   Zero   RW          339    HEAP                startup_stm32f10x_hd.o
    0x200015f0        -       0x00000400   Zero   RW          338    STACK               startup_stm32f10x_hd.o


==============================================================================

Image component sizes


      Code (inc. data)   RO Data    RW Data    ZI Data      Debug   Object Name

       388         32          0         12         16       3041   bluetooth.o
      1272        164          0       4868          0       5281   control.o
         0          0          0          0          0         32   core_cm3.o
       144         22          0          4          0       1148   delay.o
       324         14          0          0         24       2063   key.o
       136         10          0          0          0        515   led.o
       556        172          0          1          0     223442   main.o
       152         12          0          0          0     206362   misc.o
       870         20       1520          0          0       7843   oled.o
       416         30          0         12         20       3011   openmv_usart.o
       196          8          0          0          0        689   servo.o
        64         26        304          0       1536        788   startup_stm32f10x_hd.o
       310          0          0          0          0       3743   stm32f10x_gpio.o
        26          0          0          0          0      47018   stm32f10x_it.o
       276         32          0         20          0       4474   stm32f10x_rcc.o
       674         72          0          0          0       8784   stm32f10x_tim.o
       438          6          0          0          0       5652   stm32f10x_usart.o
       328         28          0         20          0       2125   system_stm32f10x.o
       184         18          0          8          0       1302   timer.o

    ----------------------------------------------------------------------
      6778        666       1858       4948       1596     527313   Object Totals
         0          0         32          0          0          0   (incl. Generated)
        24          0          2          3          0          0   (incl. Padding)

    ----------------------------------------------------------------------

      Code (inc. data)   RO Data    RW Data    ZI Data      Debug   Library Member Name

       100          0          0          0          0          0   __dclz77c.o
         8          0          0          0          0         68   __main.o
       392          4         17          0          0         92   __printf_flags_ss_wp.o
        14          0          0          0          0         68   __printf_wp.o
         0          0          0          0          0          0   __rtentry.o
        12          0          0          0          0          0   __rtentry2.o
         6          0          0          0          0          0   __rtentry4.o
        52          8          0          0          0          0   __scatter.o
        28          0          0          0          0          0   __scatter_zi.o
         6          0          0          0          0          0   _printf_a.o
         6          0          0          0          0          0   _printf_c.o
        44          0          0          0          0        108   _printf_char.o
        48          6          0          0          0         96   _printf_char_common.o
        40          0          0          0          0         68   _printf_charcount.o
         6          0          0          0          0          0   _printf_d.o
       120         16          0          0          0         92   _printf_dec.o
         6          0          0          0          0          0   _printf_e.o
         6          0          0          0          0          0   _printf_f.o
      1054          0          0          0          0        216   _printf_fp_dec.o
       764          8         38          0          0        100   _printf_fp_hex.o
       128         16          0          0          0         84   _printf_fp_infnan.o
         6          0          0          0          0          0   _printf_g.o
       148          4         40          0          0        160   _printf_hex_int_ll_ptr.o
         6          0          0          0          0          0   _printf_i.o
       178          0          0          0          0         88   _printf_intcommon.o
        10          0          0          0          0          0   _printf_l.o
         6          0          0          0          0          0   _printf_lc.o
        10          0          0          0          0          0   _printf_ll.o
         6          0          0          0          0          0   _printf_lld.o
         6          0          0          0          0          0   _printf_lli.o
         6          0          0          0          0          0   _printf_llo.o
         6          0          0          0          0          0   _printf_llu.o
         6          0          0          0          0          0   _printf_llx.o
       124         16          0          0          0         92   _printf_longlong_dec.o
         6          0          0          0          0          0   _printf_ls.o
         6          0          0          0          0          0   _printf_n.o
         6          0          0          0          0          0   _printf_o.o
       112         10          0          0          0        124   _printf_oct_int_ll.o
         6          0          0          0          0          0   _printf_p.o
        78          0          0          0          0        108   _printf_pad.o
         0          0          0          0          0          0   _printf_percent.o
         4          0          0          0          0          0   _printf_percent_end.o
         6          0          0          0          0          0   _printf_s.o
        82          0          0          0          0         80   _printf_str.o
        36          0          0          0          0         84   _printf_truncate.o
         6          0          0          0          0          0   _printf_u.o
        44          0          0          0          0        108   _printf_wchar.o
       188          6          8          0          0         92   _printf_wctomb.o
         6          0          0          0          0          0   _printf_x.o
        10          0          0          0          0         68   _sputc.o
        64          0          0          0          0         92   _wcrtomb.o
       228          4        148          0          0         96   bigflt0.o
      1936        128          0          0          0        672   btod.o
        18          0          0          0          0         80   exit.o
         6          0          0          0          0        152   heapauxi.o
         0          0          0          0          0          0   indicate_semi.o
        44         10        272          0          0         76   lc_ctype_c.o
        44         10         28          0          0         76   lc_numeric_c.o
         2          0          0          0          0          0   libinit.o
        30          0          0          0          0          0   libinit2.o
         2          0          0          0          0          0   libshutdown.o
         2          0          0          0          0          0   libshutdown2.o
         8          4          0          0         96         68   libspace.o
       138          0          0          0          0         80   lludiv10.o
        16          4          0          0          0         76   rt_ctype_table.o
         8          4          0          0          0         68   rt_locale_intlibspace.o
        78          0          0          0          0         80   rt_memclr_w.o
         2          0          0          0          0          0   rtexit.o
        10          0          0          0          0          0   rtexit2.o
       128          0          0          0          0         68   strcmpv7m.o
        12          4          0          0          0         68   sys_exit.o
        74          0          0          0          0         80   sys_stackheap_outer.o
         2          0          0          0          0         68   use_no_semi.o
        36          4          0          0          0         76   vsprintf.o
        12          0          0          0          0         68   dretinf.o
        86          4          0          0          0         84   f2d.o
       430          8          0          0          0        168   faddsub_clz.o
        54          4          0          0          0         84   ffix.o
        62          4          0          0          0         84   ffixu.o
        86          0          0          0          0        136   fflt_clz.o
       258          4          0          0          0         84   fmul.o
       140          4          0          0          0         84   fnaninf.o
        10          0          0          0          0         68   fretinf.o
         4          0          0          0          0         68   printf1.o
         4          0          0          0          0         68   printf2.o
         0          0          0          0          0          0   usenofp.o
        40          0          0          0          0         68   fpclassify.o

    ----------------------------------------------------------------------
      8048        294        552          0         96       5036   Library Totals
        20          0          1          0          0          0   (incl. Padding)

    ----------------------------------------------------------------------

      Code (inc. data)   RO Data    RW Data    ZI Data      Debug   Library Name

      6842        266        551          0         96       3972   c_w.l
      1146         28          0          0          0        996   fz_ws.l
        40          0          0          0          0         68   m_ws.l

    ----------------------------------------------------------------------
      8048        294        552          0         96       5036   Library Totals

    ----------------------------------------------------------------------

==============================================================================


      Code (inc. data)   RO Data    RW Data    ZI Data      Debug   

     14826        960       2410       4948       1692     525793   Grand Totals
     14826        960       2410        436       1692     525793   ELF Image Totals (compressed)
     14826        960       2410        436          0          0   ROM Totals

==============================================================================

    Total RO  Size (Code + RO Data)                17236 (  16.83kB)
    Total RW  Size (RW Data + ZI Data)              6640 (   6.48kB)
    Total ROM Size (Code + RO Data + RW Data)      17672 (  17.26kB)

==============================================================================

