Component: ARM Compiler 5.06 update 7 (build 960) Tool: armlink [4d3601]

==============================================================================

Section Cross References

    main.o(i.main) refers to system.o(i.SysInit) for SysInit
    main.o(i.main) refers to delay.o(i.delay_init) for delay_init
    main.o(i.main) refers to led.o(i.LED_Init) for LED_Init
    main.o(i.main) refers to buzzer.o(i.buzzer_init) for buzzer_init
    main.o(i.main) refers to key.o(i.key_init) for key_init
    main.o(i.main) refers to oled.o(i.OLED_Init) for OLED_Init
    main.o(i.main) refers to oled.o(i.OLED_Clear) for OLED_Clear
    main.o(i.main) refers to motor.o(i.motor_init) for motor_init
    main.o(i.main) refers to motor.o(i.motor_pwm_init) for motor_pwm_init
    main.o(i.main) refers to encoder.o(i.encoder_init) for encoder_init
    main.o(i.main) refers to sensor.o(i.sensor_init) for sensor_init
    main.o(i.main) refers to zigbee.o(i.zigbee_init) for zigbee_init
    main.o(i.main) refers to ultrasonic.o(i.ultrasonic_init) for ultrasonic_init
    main.o(i.main) refers to timer.o(i.timer_init) for timer_init
    main.o(i.main) refers to menu.o(i.mainMenu) for mainMenu
    startup_msp432p401r_uvision.o(RESET) refers to startup_msp432p401r_uvision.o(STACK) for __initial_sp
    startup_msp432p401r_uvision.o(RESET) refers to startup_msp432p401r_uvision.o(.text) for Reset_Handler
    startup_msp432p401r_uvision.o(RESET) refers to zigbee.o(i.EUSCIA2_IRQHandler) for EUSCIA2_IRQHandler
    startup_msp432p401r_uvision.o(RESET) refers to ultrasonic.o(i.EUSCIA3_IRQHandler) for EUSCIA3_IRQHandler
    startup_msp432p401r_uvision.o(RESET) refers to timer.o(i.T32_INT1_IRQHandler) for T32_INT1_IRQHandler
    startup_msp432p401r_uvision.o(RESET) refers to encoder.o(i.PORT4_IRQHandler) for PORT4_IRQHandler
    startup_msp432p401r_uvision.o(.text) refers to system_msp432p401r.o(i.SystemInit) for SystemInit
    startup_msp432p401r_uvision.o(.text) refers to entry.o(.ARM.Collect$$$$00000000) for __main
    system_msp432p401r.o(i.SystemCoreClockUpdate) refers to system_msp432p401r.o(.data) for SystemCoreClock
    delay.o(i.delay_init) refers to cs.o(i.CS_getMCLK) for CS_getMCLK
    delay.o(i.delay_init) refers to delay.o(.data) for fac_us
    delay.o(i.delay_ms) refers to delay.o(i.delay_us) for delay_us
    delay.o(i.delay_us) refers to delay.o(.data) for fac_us
    key.o(i.keyScan) refers to gpio.o(i.GPIO_getInputPinValue) for GPIO_getInputPinValue
    key.o(i.keyScan) refers to key.o(.bss) for key
    key.o(i.key_init) refers to gpio.o(i.GPIO_setAsInputPinWithPullUpResistor) for GPIO_setAsInputPinWithPullUpResistor
    led.o(i.LED_C_On) refers to led.o(i.LED_R_Off) for LED_R_Off
    led.o(i.LED_C_On) refers to led.o(i.LED_G_On) for LED_G_On
    led.o(i.LED_C_On) refers to led.o(i.LED_B_On) for LED_B_On
    led.o(i.LED_Init) refers to led.o(i.LED_RED_Off) for LED_RED_Off
    led.o(i.LED_Init) refers to led.o(i.LED_R_Off) for LED_R_Off
    led.o(i.LED_Init) refers to led.o(i.LED_G_Off) for LED_G_Off
    led.o(i.LED_Init) refers to led.o(i.LED_B_Off) for LED_B_Off
    led.o(i.LED_P_On) refers to led.o(i.LED_R_On) for LED_R_On
    led.o(i.LED_P_On) refers to led.o(i.LED_G_Off) for LED_G_Off
    led.o(i.LED_P_On) refers to led.o(i.LED_B_On) for LED_B_On
    led.o(i.LED_W_Off) refers to led.o(i.LED_R_Off) for LED_R_Off
    led.o(i.LED_W_Off) refers to led.o(i.LED_G_Off) for LED_G_Off
    led.o(i.LED_W_Off) refers to led.o(i.LED_B_Off) for LED_B_Off
    led.o(i.LED_W_On) refers to led.o(i.LED_R_On) for LED_R_On
    led.o(i.LED_W_On) refers to led.o(i.LED_G_On) for LED_G_On
    led.o(i.LED_W_On) refers to led.o(i.LED_B_On) for LED_B_On
    led.o(i.LED_W_Tog) refers to led.o(i.LED_R_Tog) for LED_R_Tog
    led.o(i.LED_W_Tog) refers to led.o(i.LED_G_Tog) for LED_G_Tog
    led.o(i.LED_W_Tog) refers to led.o(i.LED_B_Tog) for LED_B_Tog
    led.o(i.LED_Y_On) refers to led.o(i.LED_R_On) for LED_R_On
    led.o(i.LED_Y_On) refers to led.o(i.LED_G_On) for LED_G_On
    led.o(i.LED_Y_On) refers to led.o(i.LED_B_Off) for LED_B_Off
    motor.o(i.Limit) refers to motor.o(.data) for PWM_MAX
    motor.o(i.Load) refers to gpio.o(i.GPIO_setOutputLowOnPin) for GPIO_setOutputLowOnPin
    motor.o(i.Load) refers to gpio.o(i.GPIO_setOutputHighOnPin) for GPIO_setOutputHighOnPin
    motor.o(i.Load) refers to timer_a.o(i.Timer_A_setCompareValue) for Timer_A_setCompareValue
    motor.o(i.brake) refers to gpio.o(i.GPIO_setOutputLowOnPin) for GPIO_setOutputLowOnPin
    motor.o(i.motor_init) refers to gpio.o(i.GPIO_setAsOutputPin) for GPIO_setAsOutputPin
    motor.o(i.motor_init) refers to gpio.o(i.GPIO_setOutputLowOnPin) for GPIO_setOutputLowOnPin
    motor.o(i.motor_pwm_init) refers to gpio.o(i.GPIO_setAsPeripheralModuleFunctionOutputPin) for GPIO_setAsPeripheralModuleFunctionOutputPin
    motor.o(i.motor_pwm_init) refers to timer_a.o(i.Timer_A_generatePWM) for Timer_A_generatePWM
    oled.o(i.OLED_Clear) refers to oled.o(i.OLED_SetCursor) for OLED_SetCursor
[...]
    interrupt.o(i.Interrupt_enableInterrupt) refers to interrupt.o(.constdata) for .constdata
    interrupt.o(i.Interrupt_enableMaster) refers to cpu.o(.emb_text) for CPU_cpsie
    interrupt.o(i.Interrupt_getPriority) refers to interrupt.o(.constdata) for .constdata
    interrupt.o(i.Interrupt_getPriorityGrouping) refers to interrupt.o(.constdata) for .constdata
    interrupt.o(i.Interrupt_getPriorityMask) refers to cpu.o(.emb_text) for CPU_basepriGet
    interrupt.o(i.Interrupt_isEnabled) refers to interrupt.o(.constdata) for .constdata
    interrupt.o(i.Interrupt_pendInterrupt) refers to interrupt.o(.constdata) for .constdata
    interrupt.o(i.Interrupt_registerInterrupt) refers to interrupt.o(vtable) for vtable
    interrupt.o(i.Interrupt_setPriority) refers to interrupt.o(.constdata) for .constdata
    interrupt.o(i.Interrupt_setPriorityGrouping) refers to interrupt.o(.constdata) for .constdata
    interrupt.o(i.Interrupt_setPriorityMask) refers to cpu.o(.emb_text) for CPU_basepriSet
    interrupt.o(i.Interrupt_unpendInterrupt) refers to interrupt.o(.constdata) for .constdata
    interrupt.o(i.Interrupt_unregisterInterrupt) refers to interrupt.o(i.IntDefaultHandler) for IntDefaultHandler
    interrupt.o(i.Interrupt_unregisterInterrupt) refers to interrupt.o(vtable) for vtable
    timer_a.o(i.Timer_A_configureContinuousMode) refers to timer_a.o(i.privateTimer_AProcessClockSourceDivider) for privateTimer_AProcessClockSourceDivider
    timer_a.o(i.Timer_A_configureUpDownMode) refers to timer_a.o(i.privateTimer_AProcessClockSourceDivider) for privateTimer_AProcessClockSourceDivider
    timer_a.o(i.Timer_A_configureUpMode) refers to timer_a.o(i.privateTimer_AProcessClockSourceDivider) for privateTimer_AProcessClockSourceDivider
    timer_a.o(i.Timer_A_generatePWM) refers to timer_a.o(i.privateTimer_AProcessClockSourceDivider) for privateTimer_AProcessClockSourceDivider
    timer_a.o(i.Timer_A_registerInterrupt) refers to interrupt.o(i.Interrupt_registerInterrupt) for Interrupt_registerInterrupt
    timer_a.o(i.Timer_A_registerInterrupt) refers to interrupt.o(i.Interrupt_enableInterrupt) for Interrupt_enableInterrupt
    timer_a.o(i.Timer_A_unregisterInterrupt) refers to interrupt.o(i.Interrupt_disableInterrupt) for Interrupt_disableInterrupt
    timer_a.o(i.Timer_A_unregisterInterrupt) refers to interrupt.o(i.Interrupt_unregisterInterrupt) for Interrupt_unregisterInterrupt
    timer32.o(i.Timer32_registerInterrupt) refers to interrupt.o(i.Interrupt_registerInterrupt) for Interrupt_registerInterrupt
    timer32.o(i.Timer32_registerInterrupt) refers to interrupt.o(i.Interrupt_enableInterrupt) for Interrupt_enableInterrupt
    timer32.o(i.Timer32_unregisterInterrupt) refers to interrupt.o(i.Interrupt_disableInterrupt) for Interrupt_disableInterrupt
    timer32.o(i.Timer32_unregisterInterrupt) refers to interrupt.o(i.Interrupt_unregisterInterrupt) for Interrupt_unregisterInterrupt
    uart.o(i.UART_registerInterrupt) refers to interrupt.o(i.Interrupt_registerInterrupt) for Interrupt_registerInterrupt
    uart.o(i.UART_registerInterrupt) refers to interrupt.o(i.Interrupt_enableInterrupt) for Interrupt_enableInterrupt
    uart.o(i.UART_unregisterInterrupt) refers to interrupt.o(i.Interrupt_disableInterrupt) for Interrupt_disableInterrupt
    uart.o(i.UART_unregisterInterrupt) refers to interrupt.o(i.Interrupt_unregisterInterrupt) for Interrupt_unregisterInterrupt
    wdt_a.o(i.WDT_A_registerInterrupt) refers to interrupt.o(i.Interrupt_registerInterrupt) for Interrupt_registerInterrupt
    wdt_a.o(i.WDT_A_registerInterrupt) refers to interrupt.o(i.Interrupt_enableInterrupt) for Interrupt_enableInterrupt
    wdt_a.o(i.WDT_A_setPasswordViolationReset) refers to sysctl.o(i.SysCtl_setWDTPasswordViolationResetType) for SysCtl_setWDTPasswordViolationResetType
    wdt_a.o(i.WDT_A_setTimeoutReset) refers to sysctl.o(i.SysCtl_setWDTTimeoutResetType) for SysCtl_setWDTTimeoutResetType
    wdt_a.o(i.WDT_A_unregisterInterrupt) refers to interrupt.o(i.Interrupt_disableInterrupt) for Interrupt_disableInterrupt
    wdt_a.o(i.WDT_A_unregisterInterrupt) refers to interrupt.o(i.Interrupt_unregisterInterrupt) for Interrupt_unregisterInterrupt
    entry.o(.ARM.Collect$$$$00000000) refers (Special) to entry10a.o(.ARM.Collect$$$$0000000F) for __rt_final_cpp
    entry.o(.ARM.Collect$$$$00000000) refers (Special) to entry11a.o(.ARM.Collect$$$$00000011) for __rt_final_exit
    entry.o(.ARM.Collect$$$$00000000) refers (Special) to entry12b.o(.ARM.Collect$$$$0000000E) for __rt_lib_shutdown_fini
    entry.o(.ARM.Collect$$$$00000000) refers (Special) to entry7b.o(.ARM.Collect$$$$00000008) for _main_clock
    entry.o(.ARM.Collect$$$$00000000) refers (Special) to entry8b.o(.ARM.Collect$$$$0000000A) for _main_cpp_init
    entry.o(.ARM.Collect$$$$00000000) refers (Special) to entry9a.o(.ARM.Collect$$$$0000000B) for _main_init
    entry.o(.ARM.Collect$$$$00000000) refers (Special) to entry5.o(.ARM.Collect$$$$00000004) for _main_scatterload
    entry.o(.ARM.Collect$$$$00000000) refers (Special) to entry2.o(.ARM.Collect$$$$00000001) for _main_stk
    printfa.o(i.__0fprintf) refers (Special) to iusefp.o(.text) for __I$use$fp
    printfa.o(i.__0fprintf) refers to printfa.o(i._printf_core) for _printf_core
    printfa.o(i.__0fprintf) refers to zigbee.o(i.fputc) for fputc
    printfa.o(i.__0printf) refers (Special) to iusefp.o(.text) for __I$use$fp
    printfa.o(i.__0printf) refers to printfa.o(i._printf_core) for _printf_core
    printfa.o(i.__0printf) refers to zigbee.o(i.fputc) for fputc
    printfa.o(i.__0printf) refers to zigbee.o(.data) for __stdout
    printfa.o(i.__0snprintf) refers (Special) to iusefp.o(.text) for __I$use$fp
    printfa.o(i.__0snprintf) refers to printfa.o(i._printf_core) for _printf_core
    printfa.o(i.__0snprintf) refers to printfa.o(i._snputc) for _snputc
    printfa.o(i.__0sprintf) refers (Special) to iusefp.o(.text) for __I$use$fp
    printfa.o(i.__0sprintf) refers to printfa.o(i._printf_core) for _printf_core
    printfa.o(i.__0sprintf) refers to printfa.o(i._sputc) for _sputc
    printfa.o(i.__0vfprintf) refers (Special) to iusefp.o(.text) for __I$use$fp
    printfa.o(i.__0vfprintf) refers to printfa.o(i._printf_core) for _printf_core
    printfa.o(i.__0vfprintf) refers to zigbee.o(i.fputc) for fputc
    printfa.o(i.__0vprintf) refers (Special) to iusefp.o(.text) for __I$use$fp
    printfa.o(i.__0vprintf) refers to printfa.o(i._printf_core) for _printf_core
    printfa.o(i.__0vprintf) refers to zigbee.o(i.fputc) for fputc
    printfa.o(i.__0vprintf) refers to zigbee.o(.data) for __stdout
    printfa.o(i.__0vsnprintf) refers (Special) to iusefp.o(.text) for __I$use$fp
    printfa.o(i.__0vsnprintf) refers to printfa.o(i._printf_core) for _printf_core
    printfa.o(i.__0vsnprintf) refers to printfa.o(i._snputc) for _snputc
    printfa.o(i.__0vsprintf) refers (Special) to iusefp.o(.text) for __I$use$fp
    printfa.o(i.__0vsprintf) refers to printfa.o(i._printf_core) for _printf_core
    printfa.o(i.__0vsprintf) refers to printfa.o(i._sputc) for _sputc
    printfa.o(i._fp_digits) refers (Special) to iusefp.o(.text) for __I$use$fp
    printfa.o(i._fp_digits) refers to dmul.o(.text) for __aeabi_dmul
    printfa.o(i._fp_digits) refers to ddiv.o(.text) for __aeabi_ddiv
    printfa.o(i._fp_digits) refers to cdrcmple.o(.text) for __aeabi_cdrcmple
    printfa.o(i._fp_digits) refers to dadd.o(.text) for __aeabi_dadd
    printfa.o(i._fp_digits) refers to dfixul.o(.text) for __aeabi_d2ulz
    printfa.o(i._fp_digits) refers to uldiv.o(.text) for __aeabi_uldivmod
    printfa.o(i._printf_core) refers (Special) to iusefp.o(.text) for __I$use$fp
    printfa.o(i._printf_core) refers to printfa.o(i._printf_pre_padding) for _printf_pre_padding
    printfa.o(i._printf_core) refers to uldiv.o(.text) for __aeabi_uldivmod
    printfa.o(i._printf_core) refers to printfa.o(i._printf_post_padding) for _printf_post_padding
    printfa.o(i._printf_core) refers to printfa.o(i._fp_digits) for _fp_digits
    printfa.o(i._printf_core) refers to uidiv.o(.text) for __aeabi_uidivmod
    printfa.o(i._printf_post_padding) refers (Special) to iusefp.o(.text) for __I$use$fp
    printfa.o(i._printf_pre_padding) refers (Special) to iusefp.o(.text) for __I$use$fp
    printfa.o(i._snputc) refers (Special) to iusefp.o(.text) for __I$use$fp
    printfa.o(i._sputc) refers (Special) to iusefp.o(.text) for __I$use$fp
    entry2.o(.ARM.Collect$$$$00000001) refers to entry2.o(.ARM.Collect$$$$00002712) for __lit__00000000
    entry2.o(.ARM.Collect$$$$00002712) refers to startup_msp432p401r_uvision.o(STACK) for __initial_sp
    entry2.o(__vectab_stack_and_reset_area) refers to startup_msp432p401r_uvision.o(STACK) for __initial_sp
    entry2.o(__vectab_stack_and_reset_area) refers to entry.o(.ARM.Collect$$$$00000000) for __main
    entry5.o(.ARM.Collect$$$$00000004) refers to init.o(.text) for __scatterload
    entry9a.o(.ARM.Collect$$$$0000000B) refers to main.o(i.main) for main
    entry9b.o(.ARM.Collect$$$$0000000C) refers to main.o(i.main) for main
    uldiv.o(.text) refers to llushr.o(.text) for __aeabi_llsr
    uldiv.o(.text) refers to llshl.o(.text) for __aeabi_llsl
    dadd.o(.text) refers to llshl.o(.text) for __aeabi_llsl
    dadd.o(.text) refers to llsshr.o(.text) for __aeabi_lasr
    dadd.o(.text) refers to depilogue.o(.text) for _double_epilogue
    dmul.o(.text) refers to depilogue.o(.text) for _double_epilogue
    ddiv.o(.text) refers to depilogue.o(.text) for _double_round
    dfixul.o(.text) refers to llushr.o(.text) for __aeabi_llsr
    dfixul.o(.text) refers to llshl.o(.text) for __aeabi_llsl
    init.o(.text) refers to entry5.o(.ARM.Collect$$$$00000004) for __main_after_scatterload
    depilogue.o(.text) refers to llshl.o(.text) for __aeabi_llsl
    depilogue.o(.text) refers to llushr.o(.text) for __aeabi_llsr


==============================================================================

Removing Unused input sections from the image.

    Removing main.o(.rev16_text), (4 bytes).
    Removing main.o(.revsh_text), (4 bytes).
    Removing main.o(.rrx_text), (6 bytes).
    Removing startup_msp432p401r_uvision.o(HEAP), (0 bytes).
    Removing system_msp432p401r.o(.rev16_text), (4 bytes).
    Removing system_msp432p401r.o(.revsh_text), (4 bytes).
    Removing system_msp432p401r.o(.rrx_text), (6 bytes).
    Removing system_msp432p401r.o(i.SystemCoreClockUpdate), (572 bytes).
    Removing system_msp432p401r.o(.data), (4 bytes).
    Removing delay.o(.rev16_text), (4 bytes).
    Removing delay.o(.revsh_text), (4 bytes).
    Removing delay.o(.rrx_text), (6 bytes).
    Removing key.o(.rev16_text), (4 bytes).
    Removing key.o(.revsh_text), (4 bytes).
    Removing key.o(.rrx_text), (6 bytes).
    Removing led.o(.rev16_text), (4 bytes).
    Removing led.o(.revsh_text), (4 bytes).
    Removing led.o(.rrx_text), (6 bytes).
    Removing led.o(i.LED_B_On), (18 bytes).
    Removing led.o(i.LED_B_Tog), (34 bytes).
    Removing led.o(i.LED_C_On), (16 bytes).
    Removing led.o(i.LED_G_On), (18 bytes).
    Removing led.o(i.LED_G_Tog), (34 bytes).
    Removing led.o(i.LED_P_On), (16 bytes).
    Removing led.o(i.LED_RED_Tog), (34 bytes).
    Removing led.o(i.LED_R_On), (18 bytes).
    Removing led.o(i.LED_R_Tog), (34 bytes).
    Removing led.o(i.LED_W_Off), (16 bytes).
    Removing led.o(i.LED_W_On), (16 bytes).
    Removing led.o(i.LED_W_Tog), (16 bytes).
    Removing led.o(i.LED_Y_On), (16 bytes).
    Removing motor.o(.rev16_text), (4 bytes).
    Removing motor.o(.revsh_text), (4 bytes).
    Removing motor.o(.rrx_text), (6 bytes).
    Removing motor.o(i.brake), (36 bytes).
    Removing oled.o(.rev16_text), (4 bytes).
    Removing oled.o(.revsh_text), (4 bytes).
    Removing oled.o(.rrx_text), (6 bytes).
    Removing oled.o(i.OLED_Pow), (20 bytes).
    Removing oled.o(i.OLED_ShowSignedNum), (108 bytes).
    Removing oled.o(i.OLED_loadbar), (74 bytes).
    Removing oled.o(i.showCHN), (66 bytes).
    Removing oled.o(i.showGBK), (66 bytes).
    Removing system.o(.rev16_text), (4 bytes).
    Removing system.o(.revsh_text), (4 bytes).
    Removing system.o(.rrx_text), (6 bytes).
    Removing encoder.o(.rev16_text), (4 bytes).
    Removing encoder.o(.revsh_text), (4 bytes).
    Removing encoder.o(.rrx_text), (6 bytes).
    Removing timer.o(.rev16_text), (4 bytes).
    Removing timer.o(.revsh_text), (4 bytes).
    Removing timer.o(.rrx_text), (6 bytes).
    Removing control.o(.rev16_text), (4 bytes).
    Removing control.o(.revsh_text), (4 bytes).
    Removing control.o(.rrx_text), (6 bytes).
    Removing control.o(i.distancePid), (144 bytes).
    Removing zigbee.o(.rev16_text), (4 bytes).
    Removing zigbee.o(.revsh_text), (4 bytes).
    Removing zigbee.o(.rrx_text), (6 bytes).
    Removing zigbee.o(i._sys_exit), (4 bytes).
    Removing zigbee.o(i.fputc), (24 bytes).
    Removing sensor.o(.rev16_text), (4 bytes).
    Removing sensor.o(.revsh_text), (4 bytes).
    Removing sensor.o(.rrx_text), (6 bytes).
    Removing menu.o(.rev16_text), (4 bytes).
    Removing menu.o(.revsh_text), (4 bytes).
    Removing menu.o(.rrx_text), (6 bytes).
    Removing buzzer.o(.rev16_text), (4 bytes).
    Removing buzzer.o(.revsh_text), (4 bytes).
    Removing buzzer.o(.rrx_text), (6 bytes).
    Removing ultrasonic.o(.rev16_text), (4 bytes).
    Removing ultrasonic.o(.revsh_text), (4 bytes).
    Removing ultrasonic.o(.rrx_text), (6 bytes).
    Removing cs.o(.rev16_text), (4 bytes).
    Removing cs.o(.revsh_text), (4 bytes).
    Removing cs.o(.rrx_text), (6 bytes).
    Removing cs.o(i.CS_clearInterruptFlag), (36 bytes).
    Removing cs.o(i.CS_disableClockRequest), (40 bytes).
    Removing cs.o(i.CS_disableDCOExternalResistor), (32 bytes).
    Removing cs.o(i.CS_disableFaultCounter), (40 bytes).
    Removing cs.o(i.CS_disableInterrupt), (40 bytes).
    Removing cs.o(i.CS_enableClockRequest), (36 bytes).
    Removing cs.o(i.CS_enableDCOExternalResistor), (28 bytes).
    Removing cs.o(i.CS_enableFaultCounter), (36 bytes).
    Removing cs.o(i.CS_enableInterrupt), (36 bytes).
    Removing cs.o(i.CS_getACLK), (24 bytes).
    Removing cs.o(i.CS_getBCLK), (28 bytes).
    Removing cs.o(i.CS_getEnabledInterruptStatus), (20 bytes).
    Removing cs.o(i.CS_getHSMCLK), (24 bytes).
    Removing cs.o(i.CS_getInterruptStatus), (12 bytes).
    Removing cs.o(i.CS_getSMCLK), (24 bytes).
    Removing cs.o(i.CS_initClockSignal), (252 bytes).
    Removing cs.o(i.CS_registerInterrupt), (20 bytes).
    Removing cs.o(i.CS_resetFaultCounter), (36 bytes).
    Removing cs.o(i.CS_setDCOCenteredFrequency), (36 bytes).
    Removing cs.o(i.CS_setDCOExternalResistorCalibration), (128 bytes).
    Removing cs.o(i.CS_setDCOFrequency), (380 bytes).
    Removing cs.o(i.CS_setReferenceOscillatorFrequency), (32 bytes).
    Removing cs.o(i.CS_startFaultCounter), (52 bytes).
    Removing cs.o(i.CS_tuneDCOFrequency), (88 bytes).
    Removing cs.o(i.CS_unregisterInterrupt), (18 bytes).
    Removing gpio.o(.rev16_text), (4 bytes).
    Removing gpio.o(.revsh_text), (4 bytes).
    Removing gpio.o(.rrx_text), (6 bytes).
    Removing gpio.o(i.GPIO_disableInterrupt), (20 bytes).
    Removing gpio.o(i.GPIO_getInterruptStatus), (16 bytes).
    Removing gpio.o(i.GPIO_registerInterrupt), (28 bytes).
    Removing gpio.o(i.GPIO_setAsInputPinWithPullDownResistor), (44 bytes).
    Removing gpio.o(i.GPIO_setAsPeripheralModuleFunctionInputPin), (72 bytes).
    Removing gpio.o(i.GPIO_setDriveStrengthHigh), (20 bytes).
    Removing gpio.o(i.GPIO_setDriveStrengthLow), (20 bytes).
    Removing gpio.o(i.GPIO_toggleOutputOnPin), (20 bytes).
    Removing gpio.o(i.GPIO_unregisterInterrupt), (28 bytes).
    Removing gpio.o(.constdata), (28 bytes).
    Removing interrupt.o(.rev16_text), (4 bytes).
    Removing interrupt.o(.revsh_text), (4 bytes).
    Removing interrupt.o(.rrx_text), (6 bytes).
    Removing interrupt.o(i.IntDefaultHandler), (2 bytes).
    Removing interrupt.o(i.Interrupt_disableInterrupt), (100 bytes).
    Removing interrupt.o(i.Interrupt_disableMaster), (14 bytes).
    Removing interrupt.o(i.Interrupt_disableSleepOnIsrExit), (16 bytes).
    Removing interrupt.o(i.Interrupt_enableSleepOnIsrExit), (16 bytes).
    Removing interrupt.o(i.Interrupt_getPriority), (28 bytes).
    Removing interrupt.o(i.Interrupt_getPriorityGrouping), (36 bytes).
    Removing interrupt.o(i.Interrupt_getPriorityMask), (10 bytes).
    Removing interrupt.o(i.Interrupt_getVectorTableAddress), (12 bytes).
    Removing interrupt.o(i.Interrupt_isEnabled), (104 bytes).
    Removing interrupt.o(i.Interrupt_pendInterrupt), (84 bytes).
    Removing interrupt.o(i.Interrupt_registerInterrupt), (52 bytes).
    Removing interrupt.o(i.Interrupt_setPriority), (40 bytes).
    Removing interrupt.o(i.Interrupt_setPriorityGrouping), (28 bytes).
    Removing interrupt.o(i.Interrupt_setPriorityMask), (4 bytes).
    Removing interrupt.o(i.Interrupt_setVectorTableAddress), (12 bytes).
    Removing interrupt.o(i.Interrupt_unpendInterrupt), (68 bytes).
    Removing interrupt.o(i.Interrupt_unregisterInterrupt), (20 bytes).
    Removing interrupt.o(vtable), (228 bytes).
    Removing timer_a.o(.rev16_text), (4 bytes).
    Removing timer_a.o(.revsh_text), (4 bytes).
    Removing timer_a.o(.rrx_text), (6 bytes).
    Removing timer_a.o(i.Timer_A_clearCaptureCompareInterrupt), (28 bytes).
    Removing timer_a.o(i.Timer_A_clearInterruptFlag), (12 bytes).
    Removing timer_a.o(i.Timer_A_clearTimer), (12 bytes).
    Removing timer_a.o(i.Timer_A_configureContinuousMode), (42 bytes).
    Removing timer_a.o(i.Timer_A_configureUpDownMode), (70 bytes).
    Removing timer_a.o(i.Timer_A_configureUpMode), (70 bytes).
    Removing timer_a.o(i.Timer_A_disableCaptureCompareInterrupt), (28 bytes).
    Removing timer_a.o(i.Timer_A_disableInterrupt), (12 bytes).
    Removing timer_a.o(i.Timer_A_enableCaptureCompareInterrupt), (28 bytes).
    Removing timer_a.o(i.Timer_A_enableInterrupt), (12 bytes).
    Removing timer_a.o(i.Timer_A_getCaptureCompareCount), (18 bytes).
    Removing timer_a.o(i.Timer_A_getCaptureCompareEnabledInterruptStatus), (38 bytes).
    Removing timer_a.o(i.Timer_A_getCaptureCompareInterruptStatus), (20 bytes).
    Removing timer_a.o(i.Timer_A_getCounterValue), (28 bytes).
    Removing timer_a.o(i.Timer_A_getEnabledInterruptStatus), (18 bytes).
    Removing timer_a.o(i.Timer_A_getInterruptStatus), (8 bytes).
    Removing timer_a.o(i.Timer_A_getOutputForOutputModeOutBitValue), (32 bytes).
    Removing timer_a.o(i.Timer_A_getSynchronizedCaptureCompareInput), (24 bytes).
    Removing timer_a.o(i.Timer_A_initCapture), (68 bytes).
    Removing timer_a.o(i.Timer_A_initCompare), (40 bytes).
    Removing timer_a.o(i.Timer_A_registerInterrupt), (214 bytes).
    Removing timer_a.o(i.Timer_A_setOutputForOutputModeOutBitValue), (26 bytes).
    Removing timer_a.o(i.Timer_A_startCounter), (8 bytes).
    Removing timer_a.o(i.Timer_A_stopTimer), (10 bytes).
    Removing timer_a.o(i.Timer_A_unregisterInterrupt), (198 bytes).
    Removing timer32.o(.rev16_text), (4 bytes).
    Removing timer32.o(.revsh_text), (4 bytes).
    Removing timer32.o(.rrx_text), (6 bytes).
    Removing timer32.o(i.Timer32_disableInterrupt), (10 bytes).
    Removing timer32.o(i.Timer32_getInterruptStatus), (4 bytes).
    Removing timer32.o(i.Timer32_getValue), (4 bytes).
    Removing timer32.o(i.Timer32_haltTimer), (10 bytes).
    Removing timer32.o(i.Timer32_registerInterrupt), (18 bytes).
    Removing timer32.o(i.Timer32_setCountInBackground), (30 bytes).
    Removing timer32.o(i.Timer32_unregisterInterrupt), (18 bytes).
    Removing uart.o(.rev16_text), (4 bytes).
    Removing uart.o(.revsh_text), (4 bytes).
    Removing uart.o(.rrx_text), (6 bytes).
    Removing uart.o(i.UART_disableInterrupt), (26 bytes).
    Removing uart.o(i.UART_disableModule), (12 bytes).
    Removing uart.o(i.UART_getInterruptStatus), (6 bytes).
    Removing uart.o(i.UART_getReceiveBufferAddressForDMA), (4 bytes).
    Removing uart.o(i.UART_getTransmitBufferAddressForDMA), (4 bytes).
    Removing uart.o(i.UART_queryStatusFlags), (6 bytes).
    Removing uart.o(i.UART_registerInterrupt), (96 bytes).
    Removing uart.o(i.UART_resetDormant), (12 bytes).
    Removing uart.o(i.UART_selectDeglitchTime), (12 bytes).
    Removing uart.o(i.UART_setDormant), (12 bytes).
    Removing uart.o(i.UART_transmitAddress), (14 bytes).
    Removing uart.o(i.UART_transmitBreak), (48 bytes).
    Removing uart.o(i.UART_transmitData), (24 bytes).
    Removing uart.o(i.UART_unregisterInterrupt), (96 bytes).
    Removing wdt_a.o(.rev16_text), (4 bytes).
    Removing wdt_a.o(.revsh_text), (4 bytes).
    Removing wdt_a.o(.rrx_text), (6 bytes).
    Removing wdt_a.o(i.WDT_A_clearTimer), (24 bytes).
    Removing wdt_a.o(i.WDT_A_initIntervalTimer), (20 bytes).
    Removing wdt_a.o(i.WDT_A_initWatchdogTimer), (20 bytes).
    Removing wdt_a.o(i.WDT_A_registerInterrupt), (20 bytes).
    Removing wdt_a.o(i.WDT_A_setPasswordViolationReset), (4 bytes).
    Removing wdt_a.o(i.WDT_A_setTimeoutReset), (4 bytes).
    Removing wdt_a.o(i.WDT_A_startTimer), (20 bytes).
    Removing wdt_a.o(i.WDT_A_unregisterInterrupt), (18 bytes).
    Removing cpu.o(.rev16_text), (4 bytes).
    Removing cpu.o(.revsh_text), (4 bytes).
    Removing cpu.o(.rrx_text), (6 bytes).
    Removing sysctl.o(.rev16_text), (4 bytes).
    Removing sysctl.o(.revsh_text), (4 bytes).
    Removing sysctl.o(.rrx_text), (6 bytes).
    Removing sysctl.o(i.SysCtl_disableGlitchFilter), (16 bytes).
    Removing sysctl.o(i.SysCtl_disablePeripheralAtCPUHalt), (16 bytes).
    Removing sysctl.o(i.SysCtl_disableSRAMBank), (84 bytes).
    Removing sysctl.o(i.SysCtl_disableSRAMBankRetention), (24 bytes).
    Removing sysctl.o(i.SysCtl_enableGlitchFilter), (16 bytes).
    Removing sysctl.o(i.SysCtl_enablePeripheralAtCPUHalt), (16 bytes).
    Removing sysctl.o(i.SysCtl_enableSRAMBank), (24 bytes).
    Removing sysctl.o(i.SysCtl_enableSRAMBankRetention), (24 bytes).
    Removing sysctl.o(i.SysCtl_getFlashSize), (12 bytes).
    Removing sysctl.o(i.SysCtl_getSRAMSize), (12 bytes).
    Removing sysctl.o(i.SysCtl_getTempCalibrationConstant), (14 bytes).
    Removing sysctl.o(i.SysCtl_rebootDevice), (16 bytes).
    Removing sysctl.o(i.SysCtl_setWDTPasswordViolationResetType), (24 bytes).
    Removing sysctl.o(i.SysCtl_setWDTTimeoutResetType), (24 bytes).

222 unused section(s) (total 6404 bytes) removed from the image.

==============================================================================

Image Symbol Table

    Local Symbols

    Symbol Name                              Value     Ov Type        Size  Object(Section)

    RESET                                    0x00000000   Section      324  startup_msp432p401r_uvision.o(RESET)
    ../clib/microlib/division.c              0x00000000   Number         0  uidiv.o ABSOLUTE
    ../clib/microlib/division.c              0x00000000   Number         0  uldiv.o ABSOLUTE
    ../clib/microlib/init/entry.s            0x00000000   Number         0  entry7b.o ABSOLUTE
    ../clib/microlib/init/entry.s            0x00000000   Number         0  entry9a.o ABSOLUTE
    ../clib/microlib/init/entry.s            0x00000000   Number         0  entry12b.o ABSOLUTE
    ../clib/microlib/init/entry.s            0x00000000   Number         0  entry.o ABSOLUTE
    ../clib/microlib/init/entry.s            0x00000000   Number         0  entry2.o ABSOLUTE
    ../clib/microlib/init/entry.s            0x00000000   Number         0  entry8b.o ABSOLUTE
    ../clib/microlib/init/entry.s            0x00000000   Number         0  entry8a.o ABSOLUTE
    ../clib/microlib/init/entry.s            0x00000000   Number         0  entry7a.o ABSOLUTE
    ../clib/microlib/init/entry.s            0x00000000   Number         0  entry12a.o ABSOLUTE
    ../clib/microlib/init/entry.s            0x00000000   Number         0  entry9b.o ABSOLUTE
    ../clib/microlib/init/entry.s            0x00000000   Number         0  entry5.o ABSOLUTE
    ../clib/microlib/init/entry.s            0x00000000   Number         0  entry10a.o ABSOLUTE
    ../clib/microlib/init/entry.s            0x00000000   Number         0  entry10b.o ABSOLUTE
    ../clib/microlib/init/entry.s            0x00000000   Number         0  entry11a.o ABSOLUTE
    ../clib/microlib/init/entry.s            0x00000000   Number         0  entry11b.o ABSOLUTE
    ../clib/microlib/longlong.c              0x00000000   Number         0  llsshr.o ABSOLUTE
    ../clib/microlib/longlong.c              0x00000000   Number         0  llshl.o ABSOLUTE
    ../clib/microlib/longlong.c              0x00000000   Number         0  llushr.o ABSOLUTE
    ../clib/microlib/printf/printf.c         0x00000000   Number         0  printfa.o ABSOLUTE
    ../clib/microlib/string/memset.c         0x00000000   Number         0  memseta.o ABSOLUTE
    ../clib/microlib/stubs.s                 0x00000000   Number         0  useno.o ABSOLUTE
    ../clib/microlib/stubs.s                 0x00000000   Number         0  iusefp.o ABSOLUTE
    ../fplib/microlib/fpadd.c                0x00000000   Number         0  dadd.o ABSOLUTE
    ../fplib/microlib/fpdiv.c                0x00000000   Number         0  ddiv.o ABSOLUTE
    ../fplib/microlib/fpepilogue.c           0x00000000   Number         0  depilogue.o ABSOLUTE
    ../fplib/microlib/fpfix.c                0x00000000   Number         0  dfixul.o ABSOLUTE
    ../fplib/microlib/fpmul.c                0x00000000   Number         0  dmul.o ABSOLUTE
    ..\Hardware\buzzer\buzzer.c              0x00000000   Number         0  buzzer.o ABSOLUTE
    ..\Hardware\control\control.c            0x00000000   Number         0  control.o ABSOLUTE
    ..\Hardware\delay\delay.c                0x00000000   Number         0  delay.o ABSOLUTE
    ..\Hardware\encoder\encoder.c            0x00000000   Number         0  encoder.o ABSOLUTE
    ..\Hardware\key\Key.c                    0x00000000   Number         0  key.o ABSOLUTE
    ..\Hardware\led\led.c                    0x00000000   Number         0  led.o ABSOLUTE
    ..\Hardware\menu\menu.c                  0x00000000   Number         0  menu.o ABSOLUTE
    ..\Hardware\motor\motor.c                0x00000000   Number         0  motor.o ABSOLUTE
    ..\Hardware\oled\oled.c                  0x00000000   Number         0  oled.o ABSOLUTE
    ..\Hardware\sensor\sensor.c              0x00000000   Number         0  sensor.o ABSOLUTE
    ..\Hardware\system\system.c              0x00000000   Number         0  system.o ABSOLUTE
    ..\Hardware\timer\timer.c                0x00000000   Number         0  timer.o ABSOLUTE
    ..\Hardware\ultrasonic\ultrasonic.c      0x00000000   Number         0  ultrasonic.o ABSOLUTE
    ..\Hardware\zigbee\zigbee.c              0x00000000   Number         0  zigbee.o ABSOLUTE
    ..\\Hardware\\buzzer\\buzzer.c           0x00000000   Number         0  buzzer.o ABSOLUTE
    ..\\Hardware\\control\\control.c         0x00000000   Number         0  control.o ABSOLUTE
    ..\\Hardware\\delay\\delay.c             0x00000000   Number         0  delay.o ABSOLUTE
    ..\\Hardware\\encoder\\encoder.c         0x00000000   Number         0  encoder.o ABSOLUTE
    ..\\Hardware\\key\\Key.c                 0x00000000   Number         0  key.o ABSOLUTE
    ..\\Hardware\\led\\led.c                 0x00000000   Number         0  led.o ABSOLUTE
    ..\\Hardware\\menu\\menu.c               0x00000000   Number         0  menu.o ABSOLUTE
    ..\\Hardware\\motor\\motor.c             0x00000000   Number         0  motor.o ABSOLUTE
    ..\\Hardware\\oled\\oled.c               0x00000000   Number         0  oled.o ABSOLUTE
    ..\\Hardware\\sensor\\sensor.c           0x00000000   Number         0  sensor.o ABSOLUTE
    ..\\Hardware\\system\\system.c           0x00000000   Number         0  system.o ABSOLUTE
    ..\\Hardware\\timer\\timer.c             0x00000000   Number         0  timer.o ABSOLUTE
    ..\\Hardware\\ultrasonic\\ultrasonic.c   0x00000000   Number         0  ultrasonic.o ABSOLUTE
    ..\\Hardware\\zigbee\\zigbee.c           0x00000000   Number         0  zigbee.o ABSOLUTE
    RTE\Device\MSP432P401R\startup_msp432p401r_uvision.s 0x00000000   Number         0  startup_msp432p401r_uvision.o ABSOLUTE
    RTE\Device\MSP432P401R\system_msp432p401r.c 0x00000000   Number         0  system_msp432p401r.o ABSOLUTE
    RTE\\Device\\MSP432P401R\\system_msp432p401r.c 0x00000000   Number         0  system_msp432p401r.o ABSOLUTE
    cdrcmple.s                               0x00000000   Number         0  cdrcmple.o ABSOLUTE
    cpu.c                                    0x00000000   Number         0  cpu.o ABSOLUTE
    cpu.c                                    0x00000000   Number         0  cpu.o ABSOLUTE
    cs.c                                     0x00000000   Number         0  cs.o ABSOLUTE
    cs.c                                     0x00000000   Number         0  cs.o ABSOLUTE
    dc.s                                     0x00000000   Number         0  dc.o ABSOLUTE
    gpio.c                                   0x00000000   Number         0  gpio.o ABSOLUTE
    gpio.c                                   0x00000000   Number         0  gpio.o ABSOLUTE
    handlers.s                               0x00000000   Number         0  handlers.o ABSOLUTE
    init.s                                   0x00000000   Number         0  init.o ABSOLUTE
    interrupt.c                              0x00000000   Number         0  interrupt.o ABSOLUTE
    interrupt.c                              0x00000000   Number         0  interrupt.o ABSOLUTE
    main.c                                   0x00000000   Number         0  main.o ABSOLUTE
    main.c                                   0x00000000   Number         0  main.o ABSOLUTE
    sysctl.c                                 0x00000000   Number         0  sysctl.o ABSOLUTE
    sysctl.c                                 0x00000000   Number         0  sysctl.o ABSOLUTE
    timer32.c                                0x00000000   Number         0  timer32.o ABSOLUTE
    timer32.c                                0x00000000   Number         0  timer32.o ABSOLUTE
    timer_a.c                                0x00000000   Number         0  timer_a.o ABSOLUTE
    timer_a.c                                0x00000000   Number         0  timer_a.o ABSOLUTE
    uart.c                                   0x00000000   Number         0  uart.o ABSOLUTE
    uart.c                                   0x00000000   Number         0  uart.o ABSOLUTE
    wdt_a.c                                  0x00000000   Number         0  wdt_a.o ABSOLUTE
    wdt_a.c                                  0x00000000   Number         0  wdt_a.o ABSOLUTE
    .ARM.Collect$$$$00000000                 0x00000144   Section        0  entry.o(.ARM.Collect$$$$00000000)
    .ARM.Collect$$$$00000001                 0x00000144   Section        4  entry2.o(.ARM.Collect$$$$00000001)
    .ARM.Collect$$$$00000004                 0x00000148   Section        4  entry5.o(.ARM.Collect$$$$00000004)
    .ARM.Collect$$$$00000008                 0x0000014c   Section        0  entry7b.o(.ARM.Collect$$$$00000008)
    .ARM.Collect$$$$0000000A                 0x0000014c   Section        0  entry8b.o(.ARM.Collect$$$$0000000A)
    .ARM.Collect$$$$0000000B                 0x0000014c   Section        8  entry9a.o(.ARM.Collect$$$$0000000B)
    .ARM.Collect$$$$0000000E                 0x00000154   Section        4  entry12b.o(.ARM.Collect$$$$0000000E)
    .ARM.Collect$$$$0000000F                 0x00000158   Section        0  entry10a.o(.ARM.Collect$$$$0000000F)
    .ARM.Collect$$$$00000011                 0x00000158   Section        0  entry11a.o(.ARM.Collect$$$$00000011)
    .ARM.Collect$$$$00002712                 0x00000158   Section        4  entry2.o(.ARM.Collect$$$$00002712)
    __lit__00000000                          0x00000158   Data           4  entry2.o(.ARM.Collect$$$$00002712)
    .emb_text                                0x0000015c   Section       38  cpu.o(.emb_text)
    $v0                                      0x0000015c   Number         0  cpu.o(.emb_text)
    .text                                    0x00000184   Section       36  startup_msp432p401r_uvision.o(.text)
    $v0                                      0x00000184   Number         0  startup_msp432p401r_uvision.o(.text)
    .text                                    0x000001a8   Section        0  memseta.o(.text)
    .text                                    0x000001cc   Section        0  uidiv.o(.text)
    .text                                    0x000001f8   Section        0  uldiv.o(.text)
    .text                                    0x0000025a   Section        0  dadd.o(.text)
    .text                                    0x0000025a   Section        0  iusefp.o(.text)
    .text                                    0x000003a8   Section        0  dmul.o(.text)
    .text                                    0x0000048c   Section        0  ddiv.o(.text)
    .text                                    0x0000056a   Section        0  dfixul.o(.text)
    .text                                    0x0000059c   Section       48  cdrcmple.o(.text)
    .text                                    0x000005cc   Section       36  init.o(.text)
    .text                                    0x000005f0   Section        0  llshl.o(.text)
    .text                                    0x0000060e   Section        0  llushr.o(.text)
    .text                                    0x0000062e   Section        0  llsshr.o(.text)
    .text                                    0x00000652   Section        0  depilogue.o(.text)
    i.CS_getDCOFrequency                     0x0000070c   Section        0  cs.o(i.CS_getDCOFrequency)
    i.CS_getMCLK                             0x0000087c   Section        0  cs.o(i.CS_getMCLK)
    i.CS_setExternalClockSourceFrequency     0x00000894   Section        0  cs.o(i.CS_setExternalClockSourceFrequency)
    i.CS_startHFXT                           0x000008a0   Section        0  cs.o(i.CS_startHFXT)
    i.CS_startHFXTWithTimeout                0x000008a8   Section        0  cs.o(i.CS_startHFXTWithTimeout)
    i.CS_startLFXT                           0x000009ec   Section        0  cs.o(i.CS_startLFXT)
    i.CS_startLFXTWithTimeout                0x000009f4   Section        0  cs.o(i.CS_startLFXTWithTimeout)
    i.EUSCIA2_IRQHandler                     0x00000aa8   Section        0  zigbee.o(i.EUSCIA2_IRQHandler)
    i.EUSCIA3_IRQHandler                     0x00000ad4   Section        0  ultrasonic.o(i.EUSCIA3_IRQHandler)
    i.GPIO_clearInterruptFlag                0x00000b7c   Section        0  gpio.o(i.GPIO_clearInterruptFlag)
    i.GPIO_enableInterrupt                   0x00000b90   Section        0  gpio.o(i.GPIO_enableInterrupt)
    i.GPIO_getEnabledInterruptStatus         0x00000ba4   Section        0  gpio.o(i.GPIO_getEnabledInterruptStatus)
    i.GPIO_getInputPinValue                  0x00000bd8   Section        0  gpio.o(i.GPIO_getInputPinValue)
    i.GPIO_interruptEdgeSelect               0x00000bec   Section        0  gpio.o(i.GPIO_interruptEdgeSelect)
    i.GPIO_setAsInputPin                     0x00000c08   Section        0  gpio.o(i.GPIO_setAsInputPin)
    i.GPIO_setAsInputPinWithPullUpResistor   0x00000c30   Section        0  gpio.o(i.GPIO_setAsInputPinWithPullUpResistor)
    i.GPIO_setAsOutputPin                    0x00000c5c   Section        0  gpio.o(i.GPIO_setAsOutputPin)
    i.GPIO_setAsPeripheralModuleFunctionOutputPin 0x00000c7c   Section        0  gpio.o(i.GPIO_setAsPeripheralModuleFunctionOutputPin)
    i.GPIO_setOutputHighOnPin                0x00000cc4   Section        0  gpio.o(i.GPIO_setOutputHighOnPin)
    i.GPIO_setOutputLowOnPin                 0x00000cd8   Section        0  gpio.o(i.GPIO_setOutputLowOnPin)
    i.Interrupt_enableInterrupt              0x00000cec   Section        0  interrupt.o(i.Interrupt_enableInterrupt)
    i.Interrupt_enableMaster                 0x00000d50   Section        0  interrupt.o(i.Interrupt_enableMaster)
    i.LED_B_Off                              0x00000d5e   Section        0  led.o(i.LED_B_Off)
    i.LED_G_Off                              0x00000d70   Section        0  led.o(i.LED_G_Off)
    i.LED_Init                               0x00000d84   Section        0  led.o(i.LED_Init)
    i.LED_RED_Off                            0x00000db4   Section        0  led.o(i.LED_RED_Off)
    i.LED_RED_On                             0x00000dc6   Section        0  led.o(i.LED_RED_On)
    i.LED_R_Off                              0x00000dd8   Section        0  led.o(i.LED_R_Off)
    i.Limit                                  0x00000dec   Section        0  motor.o(i.Limit)
    i.Load                                   0x00000e38   Section        0  motor.o(i.Load)
    i.OLED_Clear                             0x00000eaa   Section        0  oled.o(i.OLED_Clear)
    i.OLED_I2C_Init                          0x00000ed4   Section        0  oled.o(i.OLED_I2C_Init)
    i.OLED_I2C_SendByte                      0x00000ef8   Section        0  oled.o(i.OLED_I2C_SendByte)
    i.OLED_I2C_Start                         0x00000f46   Section        0  oled.o(i.OLED_I2C_Start)
    i.OLED_I2C_Stop                          0x00000f6a   Section        0  oled.o(i.OLED_I2C_Stop)
    i.OLED_Init                              0x00000f86   Section        0  oled.o(i.OLED_Init)
    i.OLED_Print                             0x00001046   Section        0  oled.o(i.OLED_Print)
    i.OLED_SetCursor                         0x00001084   Section        0  oled.o(i.OLED_SetCursor)
    i.OLED_ShowChar                          0x000010a8   Section        0  oled.o(i.OLED_ShowChar)
    i.OLED_ShowString                        0x00001158   Section        0  oled.o(i.OLED_ShowString)
    i.OLED_WriteCommand                      0x00001184   Section        0  oled.o(i.OLED_WriteCommand)
    i.OLED_WriteData                         0x000011a4   Section        0  oled.o(i.OLED_WriteData)
    i.PORT4_IRQHandler                       0x000011c4   Section        0  encoder.o(i.PORT4_IRQHandler)
    i.SysCtl_disableNMISource                0x00001228   Section        0  sysctl.o(i.SysCtl_disableNMISource)
    i.SysCtl_enableNMISource                 0x00001238   Section        0  sysctl.o(i.SysCtl_enableNMISource)
    i.SysCtl_getNMISourceStatus              0x00001248   Section        0  sysctl.o(i.SysCtl_getNMISourceStatus)
    i.SysCtl_getTLVInfo                      0x00001254   Section        0  sysctl.o(i.SysCtl_getTLVInfo)
    i.SysInit                                0x000012a4   Section        0  system.o(i.SysInit)
    i.SystemInit                             0x00001330   Section        0  system_msp432p401r.o(i.SystemInit)
    i.T32_INT1_IRQHandler                    0x000013c8   Section        0  timer.o(i.T32_INT1_IRQHandler)
    i.Timer32_clearInterruptFlag             0x00001410   Section        0  timer32.o(i.Timer32_clearInterruptFlag)
    i.Timer32_enableInterrupt                0x0000141a   Section        0  timer32.o(i.Timer32_enableInterrupt)
    i.Timer32_initModule                     0x00001424   Section        0  timer32.o(i.Timer32_initModule)
    i.Timer32_setCount                       0x00001464   Section        0  timer32.o(i.Timer32_setCount)
    i.Timer32_startTimer                     0x00001482   Section        0  timer32.o(i.Timer32_startTimer)
    i.Timer_A_generatePWM                    0x0000149c   Section        0  timer_a.o(i.Timer_A_generatePWM)
    i.Timer_A_setCompareValue                0x000014ec   Section        0  timer_a.o(i.Timer_A_setCompareValue)
    i.UART_clearInterruptFlag                0x000014fe   Section        0  uart.o(i.UART_clearInterruptFlag)
    i.UART_enableInterrupt                   0x00001508   Section        0  uart.o(i.UART_enableInterrupt)
    i.UART_enableModule                      0x0000151e   Section        0  uart.o(i.UART_enableModule)
    i.UART_getEnabledInterruptStatus         0x0000152a   Section        0  uart.o(i.UART_getEnabledInterruptStatus)
    i.UART_initModule                        0x0000154c   Section        0  uart.o(i.UART_initModule)
    i.UART_receiveData                       0x000015d4   Section        0  uart.o(i.UART_receiveData)
    i.WDT_A_holdTimer                        0x000015f0   Section        0  wdt_a.o(i.WDT_A_holdTimer)
    i._CSComputeCLKFrequency                 0x00001608   Section        0  cs.o(i._CSComputeCLKFrequency)
    _CSComputeCLKFrequency                   0x00001609   Thumb Code   236  cs.o(i._CSComputeCLKFrequency)
    i.__0vsprintf                            0x00001714   Section        0  printfa.o(i.__0vsprintf)
    i.__scatterload_copy                     0x00001738   Section       14  handlers.o(i.__scatterload_copy)
    i.__scatterload_null                     0x00001746   Section        2  handlers.o(i.__scatterload_null)
    i.__scatterload_zeroinit                 0x00001748   Section       14  handlers.o(i.__scatterload_zeroinit)
    i._fp_digits                             0x00001758   Section        0  printfa.o(i._fp_digits)
    _fp_digits                               0x00001759   Thumb Code   366  printfa.o(i._fp_digits)
    i._printf_core                           0x000018dc   Section        0  printfa.o(i._printf_core)
    _printf_core                             0x000018dd   Thumb Code  1704  printfa.o(i._printf_core)
    i._printf_post_padding                   0x00001f90   Section        0  printfa.o(i._printf_post_padding)
    _printf_post_padding                     0x00001f91   Thumb Code    36  printfa.o(i._printf_post_padding)
    i._printf_pre_padding                    0x00001fb4   Section        0  printfa.o(i._printf_pre_padding)
    _printf_pre_padding                      0x00001fb5   Thumb Code    46  printfa.o(i._printf_pre_padding)
    i._sputc                                 0x00001fe2   Section        0  printfa.o(i._sputc)
    _sputc                                   0x00001fe3   Thumb Code    10  printfa.o(i._sputc)
    i.buzzer_init                            0x00001fec   Section        0  buzzer.o(i.buzzer_init)
    i.changeLockFlag                         0x00002000   Section        0  control.o(i.changeLockFlag)
    i.delay_init                             0x00002024   Section        0  delay.o(i.delay_init)
    i.delay_ms                               0x00002050   Section        0  delay.o(i.delay_ms)
    i.delay_us                               0x00002068   Section        0  delay.o(i.delay_us)
    i.encoder_init                           0x000020b4   Section        0  encoder.o(i.encoder_init)
    i.encoder_read                           0x00002118   Section        0  encoder.o(i.encoder_read)
    i.keyScan                                0x00002134   Section        0  key.o(i.keyScan)
    i.key_init                               0x00002254   Section        0  key.o(i.key_init)
    i.linePid                                0x00002278   Section        0  control.o(i.linePid)
    i.main                                   0x0000230c   Section        0  main.o(i.main)
    i.mainControl                            0x00002354   Section        0  control.o(i.mainControl)
    i.mainMenu                               0x000024a0   Section        0  menu.o(i.mainMenu)
    i.motor_init                             0x0000257c   Section        0  motor.o(i.motor_init)
    i.motor_pwm_init                         0x000025c0   Section        0  motor.o(i.motor_pwm_init)
    i.privateTimer_AProcessClockSourceDivider 0x0000260c   Section        0  timer_a.o(i.privateTimer_AProcessClockSourceDivider)
    privateTimer_AProcessClockSourceDivider  0x0000260d   Thumb Code   190  timer_a.o(i.privateTimer_AProcessClockSourceDivider)
    i.sensorOffset                           0x000026cc   Section        0  sensor.o(i.sensorOffset)
    i.sensorRade                             0x00002aa8   Section        0  sensor.o(i.sensorRade)
    i.sensor_init                            0x00002bbc   Section        0  sensor.o(i.sensor_init)
    i.timer_init                             0x00002c00   Section        0  timer.o(i.timer_init)
    i.ultrasonic_init                        0x00002c40   Section        0  ultrasonic.o(i.ultrasonic_init)
    i.velocityPid                            0x00002c94   Section        0  control.o(i.velocityPid)
    i.zigbee_init                            0x00002d24   Section        0  zigbee.o(i.zigbee_init)
    .constdata                               0x00002d78   Section     1520  oled.o(.constdata)
    .constdata                               0x00003368   Section      144  interrupt.o(.constdata)
    g_pulEnRegs                              0x00003368   Data           8  interrupt.o(.constdata)
    g_pulDisRegs                             0x00003370   Data           8  interrupt.o(.constdata)
    g_pulPendRegs                            0x00003378   Data           8  interrupt.o(.constdata)
    g_pulUnpendRegs                          0x00003380   Data           8  interrupt.o(.constdata)
    g_pulPriority                            0x00003388   Data          32  interrupt.o(.constdata)
    g_pulRegs                                0x000033a8   Data          80  interrupt.o(.constdata)
    .data                                    0x20000000   Section        1  delay.o(.data)
    fac_us                                   0x20000000   Data           1  delay.o(.data)
    .data                                    0x20000004   Section        8  motor.o(.data)
    .data                                    0x2000000c   Section        8  encoder.o(.data)
    enc_cnt                                  0x2000000c   Data           8  encoder.o(.data)
    .data                                    0x20000014   Section       24  timer.o(.data)
    .data                                    0x2000002c   Section       80  control.o(.data)
    last_err                                 0x20000048   Data           4  control.o(.data)
    prev_err                                 0x2000004c   Data           4  control.o(.data)
    last_out                                 0x20000050   Data           4  control.o(.data)
    PWM_out                                  0x20000054   Data           4  control.o(.data)
    error                                    0x20000058   Data           4  control.o(.data)
    last_error                               0x2000005c   Data           4  control.o(.data)
    error_int                                0x20000060   Data           4  control.o(.data)
    PWM_out                                  0x20000064   Data           4  control.o(.data)
    error                                    0x20000068   Data           4  control.o(.data)
    last_error                               0x2000006c   Data           4  control.o(.data)
    error_int                                0x20000070   Data           4  control.o(.data)
    stateFlag                                0x20000074   Data           1  control.o(.data)
    myTime                                   0x20000078   Data           4  control.o(.data)
    .data                                    0x2000007c   Section        5  zigbee.o(.data)
    .data                                    0x20000084   Section       16  ultrasonic.o(.data)
    flt_val                                  0x20000090   Data           4  ultrasonic.o(.data)
    .data                                    0x20000094   Section        8  cs.o(.data)
    hfxtFreq                                 0x20000094   Data           4  cs.o(.data)
    lfxtFreq                                 0x20000098   Data           4  cs.o(.data)
    .data                                    0x2000009c   Section       48  gpio.o(.data)
    GPIO_PORT_TO_BASE                        0x2000009c   Data          48  gpio.o(.data)
    .bss                                     0x200000cc   Section       20  key.o(.bss)
    .bss                                     0x200000e0   Section        9  sensor.o(.bss)
    STACK                                    0x200000f0   Section      512  startup_msp432p401r_uvision.o(STACK)

    Global Symbols

    Symbol Name                              Value     Ov Type        Size  Object(Section)

    BuildAttributes$$THM_ISAv4$E$P$D$K$B$S$7EM$VFPi3$EXTD16$VFPS$VFMA$PE$A:L22UL41UL21$X:L11$S22US41US21$IEEE1$IW$USESV6$~STKCKD$USESV7$~SHL$OTIME$ROPI$EBA8$MICROLIB$REQ8$PRES8$EABIv2 0x00000000   Number         0  anon$$obj.o ABSOLUTE
    __ARM_use_no_argv                        0x00000000   Number         0  main.o ABSOLUTE
    __Vectors                                0x00000000   Data           4  startup_msp432p401r_uvision.o(RESET)
    __use_no_errno                           0x00000000   Number         0  useno.o ABSOLUTE
    __use_no_exception_handling              0x00000000   Number         0  useno.o ABSOLUTE
    __use_no_fp                              0x00000000   Number         0  useno.o ABSOLUTE
    __use_no_heap                            0x00000000   Number         0  useno.o ABSOLUTE
    __use_no_heap_region                     0x00000000   Number         0  useno.o ABSOLUTE
    __use_no_semihosting                     0x00000000   Number         0  useno.o ABSOLUTE
    __use_no_semihosting_swi                 0x00000000   Number         0  useno.o ABSOLUTE
    __use_no_signal_handling                 0x00000000   Number         0  useno.o ABSOLUTE
    __arm_fini_                               - Undefined Weak Reference
    __cpp_initialize__aeabi_                  - Undefined Weak Reference
    __cxa_finalize                            - Undefined Weak Reference
    __decompress                              - Undefined Weak Reference
    _clock_init                               - Undefined Weak Reference
    _microlib_exit                            - Undefined Weak Reference
    __Vectors_End                            0x00000144   Data           0  startup_msp432p401r_uvision.o(RESET)
    __Vectors_Size                           0x00000144   Number         0  startup_msp432p401r_uvision.o ABSOLUTE
    __main                                   0x00000145   Thumb Code     0  entry.o(.ARM.Collect$$$$00000000)
    _main_stk                                0x00000145   Thumb Code     0  entry2.o(.ARM.Collect$$$$00000001)
    _main_scatterload                        0x00000149   Thumb Code     0  entry5.o(.ARM.Collect$$$$00000004)
    __main_after_scatterload                 0x0000014d   Thumb Code     0  entry5.o(.ARM.Collect$$$$00000004)
    _main_clock                              0x0000014d   Thumb Code     0  entry7b.o(.ARM.Collect$$$$00000008)
    _main_cpp_init                           0x0000014d   Thumb Code     0  entry8b.o(.ARM.Collect$$$$0000000A)
    _main_init                               0x0000014d   Thumb Code     0  entry9a.o(.ARM.Collect$$$$0000000B)
    __rt_lib_shutdown_fini                   0x00000155   Thumb Code     0  entry12b.o(.ARM.Collect$$$$0000000E)
    __rt_final_cpp                           0x00000159   Thumb Code     0  entry10a.o(.ARM.Collect$$$$0000000F)
    __rt_final_exit                          0x00000159   Thumb Code     0  entry11a.o(.ARM.Collect$$$$00000011)
    CPU_cpsid                                0x0000015d   Thumb Code     8  cpu.o(.emb_text)
    CPU_primask                              0x00000165   Thumb Code     6  cpu.o(.emb_text)
    CPU_cpsie                                0x0000016b   Thumb Code     8  cpu.o(.emb_text)
    CPU_wfi                                  0x00000173   Thumb Code     4  cpu.o(.emb_text)
    CPU_basepriSet                           0x00000177   Thumb Code     6  cpu.o(.emb_text)
    CPU_basepriGet                           0x0000017d   Thumb Code     6  cpu.o(.emb_text)
    Reset_Handler                            0x00000185   Thumb Code     8  startup_msp432p401r_uvision.o(.text)
    NMI_Handler                              0x0000018d   Thumb Code     2  startup_msp432p401r_uvision.o(.text)
    HardFault_Handler                        0x0000018f   Thumb Code     2  startup_msp432p401r_uvision.o(.text)
    MemManage_Handler                        0x00000191   Thumb Code     2  startup_msp432p401r_uvision.o(.text)
    BusFault_Handler                         0x00000193   Thumb Code     2  startup_msp432p401r_uvision.o(.text)
    UsageFault_Handler                       0x00000195   Thumb Code     2  startup_msp432p401r_uvision.o(.text)
    SVC_Handler                              0x00000197   Thumb Code     2  startup_msp432p401r_uvision.o(.text)
    DebugMon_Handler                         0x00000199   Thumb Code     2  startup_msp432p401r_uvision.o(.text)
    PendSV_Handler                           0x0000019b   Thumb Code     2  startup_msp432p401r_uvision.o(.text)
    SysTick_Handler                          0x0000019d   Thumb Code     2  startup_msp432p401r_uvision.o(.text)
    ADC14_IRQHandler                         0x0000019f   Thumb Code     0  startup_msp432p401r_uvision.o(.text)
    AES256_IRQHandler                        0x0000019f   Thumb Code     0  startup_msp432p401r_uvision.o(.text)
    COMP_E0_IRQHandler                       0x0000019f   Thumb Code     0  startup_msp432p401r_uvision.o(.text)
    COMP_E1_IRQHandler                       0x0000019f   Thumb Code     0  startup_msp432p401r_uvision.o(.text)
    CS_IRQHandler                            0x0000019f   Thumb Code     0  startup_msp432p401r_uvision.o(.text)
    DMA_ERR_IRQHandler                       0x0000019f   Thumb Code     0  startup_msp432p401r_uvision.o(.text)
    DMA_INT0_IRQHandler                      0x0000019f   Thumb Code     0  startup_msp432p401r_uvision.o(.text)
    DMA_INT1_IRQHandler                      0x0000019f   Thumb Code     0  startup_msp432p401r_uvision.o(.text)
    DMA_INT2_IRQHandler                      0x0000019f   Thumb Code     0  startup_msp432p401r_uvision.o(.text)
    DMA_INT3_IRQHandler                      0x0000019f   Thumb Code     0  startup_msp432p401r_uvision.o(.text)
    EUSCIA0_IRQHandler                       0x0000019f   Thumb Code     0  startup_msp432p401r_uvision.o(.text)
    EUSCIA1_IRQHandler                       0x0000019f   Thumb Code     0  startup_msp432p401r_uvision.o(.text)
    EUSCIB0_IRQHandler                       0x0000019f   Thumb Code     0  startup_msp432p401r_uvision.o(.text)
    EUSCIB1_IRQHandler                       0x0000019f   Thumb Code     0  startup_msp432p401r_uvision.o(.text)
    EUSCIB2_IRQHandler                       0x0000019f   Thumb Code     0  startup_msp432p401r_uvision.o(.text)
    EUSCIB3_IRQHandler                       0x0000019f   Thumb Code     0  startup_msp432p401r_uvision.o(.text)
    FLCTL_IRQHandler                         0x0000019f   Thumb Code     0  startup_msp432p401r_uvision.o(.text)
    FPU_IRQHandler                           0x0000019f   Thumb Code     0  startup_msp432p401r_uvision.o(.text)
    PCM_IRQHandler                           0x0000019f   Thumb Code     0  startup_msp432p401r_uvision.o(.text)
    PORT1_IRQHandler                         0x0000019f   Thumb Code     0  startup_msp432p401r_uvision.o(.text)
    PORT2_IRQHandler                         0x0000019f   Thumb Code     0  startup_msp432p401r_uvision.o(.text)
    PORT3_IRQHandler                         0x0000019f   Thumb Code     0  startup_msp432p401r_uvision.o(.text)
    PORT5_IRQHandler                         0x0000019f   Thumb Code     0  startup_msp432p401r_uvision.o(.text)
    PORT6_IRQHandler                         0x0000019f   Thumb Code     0  startup_msp432p401r_uvision.o(.text)
    PSS_IRQHandler                           0x0000019f   Thumb Code     0  startup_msp432p401r_uvision.o(.text)
    RTC_C_IRQHandler                         0x0000019f   Thumb Code     0  startup_msp432p401r_uvision.o(.text)
    T32_INT2_IRQHandler                      0x0000019f   Thumb Code     0  startup_msp432p401r_uvision.o(.text)
    T32_INTC_IRQHandler                      0x0000019f   Thumb Code     0  startup_msp432p401r_uvision.o(.text)
    TA0_0_IRQHandler                         0x0000019f   Thumb Code     0  startup_msp432p401r_uvision.o(.text)
    TA0_N_IRQHandler                         0x0000019f   Thumb Code     0  startup_msp432p401r_uvision.o(.text)
    TA1_0_IRQHandler                         0x0000019f   Thumb Code     0  startup_msp432p401r_uvision.o(.text)
    TA1_N_IRQHandler                         0x0000019f   Thumb Code     0  startup_msp432p401r_uvision.o(.text)
    TA2_0_IRQHandler                         0x0000019f   Thumb Code     0  startup_msp432p401r_uvision.o(.text)
    TA2_N_IRQHandler                         0x0000019f   Thumb Code     0  startup_msp432p401r_uvision.o(.text)
    TA3_0_IRQHandler                         0x0000019f   Thumb Code     0  startup_msp432p401r_uvision.o(.text)
    TA3_N_IRQHandler                         0x0000019f   Thumb Code     0  startup_msp432p401r_uvision.o(.text)
    WDT_A_IRQHandler                         0x0000019f   Thumb Code     0  startup_msp432p401r_uvision.o(.text)
    __aeabi_memset                           0x000001a9   Thumb Code    14  memseta.o(.text)
    __aeabi_memset4                          0x000001a9   Thumb Code     0  memseta.o(.text)
    __aeabi_memset8                          0x000001a9   Thumb Code     0  memseta.o(.text)
    __aeabi_memclr                           0x000001b7   Thumb Code     4  memseta.o(.text)
    __aeabi_memclr4                          0x000001b7   Thumb Code     0  memseta.o(.text)
    __aeabi_memclr8                          0x000001b7   Thumb Code     0  memseta.o(.text)
    _memset$wrapper                          0x000001bb   Thumb Code    18  memseta.o(.text)
    __aeabi_uidiv                            0x000001cd   Thumb Code     0  uidiv.o(.text)
    __aeabi_uidivmod                         0x000001cd   Thumb Code    44  uidiv.o(.text)
    __aeabi_uldivmod                         0x000001f9   Thumb Code    98  uldiv.o(.text)
    __I$use$fp                               0x0000025b   Thumb Code     0  iusefp.o(.text)
    __aeabi_dadd                             0x0000025b   Thumb Code   322  dadd.o(.text)
    __aeabi_dsub                             0x0000039d   Thumb Code     6  dadd.o(.text)
    __aeabi_drsub                            0x000003a3   Thumb Code     6  dadd.o(.text)
    __aeabi_dmul                             0x000003a9   Thumb Code   228  dmul.o(.text)
    __aeabi_ddiv                             0x0000048d   Thumb Code   222  ddiv.o(.text)
    __aeabi_d2ulz                            0x0000056b   Thumb Code    48  dfixul.o(.text)
    __aeabi_cdrcmple                         0x0000059d   Thumb Code    48  cdrcmple.o(.text)
    __scatterload                            0x000005cd   Thumb Code    28  init.o(.text)
    __scatterload_rt2                        0x000005cd   Thumb Code     0  init.o(.text)
    __aeabi_llsl                             0x000005f1   Thumb Code    30  llshl.o(.text)
    _ll_shift_l                              0x000005f1   Thumb Code     0  llshl.o(.text)
    __aeabi_llsr                             0x0000060f   Thumb Code    32  llushr.o(.text)
    _ll_ushift_r                             0x0000060f   Thumb Code     0  llushr.o(.text)
    __aeabi_lasr                             0x0000062f   Thumb Code    36  llsshr.o(.text)
    _ll_sshift_r                             0x0000062f   Thumb Code     0  llsshr.o(.text)
    _double_round                            0x00000653   Thumb Code    30  depilogue.o(.text)
    _double_epilogue                         0x00000671   Thumb Code   156  depilogue.o(.text)
    CS_getDCOFrequency                       0x0000070d   Thumb Code   332  cs.o(i.CS_getDCOFrequency)
    CS_getMCLK                               0x0000087d   Thumb Code    20  cs.o(i.CS_getMCLK)
    CS_setExternalClockSourceFrequency       0x00000895   Thumb Code     8  cs.o(i.CS_setExternalClockSourceFrequency)
    CS_startHFXT                             0x000008a1   Thumb Code     6  cs.o(i.CS_startHFXT)
    CS_startHFXTWithTimeout                  0x000008a9   Thumb Code   262  cs.o(i.CS_startHFXTWithTimeout)
    CS_startLFXT                             0x000009ed   Thumb Code     6  cs.o(i.CS_startLFXT)
    CS_startLFXTWithTimeout                  0x000009f5   Thumb Code   158  cs.o(i.CS_startLFXTWithTimeout)
    EUSCIA2_IRQHandler                       0x00000aa9   Thumb Code    36  zigbee.o(i.EUSCIA2_IRQHandler)
    EUSCIA3_IRQHandler                       0x00000ad5   Thumb Code   140  ultrasonic.o(i.EUSCIA3_IRQHandler)
    GPIO_clearInterruptFlag                  0x00000b7d   Thumb Code    16  gpio.o(i.GPIO_clearInterruptFlag)
    GPIO_enableInterrupt                     0x00000b91   Thumb Code    14  gpio.o(i.GPIO_enableInterrupt)
    GPIO_getEnabledInterruptStatus           0x00000ba5   Thumb Code    48  gpio.o(i.GPIO_getEnabledInterruptStatus)
    GPIO_getInputPinValue                    0x00000bd9   Thumb Code    16  gpio.o(i.GPIO_getInputPinValue)
    GPIO_interruptEdgeSelect                 0x00000bed   Thumb Code    22  gpio.o(i.GPIO_interruptEdgeSelect)
    GPIO_setAsInputPin                       0x00000c09   Thumb Code    34  gpio.o(i.GPIO_setAsInputPin)
    GPIO_setAsInputPinWithPullUpResistor     0x00000c31   Thumb Code    38  gpio.o(i.GPIO_setAsInputPinWithPullUpResistor)
    GPIO_setAsOutputPin                      0x00000c5d   Thumb Code    26  gpio.o(i.GPIO_setAsOutputPin)
    GPIO_setAsPeripheralModuleFunctionOutputPin 0x00000c7d   Thumb Code    68  gpio.o(i.GPIO_setAsPeripheralModuleFunctionOutputPin)
    GPIO_setOutputHighOnPin                  0x00000cc5   Thumb Code    14  gpio.o(i.GPIO_setOutputHighOnPin)
    GPIO_setOutputLowOnPin                   0x00000cd9   Thumb Code    16  gpio.o(i.GPIO_setOutputLowOnPin)
    Interrupt_enableInterrupt                0x00000ced   Thumb Code    92  interrupt.o(i.Interrupt_enableInterrupt)
    Interrupt_enableMaster                   0x00000d51   Thumb Code    14  interrupt.o(i.Interrupt_enableMaster)
    LED_B_Off                                0x00000d5f   Thumb Code    18  led.o(i.LED_B_Off)
    LED_G_Off                                0x00000d71   Thumb Code    18  led.o(i.LED_G_Off)
    LED_Init                                 0x00000d85   Thumb Code    44  led.o(i.LED_Init)
    LED_RED_Off                              0x00000db5   Thumb Code    18  led.o(i.LED_RED_Off)
    LED_RED_On                               0x00000dc7   Thumb Code    18  led.o(i.LED_RED_On)
    LED_R_Off                                0x00000dd9   Thumb Code    18  led.o(i.LED_R_Off)
    Limit                                    0x00000ded   Thumb Code    66  motor.o(i.Limit)
    Load                                     0x00000e39   Thumb Code   114  motor.o(i.Load)
    OLED_Clear                               0x00000eab   Thumb Code    42  oled.o(i.OLED_Clear)
    OLED_I2C_Init                            0x00000ed5   Thumb Code    36  oled.o(i.OLED_I2C_Init)
    OLED_I2C_SendByte                        0x00000ef9   Thumb Code    78  oled.o(i.OLED_I2C_SendByte)
    OLED_I2C_Start                           0x00000f47   Thumb Code    36  oled.o(i.OLED_I2C_Start)
    OLED_I2C_Stop                            0x00000f6b   Thumb Code    28  oled.o(i.OLED_I2C_Stop)
    OLED_Init                                0x00000f87   Thumb Code   192  oled.o(i.OLED_Init)
    OLED_Print                               0x00001047   Thumb Code    62  oled.o(i.OLED_Print)
    OLED_SetCursor                           0x00001085   Thumb Code    34  oled.o(i.OLED_SetCursor)
    OLED_ShowChar                            0x000010a9   Thumb Code   172  oled.o(i.OLED_ShowChar)
    OLED_ShowString                          0x00001159   Thumb Code    44  oled.o(i.OLED_ShowString)
    OLED_WriteCommand                        0x00001185   Thumb Code    32  oled.o(i.OLED_WriteCommand)
    OLED_WriteData                           0x000011a5   Thumb Code    32  oled.o(i.OLED_WriteData)
    PORT4_IRQHandler                         0x000011c5   Thumb Code    96  encoder.o(i.PORT4_IRQHandler)
    SysCtl_disableNMISource                  0x00001229   Thumb Code    12  sysctl.o(i.SysCtl_disableNMISource)
    SysCtl_enableNMISource                   0x00001239   Thumb Code    10  sysctl.o(i.SysCtl_enableNMISource)
    SysCtl_getNMISourceStatus                0x00001249   Thumb Code     6  sysctl.o(i.SysCtl_getNMISourceStatus)
    SysCtl_getTLVInfo                        0x00001255   Thumb Code    72  sysctl.o(i.SysCtl_getTLVInfo)
    SysInit                                  0x000012a5   Thumb Code   132  system.o(i.SysInit)
    SystemInit                               0x00001331   Thumb Code   118  system_msp432p401r.o(i.SystemInit)
    T32_INT1_IRQHandler                      0x000013c9   Thumb Code    52  timer.o(i.T32_INT1_IRQHandler)
    Timer32_clearInterruptFlag               0x00001411   Thumb Code    10  timer32.o(i.Timer32_clearInterruptFlag)
    Timer32_enableInterrupt                  0x0000141b   Thumb Code    10  timer32.o(i.Timer32_enableInterrupt)
    Timer32_initModule                       0x00001425   Thumb Code    64  timer32.o(i.Timer32_initModule)
    Timer32_setCount                         0x00001465   Thumb Code    30  timer32.o(i.Timer32_setCount)
    Timer32_startTimer                       0x00001483   Thumb Code    26  timer32.o(i.Timer32_startTimer)
    Timer_A_generatePWM                      0x0000149d   Thumb Code    80  timer_a.o(i.Timer_A_generatePWM)
    Timer_A_setCompareValue                  0x000014ed   Thumb Code    18  timer_a.o(i.Timer_A_setCompareValue)
    UART_clearInterruptFlag                  0x000014ff   Thumb Code    10  uart.o(i.UART_clearInterruptFlag)
    UART_enableInterrupt                     0x00001509   Thumb Code    22  uart.o(i.UART_enableInterrupt)
    UART_enableModule                        0x0000151f   Thumb Code    12  uart.o(i.UART_enableModule)
    UART_getEnabledInterruptStatus           0x0000152b   Thumb Code    34  uart.o(i.UART_getEnabledInterruptStatus)
    UART_initModule                          0x0000154d   Thumb Code   136  uart.o(i.UART_initModule)
    UART_receiveData                         0x000015d5   Thumb Code    26  uart.o(i.UART_receiveData)
    WDT_A_holdTimer                          0x000015f1   Thumb Code    18  wdt_a.o(i.WDT_A_holdTimer)
    __0vsprintf                              0x00001715   Thumb Code    30  printfa.o(i.__0vsprintf)
    __1vsprintf                              0x00001715   Thumb Code     0  printfa.o(i.__0vsprintf)
    __2vsprintf                              0x00001715   Thumb Code     0  printfa.o(i.__0vsprintf)
    __c89vsprintf                            0x00001715   Thumb Code     0  printfa.o(i.__0vsprintf)
    vsprintf                                 0x00001715   Thumb Code     0  printfa.o(i.__0vsprintf)
    __scatterload_copy                       0x00001739   Thumb Code    14  handlers.o(i.__scatterload_copy)
    __scatterload_null                       0x00001747   Thumb Code     2  handlers.o(i.__scatterload_null)
    __scatterload_zeroinit                   0x00001749   Thumb Code    14  handlers.o(i.__scatterload_zeroinit)
    buzzer_init                              0x00001fed   Thumb Code    20  buzzer.o(i.buzzer_init)
    changeLockFlag                           0x00002001   Thumb Code    26  control.o(i.changeLockFlag)
    delay_init                               0x00002025   Thumb Code    34  delay.o(i.delay_init)
    delay_ms                                 0x00002051   Thumb Code    24  delay.o(i.delay_ms)
    delay_us                                 0x00002069   Thumb Code    72  delay.o(i.delay_us)
    encoder_init                             0x000020b5   Thumb Code   100  encoder.o(i.encoder_init)
    encoder_read                             0x00002119   Thumb Code    24  encoder.o(i.encoder_read)
    keyScan                                  0x00002135   Thumb Code   284  key.o(i.keyScan)
    key_init                                 0x00002255   Thumb Code    36  key.o(i.key_init)
    linePid                                  0x00002279   Thumb Code   124  control.o(i.linePid)
    main                                     0x0000230d   Thumb Code    68  main.o(i.main)
    mainControl                              0x00002355   Thumb Code   298  control.o(i.mainControl)
    mainMenu                                 0x000024a1   Thumb Code   144  menu.o(i.mainMenu)
    motor_init                               0x0000257d   Thumb Code    68  motor.o(i.motor_init)
    motor_pwm_init                           0x000025c1   Thumb Code    76  motor.o(i.motor_pwm_init)
    sensorOffset                             0x000026cd   Thumb Code   982  sensor.o(i.sensorOffset)
    sensorRade                               0x00002aa9   Thumb Code   266  sensor.o(i.sensorRade)
    sensor_init                              0x00002bbd   Thumb Code    68  sensor.o(i.sensor_init)
    timer_init                               0x00002c01   Thumb Code    58  timer.o(i.timer_init)
    ultrasonic_init                          0x00002c41   Thumb Code    80  ultrasonic.o(i.ultrasonic_init)
    velocityPid                              0x00002c95   Thumb Code   128  control.o(i.velocityPid)
    zigbee_init                              0x00002d25   Thumb Code    80  zigbee.o(i.zigbee_init)
    OLED_F8x16                               0x00002d78   Data        1520  oled.o(.constdata)
    Region$$Table$$Base                      0x000033f8   Number         0  anon$$obj.o(Region$$Table)
    Region$$Table$$Limit                     0x00003418   Number         0  anon$$obj.o(Region$$Table)
    PWM_MAX                                  0x20000004   Data           4  motor.o(.data)
    PWM_MIN                                  0x20000008   Data           4  motor.o(.data)
    startFlag                                0x20000014   Data           1  timer.o(.data)
    Stop_Flag                                0x20000018   Data           4  timer.o(.data)
    Stop_Time                                0x2000001c   Data           4  timer.o(.data)
    Now_Time                                 0x20000020   Data           4  timer.o(.data)
    Last_Time                                0x20000024   Data           4  timer.o(.data)
    Time_Diff                                0x20000028   Data           4  timer.o(.data)
    leftSpeed                                0x2000002c   Data           4  control.o(.data)
    rightSpeed                               0x20000030   Data           4  control.o(.data)
    speedSum                                 0x20000034   Data           4  control.o(.data)
    targetSpeed                              0x20000038   Data           4  control.o(.data)
    stopFlag                                 0x2000003c   Data           1  control.o(.data)
    turnFlag                                 0x2000003d   Data           1  control.o(.data)
    lockFlag                                 0x2000003e   Data           1  control.o(.data)
    myCountTime                              0x20000040   Data           4  control.o(.data)
    turnNum                                  0x20000044   Data           4  control.o(.data)
    __stdout                                 0x2000007c   Data           4  zigbee.o(.data)
    zigbeeFlag                               0x20000080   Data           1  zigbee.o(.data)
    dat_buf                                  0x20000084   Data           4  ultrasonic.o(.data)
    num_idx                                  0x20000088   Data           1  ultrasonic.o(.data)
    distance                                 0x2000008c   Data           4  ultrasonic.o(.data)
    key                                      0x200000cc   Data          20  key.o(.bss)
    sensor                                   0x200000e0   Data           9  sensor.o(.bss)
    __initial_sp                             0x200002f0   Data           0  startup_msp432p401r_uvision.o(STACK)



==============================================================================

Memory Map of the image

  Image Entry point : 0x00000145

  Load Region LR_IROM1 (Base: 0x00000000, Size: 0x000034e4, Max: 0x00040000, ABSOLUTE)

    Execution Region ER_IROM1 (Exec base: 0x00000000, Load base: 0x00000000, Size: 0x00003418, Max: 0x00040000, ABSOLUTE)

    Exec Addr    Load Addr    Size         Type   Attr      Idx    E Section Name        Object

    0x00000000   0x00000000   0x00000144   Data   RO          215    RESET               startup_msp432p401r_uvision.o
    0x00000144   0x00000144   0x00000000   Code   RO         1373  * .ARM.Collect$$$$00000000  mc_w.l(entry.o)
    0x00000144   0x00000144   0x00000004   Code   RO         1406    .ARM.Collect$$$$00000001  mc_w.l(entry2.o)
    0x00000148   0x00000148   0x00000004   Code   RO         1409    .ARM.Collect$$$$00000004  mc_w.l(entry5.o)
    0x0000014c   0x0000014c   0x00000000   Code   RO         1411    .ARM.Collect$$$$00000008  mc_w.l(entry7b.o)
    0x0000014c   0x0000014c   0x00000000   Code   RO         1413    .ARM.Collect$$$$0000000A  mc_w.l(entry8b.o)
    0x0000014c   0x0000014c   0x00000008   Code   RO         1414    .ARM.Collect$$$$0000000B  mc_w.l(entry9a.o)
    0x00000154   0x00000154   0x00000004   Code   RO         1421    .ARM.Collect$$$$0000000E  mc_w.l(entry12b.o)
    0x00000158   0x00000158   0x00000000   Code   RO         1416    .ARM.Collect$$$$0000000F  mc_w.l(entry10a.o)
    0x00000158   0x00000158   0x00000000   Code   RO         1418    .ARM.Collect$$$$00000011  mc_w.l(entry11a.o)
    0x00000158   0x00000158   0x00000004   Code   RO         1407    .ARM.Collect$$$$00002712  mc_w.l(entry2.o)
    0x0000015c   0x0000015c   0x00000026   Code   RO         1326    .emb_text           msp432p4xx_driverlib.lib(cpu.o)
    0x00000182   0x00000182   0x00000002   PAD
    0x00000184   0x00000184   0x00000024   Code   RO          216    .text               startup_msp432p401r_uvision.o
    0x000001a8   0x000001a8   0x00000024   Code   RO         1376    .text               mc_w.l(memseta.o)
    0x000001cc   0x000001cc   0x0000002c   Code   RO         1422    .text               mc_w.l(uidiv.o)
    0x000001f8   0x000001f8   0x00000062   Code   RO         1424    .text               mc_w.l(uldiv.o)
    0x0000025a   0x0000025a   0x00000000   Code   RO         1426    .text               mc_w.l(iusefp.o)
    0x0000025a   0x0000025a   0x0000014e   Code   RO         1427    .text               mf_w.l(dadd.o)
    0x000003a8   0x000003a8   0x000000e4   Code   RO         1429    .text               mf_w.l(dmul.o)
    0x0000048c   0x0000048c   0x000000de   Code   RO         1431    .text               mf_w.l(ddiv.o)
    0x0000056a   0x0000056a   0x00000030   Code   RO         1433    .text               mf_w.l(dfixul.o)
    0x0000059a   0x0000059a   0x00000002   PAD
    0x0000059c   0x0000059c   0x00000030   Code   RO         1435    .text               mf_w.l(cdrcmple.o)
    0x000005cc   0x000005cc   0x00000024   Code   RO         1437    .text               mc_w.l(init.o)
    0x000005f0   0x000005f0   0x0000001e   Code   RO         1439    .text               mc_w.l(llshl.o)
    0x0000060e   0x0000060e   0x00000020   Code   RO         1441    .text               mc_w.l(llushr.o)
    0x0000062e   0x0000062e   0x00000024   Code   RO         1443    .text               mc_w.l(llsshr.o)
    0x00000652   0x00000652   0x000000ba   Code   RO         1445    .text               mf_w.l(depilogue.o)
    0x0000070c   0x0000070c   0x00000170   Code   RO         1006    i.CS_getDCOFrequency  msp432p4xx_driverlib.lib(cs.o)
    0x0000087c   0x0000087c   0x00000018   Code   RO         1010    i.CS_getMCLK        msp432p4xx_driverlib.lib(cs.o)
    0x00000894   0x00000894   0x0000000c   Code   RO         1018    i.CS_setExternalClockSourceFrequency  msp432p4xx_driverlib.lib(cs.o)
    0x000008a0   0x000008a0   0x00000006   Code   RO         1021    i.CS_startHFXT      msp432p4xx_driverlib.lib(cs.o)
    0x000008a6   0x000008a6   0x00000002   PAD
    0x000008a8   0x000008a8   0x00000144   Code   RO         1022    i.CS_startHFXTWithTimeout  msp432p4xx_driverlib.lib(cs.o)
    0x000009ec   0x000009ec   0x00000006   Code   RO         1023    i.CS_startLFXT      msp432p4xx_driverlib.lib(cs.o)
    0x000009f2   0x000009f2   0x00000002   PAD
    0x000009f4   0x000009f4   0x000000b4   Code   RO         1024    i.CS_startLFXTWithTimeout  msp432p4xx_driverlib.lib(cs.o)
    0x00000aa8   0x00000aa8   0x0000002c   Code   RO          816    i.EUSCIA2_IRQHandler  zigbee.o
    0x00000ad4   0x00000ad4   0x000000a8   Code   RO          959    i.EUSCIA3_IRQHandler  ultrasonic.o
    0x00000b7c   0x00000b7c   0x00000014   Code   RO         1068    i.GPIO_clearInterruptFlag  msp432p4xx_driverlib.lib(gpio.o)
    0x00000b90   0x00000b90   0x00000014   Code   RO         1070    i.GPIO_enableInterrupt  msp432p4xx_driverlib.lib(gpio.o)
    0x00000ba4   0x00000ba4   0x00000034   Code   RO         1071    i.GPIO_getEnabledInterruptStatus  msp432p4xx_driverlib.lib(gpio.o)
    0x00000bd8   0x00000bd8   0x00000014   Code   RO         1072    i.GPIO_getInputPinValue  msp432p4xx_driverlib.lib(gpio.o)
    0x00000bec   0x00000bec   0x0000001c   Code   RO         1074    i.GPIO_interruptEdgeSelect  msp432p4xx_driverlib.lib(gpio.o)
    0x00000c08   0x00000c08   0x00000028   Code   RO         1076    i.GPIO_setAsInputPin  msp432p4xx_driverlib.lib(gpio.o)
    0x00000c30   0x00000c30   0x0000002c   Code   RO         1078    i.GPIO_setAsInputPinWithPullUpResistor  msp432p4xx_driverlib.lib(gpio.o)
    0x00000c5c   0x00000c5c   0x00000020   Code   RO         1079    i.GPIO_setAsOutputPin  msp432p4xx_driverlib.lib(gpio.o)
    0x00000c7c   0x00000c7c   0x00000048   Code   RO         1081    i.GPIO_setAsPeripheralModuleFunctionOutputPin  msp432p4xx_driverlib.lib(gpio.o)
    0x00000cc4   0x00000cc4   0x00000014   Code   RO         1084    i.GPIO_setOutputHighOnPin  msp432p4xx_driverlib.lib(gpio.o)
    0x00000cd8   0x00000cd8   0x00000014   Code   RO         1085    i.GPIO_setOutputLowOnPin  msp432p4xx_driverlib.lib(gpio.o)
    0x00000cec   0x00000cec   0x00000064   Code   RO         1120    i.Interrupt_enableInterrupt  msp432p4xx_driverlib.lib(interrupt.o)
    0x00000d50   0x00000d50   0x0000000e   Code   RO         1121    i.Interrupt_enableMaster  msp432p4xx_driverlib.lib(interrupt.o)
    0x00000d5e   0x00000d5e   0x00000012   Code   RO          337    i.LED_B_Off         led.o
    0x00000d70   0x00000d70   0x00000012   Code   RO          341    i.LED_G_Off         led.o
    0x00000d82   0x00000d82   0x00000002   PAD
    0x00000d84   0x00000d84   0x00000030   Code   RO          344    i.LED_Init          led.o
    0x00000db4   0x00000db4   0x00000012   Code   RO          346    i.LED_RED_Off       led.o
    0x00000dc6   0x00000dc6   0x00000012   Code   RO          347    i.LED_RED_On        led.o
    0x00000dd8   0x00000dd8   0x00000012   Code   RO          349    i.LED_R_Off         led.o
    0x00000dea   0x00000dea   0x00000002   PAD
    0x00000dec   0x00000dec   0x0000004c   Code   RO          472    i.Limit             motor.o
    0x00000e38   0x00000e38   0x00000072   Code   RO          473    i.Load              motor.o
    0x00000eaa   0x00000eaa   0x0000002a   Code   RO          523    i.OLED_Clear        oled.o
    0x00000ed4   0x00000ed4   0x00000024   Code   RO          524    i.OLED_I2C_Init     oled.o
    0x00000ef8   0x00000ef8   0x0000004e   Code   RO          525    i.OLED_I2C_SendByte  oled.o
    0x00000f46   0x00000f46   0x00000024   Code   RO          526    i.OLED_I2C_Start    oled.o
    0x00000f6a   0x00000f6a   0x0000001c   Code   RO          527    i.OLED_I2C_Stop     oled.o
    0x00000f86   0x00000f86   0x000000c0   Code   RO          528    i.OLED_Init         oled.o
    0x00001046   0x00001046   0x0000003e   Code   RO          530    i.OLED_Print        oled.o
    0x00001084   0x00001084   0x00000022   Code   RO          531    i.OLED_SetCursor    oled.o
    0x000010a6   0x000010a6   0x00000002   PAD
    0x000010a8   0x000010a8   0x000000b0   Code   RO          532    i.OLED_ShowChar     oled.o
    0x00001158   0x00001158   0x0000002c   Code   RO          534    i.OLED_ShowString   oled.o
    0x00001184   0x00001184   0x00000020   Code   RO          535    i.OLED_WriteCommand  oled.o
    0x000011a4   0x000011a4   0x00000020   Code   RO          536    i.OLED_WriteData    oled.o
    0x000011c4   0x000011c4   0x00000064   Code   RO          683    i.PORT4_IRQHandler  encoder.o
    0x00001228   0x00001228   0x00000010   Code   RO         1335    i.SysCtl_disableNMISource  msp432p4xx_driverlib.lib(sysctl.o)
    0x00001238   0x00001238   0x00000010   Code   RO         1340    i.SysCtl_enableNMISource  msp432p4xx_driverlib.lib(sysctl.o)
    0x00001248   0x00001248   0x0000000c   Code   RO         1345    i.SysCtl_getNMISourceStatus  msp432p4xx_driverlib.lib(sysctl.o)
    0x00001254   0x00001254   0x00000050   Code   RO         1347    i.SysCtl_getTLVInfo  msp432p4xx_driverlib.lib(sysctl.o)
    0x000012a4   0x000012a4   0x0000008c   Code   RO          659    i.SysInit           system.o
    0x00001330   0x00001330   0x00000098   Code   RO          224    i.SystemInit        system_msp432p401r.o
    0x000013c8   0x000013c8   0x00000048   Code   RO          721    i.T32_INT1_IRQHandler  timer.o
    0x00001410   0x00001410   0x0000000a   Code   RO         1226    i.Timer32_clearInterruptFlag  msp432p4xx_driverlib.lib(timer32.o)
    0x0000141a   0x0000141a   0x0000000a   Code   RO         1228    i.Timer32_enableInterrupt  msp432p4xx_driverlib.lib(timer32.o)
    0x00001424   0x00001424   0x00000040   Code   RO         1232    i.Timer32_initModule  msp432p4xx_driverlib.lib(timer32.o)
    0x00001464   0x00001464   0x0000001e   Code   RO         1234    i.Timer32_setCount  msp432p4xx_driverlib.lib(timer32.o)
    0x00001482   0x00001482   0x0000001a   Code   RO         1236    i.Timer32_startTimer  msp432p4xx_driverlib.lib(timer32.o)
    0x0000149c   0x0000149c   0x00000050   Code   RO         1174    i.Timer_A_generatePWM  msp432p4xx_driverlib.lib(timer_a.o)
    0x000014ec   0x000014ec   0x00000012   Code   RO         1186    i.Timer_A_setCompareValue  msp432p4xx_driverlib.lib(timer_a.o)
    0x000014fe   0x000014fe   0x0000000a   Code   RO         1256    i.UART_clearInterruptFlag  msp432p4xx_driverlib.lib(uart.o)
    0x00001508   0x00001508   0x00000016   Code   RO         1259    i.UART_enableInterrupt  msp432p4xx_driverlib.lib(uart.o)
    0x0000151e   0x0000151e   0x0000000c   Code   RO         1260    i.UART_enableModule  msp432p4xx_driverlib.lib(uart.o)
    0x0000152a   0x0000152a   0x00000022   Code   RO         1261    i.UART_getEnabledInterruptStatus  msp432p4xx_driverlib.lib(uart.o)
    0x0000154c   0x0000154c   0x00000088   Code   RO         1265    i.UART_initModule   msp432p4xx_driverlib.lib(uart.o)
    0x000015d4   0x000015d4   0x0000001a   Code   RO         1267    i.UART_receiveData  msp432p4xx_driverlib.lib(uart.o)
    0x000015ee   0x000015ee   0x00000002   PAD
    0x000015f0   0x000015f0   0x00000018   Code   RO         1303    i.WDT_A_holdTimer   msp432p4xx_driverlib.lib(wdt_a.o)
    0x00001608   0x00001608   0x0000010c   Code   RO         1027    i._CSComputeCLKFrequency  msp432p4xx_driverlib.lib(cs.o)
    0x00001714   0x00001714   0x00000024   Code   RO         1385    i.__0vsprintf       mc_w.l(printfa.o)
    0x00001738   0x00001738   0x0000000e   Code   RO         1449    i.__scatterload_copy  mc_w.l(handlers.o)
    0x00001746   0x00001746   0x00000002   Code   RO         1450    i.__scatterload_null  mc_w.l(handlers.o)
    0x00001748   0x00001748   0x0000000e   Code   RO         1451    i.__scatterload_zeroinit  mc_w.l(handlers.o)
    0x00001756   0x00001756   0x00000002   PAD
    0x00001758   0x00001758   0x00000184   Code   RO         1386    i._fp_digits        mc_w.l(printfa.o)
    0x000018dc   0x000018dc   0x000006b4   Code   RO         1387    i._printf_core      mc_w.l(printfa.o)
    0x00001f90   0x00001f90   0x00000024   Code   RO         1388    i._printf_post_padding  mc_w.l(printfa.o)
    0x00001fb4   0x00001fb4   0x0000002e   Code   RO         1389    i._printf_pre_padding  mc_w.l(printfa.o)
    0x00001fe2   0x00001fe2   0x0000000a   Code   RO         1391    i._sputc            mc_w.l(printfa.o)
    0x00001fec   0x00001fec   0x00000014   Code   RO          935    i.buzzer_init       buzzer.o
    0x00002000   0x00002000   0x00000024   Code   RO          758    i.changeLockFlag    control.o
    0x00002024   0x00002024   0x0000002c   Code   RO          259    i.delay_init        delay.o
    0x00002050   0x00002050   0x00000018   Code   RO          260    i.delay_ms          delay.o
    0x00002068   0x00002068   0x0000004c   Code   RO          261    i.delay_us          delay.o
    0x000020b4   0x000020b4   0x00000064   Code   RO          684    i.encoder_init      encoder.o
    0x00002118   0x00002118   0x0000001c   Code   RO          685    i.encoder_read      encoder.o
    0x00002134   0x00002134   0x00000120   Code   RO          297    i.keyScan           key.o
    0x00002254   0x00002254   0x00000024   Code   RO          298    i.key_init          key.o
    0x00002278   0x00002278   0x00000094   Code   RO          760    i.linePid           control.o
    0x0000230c   0x0000230c   0x00000048   Code   RO            4    i.main              main.o
    0x00002354   0x00002354   0x0000014c   Code   RO          761    i.mainControl       control.o
    0x000024a0   0x000024a0   0x000000dc   Code   RO          911    i.mainMenu          menu.o
    0x0000257c   0x0000257c   0x00000044   Code   RO          475    i.motor_init        motor.o
    0x000025c0   0x000025c0   0x0000004c   Code   RO          476    i.motor_pwm_init    motor.o
    0x0000260c   0x0000260c   0x000000be   Code   RO         1191    i.privateTimer_AProcessClockSourceDivider  msp432p4xx_driverlib.lib(timer_a.o)
    0x000026ca   0x000026ca   0x00000002   PAD
    0x000026cc   0x000026cc   0x000003dc   Code   RO          868    i.sensorOffset      sensor.o
    0x00002aa8   0x00002aa8   0x00000114   Code   RO          869    i.sensorRade        sensor.o
    0x00002bbc   0x00002bbc   0x00000044   Code   RO          870    i.sensor_init       sensor.o
    0x00002c00   0x00002c00   0x00000040   Code   RO          722    i.timer_init        timer.o
    0x00002c40   0x00002c40   0x00000054   Code   RO          960    i.ultrasonic_init   ultrasonic.o
    0x00002c94   0x00002c94   0x00000090   Code   RO          762    i.velocityPid       control.o
    0x00002d24   0x00002d24   0x00000054   Code   RO          819    i.zigbee_init       zigbee.o
    0x00002d78   0x00002d78   0x000005f0   Data   RO          540    .constdata          oled.o
    0x00003368   0x00003368   0x00000090   Data   RO         1136    .constdata          msp432p4xx_driverlib.lib(interrupt.o)
    0x000033f8   0x000033f8   0x00000020   Data   RO         1447    Region$$Table       anon$$obj.o


    Execution Region RW_IRAM1 (Exec base: 0x20000000, Load base: 0x00003418, Size: 0x000002f0, Max: 0x00010000, ABSOLUTE)

    Exec Addr    Load Addr    Size         Type   Attr      Idx    E Section Name        Object

    0x20000000   0x00003418   0x00000001   Data   RW          262    .data               delay.o
    0x20000001   0x00003419   0x00000003   PAD
    0x20000004   0x0000341c   0x00000008   Data   RW          477    .data               motor.o
    0x2000000c   0x00003424   0x00000008   Data   RW          686    .data               encoder.o
    0x20000014   0x0000342c   0x00000018   Data   RW          723    .data               timer.o
    0x2000002c   0x00003444   0x00000050   Data   RW          763    .data               control.o
    0x2000007c   0x00003494   0x00000005   Data   RW          820    .data               zigbee.o
    0x20000081   0x00003499   0x00000003   PAD
    0x20000084   0x0000349c   0x00000010   Data   RW          961    .data               ultrasonic.o
    0x20000094   0x000034ac   0x00000008   Data   RW         1028    .data               msp432p4xx_driverlib.lib(cs.o)
    0x2000009c   0x000034b4   0x00000030   Data   RW         1089    .data               msp432p4xx_driverlib.lib(gpio.o)
    0x200000cc        -       0x00000014   Zero   RW          299    .bss                key.o
    0x200000e0        -       0x00000009   Zero   RW          871    .bss                sensor.o
    0x200000e9   0x000034e4   0x00000007   PAD
    0x200000f0        -       0x00000200   Zero   RW          213    STACK               startup_msp432p401r_uvision.o


==============================================================================

Image component sizes


      Code (inc. data)   RO Data    RW Data    ZI Data      Debug   Object Name

        20          0          0          0          0        502   buzzer.o
       660         84          0         80          0       3820   control.o
       144         14          0          1          0       1811   delay.o
       228          8          0          8          0       2225   encoder.o
       324          4          0          0         20       2047   key.o
       138          4          0          0          0       2810   led.o
        72          4          0          0          0      14075   main.o
       220         76          0          0          0        563   menu.o
       334         10          0          8          0       2603   motor.o
       792          4       1520          0          0       8456   oled.o
      1332         16          0          0          9       3115   sensor.o
        36          8        324          0        512        876   startup_msp432p401r_uvision.o
       140          8          0          0          0        542   system.o
       152         34          0          0          0        569   system_msp432p401r.o
       136         26          0         24          0       1564   timer.o
       252         32          0         16          0       1974   ultrasonic.o
       128         12          0          5          0       2960   zigbee.o

    ----------------------------------------------------------------------
      5114        344       1876        148        548      50512   Object Totals
         0          0         32          0          0          0   (incl. Generated)
         6          0          0          6          7          0   (incl. Padding)

    ----------------------------------------------------------------------

      Code (inc. data)   RO Data    RW Data    ZI Data      Debug   Library Member Name

         0          0          0          0          0          0   entry.o
         0          0          0          0          0          0   entry10a.o
         0          0          0          0          0          0   entry11a.o
         4          0          0          0          0          0   entry12b.o
         8          4          0          0          0          0   entry2.o
         4          0          0          0          0          0   entry5.o
         0          0          0          0          0          0   entry7b.o
         0          0          0          0          0          0   entry8b.o
         8          4          0          0          0          0   entry9a.o
        30          0          0          0          0          0   handlers.o
        36          8          0          0          0         68   init.o
         0          0          0          0          0          0   iusefp.o
        30          0          0          0          0         68   llshl.o
        36          0          0          0          0         68   llsshr.o
        32          0          0          0          0         68   llushr.o
        36          0          0          0          0        108   memseta.o
      2232         86          0          0          0        528   printfa.o
        44          0          0          0          0         80   uidiv.o
        98          0          0          0          0         92   uldiv.o
        48          0          0          0          0         68   cdrcmple.o
       334          0          0          0          0        148   dadd.o
       222          0          0          0          0        100   ddiv.o
       186          0          0          0          0        176   depilogue.o
        48          0          0          0          0         68   dfixul.o
       228          0          0          0          0         96   dmul.o
        38          0          0          0          0        196   cpu.o
      1188        174          0          8          0       1024   cs.o
       368         68          0         48          0       1276   gpio.o
       114          8        144          0          0        240   interrupt.o
       124         24          0          0          0        476   sysctl.o
       140          0          0          0          0        592   timer32.o
       288         28          0          0          0        360   timer_a.o
       240          0          0          0          0        712   uart.o
        24          6          0          0          0        116   wdt_a.o

    ----------------------------------------------------------------------
      6202        410        144         56          0       6728   Library Totals
        14          0          0          0          0          0   (incl. Padding)

    ----------------------------------------------------------------------

      Code (inc. data)   RO Data    RW Data    ZI Data      Debug   Library Name

      2598        102          0          0          0       1080   mc_w.l
      1066          0          0          0          0        656   mf_w.l
      2524        308        144         56          0       4992   msp432p4xx_driverlib.lib

    ----------------------------------------------------------------------
      6202        410        144         56          0       6728   Library Totals

    ----------------------------------------------------------------------

==============================================================================


      Code (inc. data)   RO Data    RW Data    ZI Data      Debug   

     11316        754       2020        204        548      48760   Grand Totals
     11316        754       2020        204        548      48760   ELF Image Totals
     11316        754       2020        204          0          0   ROM Totals

==============================================================================

    Total RO  Size (Code + RO Data)                13336 (  13.02kB)
    Total RW  Size (RW Data + ZI Data)               752 (   0.73kB)
    Total ROM Size (Code + RO Data + RW Data)      13540 (  13.22kB)

==============================================================================

