Component: ARM Compiler 5.06 update 7 (build 960) Tool: armlink [4d3601]

==============================================================================

Section Cross References

    main.o(i.main) refers to system.o(i.SysInit) for SysInit
    main.o(i.main) refers to delay.o(i.delay_init) for delay_init
    main.o(i.main) refers to led.o(i.LED_Init) for LED_Init
    main.o(i.main) refers to buzzer.o(i.buzzer_init) for buzzer_init
    main.o(i.main) refers to key.o(i.key_init) for key_init
    main.o(i.main) refers to oled.o(i.OLED_Init) for OLED_Init
    main.o(i.main) refers to oled.o(i.OLED_Clear) for OLED_Clear
    main.o(i.main) refers to motor.o(i.motor_init) for motor_init
    main.o(i.main) refers to motor.o(i.motor_pwm_init) for motor_pwm_init
    main.o(i.main) refers to encoder.o(i.encoder_init) for encoder_init
    main.o(i.main) refers to sensor.o(i.sensor_init) for sensor_init
    main.o(i.main) refers to timer.o(i.timer_init) for timer_init
    main.o(i.main) refers to menu.o(i.main_menu) for main_menu
    startup_msp432p401r_uvision.o(RESET) refers to startup_msp432p401r_uvision.o(STACK) for __initial_sp
    startup_msp432p401r_uvision.o(RESET) refers to startup_msp432p401r_uvision.o(.text) for Reset_Handler
    startup_msp432p401r_uvision.o(RESET) refers to zigbee.o(i.EUSCIA2_IRQHandler) for EUSCIA2_IRQHandler
    startup_msp432p401r_uvision.o(RESET) refers to openmv.o(i.EUSCIA3_IRQHandler) for EUSCIA3_IRQHandler
    startup_msp432p401r_uvision.o(RESET) refers to adc.o(i.ADC14_IRQHandler) for ADC14_IRQHandler
    startup_msp432p401r_uvision.o(RESET) refers to timer.o(i.T32_INT1_IRQHandler) for T32_INT1_IRQHandler
    startup_msp432p401r_uvision.o(RESET) refers to encoder.o(i.PORT4_IRQHandler) for PORT4_IRQHandler
    startup_msp432p401r_uvision.o(RESET) refers to mpuexit.o(i.PORT6_IRQHandler) for PORT6_IRQHandler
    startup_msp432p401r_uvision.o(.text) refers to system_msp432p401r.o(i.SystemInit) for SystemInit
    startup_msp432p401r_uvision.o(.text) refers to entry.o(.ARM.Collect$$$$00000000) for __main
    system_msp432p401r.o(i.SystemCoreClockUpdate) refers to system_msp432p401r.o(.data) for SystemCoreClock
    delay.o(i.delay_init) refers to cs.o(i.CS_getMCLK) for CS_getMCLK
    delay.o(i.delay_init) refers to delay.o(.data) for fac_us
    delay.o(i.delay_ms) refers to delay.o(i.delay_us) for delay_us
    delay.o(i.delay_us) refers to delay.o(.data) for fac_us
    key.o(i.keyScan) refers to gpio.o(i.GPIO_getInputPinValue) for GPIO_getInputPinValue
    key.o(i.keyScan) refers to key.o(.bss) for key
    key.o(i.key_init) refers to gpio.o(i.GPIO_setAsInputPinWithPullUpResistor) for GPIO_setAsInputPinWithPullUpResistor
    led.o(i.LED_C_On) refers to led.o(i.LED_R_Off) for LED_R_Off
    led.o(i.LED_C_On) refers to led.o(i.LED_G_On) for LED_G_On
    led.o(i.LED_C_On) refers to led.o(i.LED_B_On) for LED_B_On
    led.o(i.LED_Init) refers to led.o(i.LED_RED_Off) for LED_RED_Off
    led.o(i.LED_Init) refers to led.o(i.LED_R_Off) for LED_R_Off
    led.o(i.LED_Init) refers to led.o(i.LED_G_Off) for LED_G_Off
    led.o(i.LED_Init) refers to led.o(i.LED_B_Off) for LED_B_Off
    led.o(i.LED_P_On) refers to led.o(i.LED_R_On) for LED_R_On
    led.o(i.LED_P_On) refers to led.o(i.LED_G_Off) for LED_G_Off
    led.o(i.LED_P_On) refers to led.o(i.LED_B_On) for LED_B_On
    led.o(i.LED_W_Off) refers to led.o(i.LED_R_Off) for LED_R_Off
    led.o(i.LED_W_Off) refers to led.o(i.LED_G_Off) for LED_G_Off
    led.o(i.LED_W_Off) refers to led.o(i.LED_B_Off) for LED_B_Off
    led.o(i.LED_W_On) refers to led.o(i.LED_R_On) for LED_R_On
    led.o(i.LED_W_On) refers to led.o(i.LED_G_On) for LED_G_On
    led.o(i.LED_W_On) refers to led.o(i.LED_B_On) for LED_B_On
    led.o(i.LED_W_Tog) refers to led.o(i.LED_R_Tog) for LED_R_Tog
    led.o(i.LED_W_Tog) refers to led.o(i.LED_G_Tog) for LED_G_Tog
    led.o(i.LED_W_Tog) refers to led.o(i.LED_B_Tog) for LED_B_Tog
    led.o(i.LED_Y_On) refers to led.o(i.LED_R_On) for LED_R_On
    led.o(i.LED_Y_On) refers to led.o(i.LED_G_On) for LED_G_On
    led.o(i.LED_Y_On) refers to led.o(i.LED_B_Off) for LED_B_Off
    motor.o(i.Limit) refers to motor.o(.data) for PWM_MAX
    motor.o(i.Load) refers to gpio.o(i.GPIO_setOutputLowOnPin) for GPIO_setOutputLowOnPin
    motor.o(i.Load) refers to gpio.o(i.GPIO_setOutputHighOnPin) for GPIO_setOutputHighOnPin
    motor.o(i.Load) refers to timer_a.o(i.Timer_A_setCompareValue) for Timer_A_setCompareValue
    motor.o(i.brake) refers to gpio.o(i.GPIO_setOutputLowOnPin) for GPIO_setOutputLowOnPin
    motor.o(i.motor_init) refers to gpio.o(i.GPIO_setAsOutputPin) for GPIO_setAsOutputPin
    motor.o(i.motor_init) refers to gpio.o(i.GPIO_setOutputLowOnPin) for GPIO_setOutputLowOnPin
    motor.o(i.motor_pwm_init) refers to gpio.o(i.GPIO_setAsPeripheralModuleFunctionOutputPin) for GPIO_setAsPeripheralModuleFunctionOutputPin
    motor.o(i.motor_pwm_init) refers to timer_a.o(i.Timer_A_generatePWM) for Timer_A_generatePWM
[...]
    Removing adc14.o(.constdata), (128 bytes).
    Removing cs.o(.rev16_text), (4 bytes).
    Removing cs.o(.revsh_text), (4 bytes).
    Removing cs.o(.rrx_text), (6 bytes).
    Removing cs.o(i.CS_clearInterruptFlag), (36 bytes).
    Removing cs.o(i.CS_disableClockRequest), (40 bytes).
    Removing cs.o(i.CS_disableDCOExternalResistor), (32 bytes).
    Removing cs.o(i.CS_disableFaultCounter), (40 bytes).
    Removing cs.o(i.CS_disableInterrupt), (40 bytes).
    Removing cs.o(i.CS_enableClockRequest), (36 bytes).
    Removing cs.o(i.CS_enableDCOExternalResistor), (28 bytes).
    Removing cs.o(i.CS_enableFaultCounter), (36 bytes).
    Removing cs.o(i.CS_enableInterrupt), (36 bytes).
    Removing cs.o(i.CS_getACLK), (24 bytes).
    Removing cs.o(i.CS_getBCLK), (28 bytes).
    Removing cs.o(i.CS_getEnabledInterruptStatus), (20 bytes).
    Removing cs.o(i.CS_getHSMCLK), (24 bytes).
    Removing cs.o(i.CS_getInterruptStatus), (12 bytes).
    Removing cs.o(i.CS_getSMCLK), (24 bytes).
    Removing cs.o(i.CS_initClockSignal), (252 bytes).
    Removing cs.o(i.CS_registerInterrupt), (20 bytes).
    Removing cs.o(i.CS_resetFaultCounter), (36 bytes).
    Removing cs.o(i.CS_setDCOCenteredFrequency), (36 bytes).
    Removing cs.o(i.CS_setDCOExternalResistorCalibration), (128 bytes).
    Removing cs.o(i.CS_setDCOFrequency), (380 bytes).
    Removing cs.o(i.CS_setReferenceOscillatorFrequency), (32 bytes).
    Removing cs.o(i.CS_startFaultCounter), (52 bytes).
    Removing cs.o(i.CS_tuneDCOFrequency), (88 bytes).
    Removing cs.o(i.CS_unregisterInterrupt), (18 bytes).
    Removing gpio.o(.rev16_text), (4 bytes).
    Removing gpio.o(.revsh_text), (4 bytes).
    Removing gpio.o(.rrx_text), (6 bytes).
    Removing gpio.o(i.GPIO_disableInterrupt), (20 bytes).
    Removing gpio.o(i.GPIO_getInterruptStatus), (16 bytes).
    Removing gpio.o(i.GPIO_registerInterrupt), (28 bytes).
    Removing gpio.o(i.GPIO_setAsInputPinWithPullDownResistor), (44 bytes).
    Removing gpio.o(i.GPIO_setAsPeripheralModuleFunctionInputPin), (72 bytes).
    Removing gpio.o(i.GPIO_setDriveStrengthHigh), (20 bytes).
    Removing gpio.o(i.GPIO_setDriveStrengthLow), (20 bytes).
    Removing gpio.o(i.GPIO_toggleOutputOnPin), (20 bytes).
    Removing gpio.o(i.GPIO_unregisterInterrupt), (28 bytes).
    Removing gpio.o(.constdata), (28 bytes).
    Removing interrupt.o(.rev16_text), (4 bytes).
    Removing interrupt.o(.revsh_text), (4 bytes).
    Removing interrupt.o(.rrx_text), (6 bytes).
    Removing interrupt.o(i.IntDefaultHandler), (2 bytes).
    Removing interrupt.o(i.Interrupt_disableInterrupt), (100 bytes).
    Removing interrupt.o(i.Interrupt_disableMaster), (14 bytes).
    Removing interrupt.o(i.Interrupt_disableSleepOnIsrExit), (16 bytes).
    Removing interrupt.o(i.Interrupt_enableSleepOnIsrExit), (16 bytes).
    Removing interrupt.o(i.Interrupt_getPriority), (28 bytes).
    Removing interrupt.o(i.Interrupt_getPriorityGrouping), (36 bytes).
    Removing interrupt.o(i.Interrupt_getPriorityMask), (10 bytes).
    Removing interrupt.o(i.Interrupt_getVectorTableAddress), (12 bytes).
    Removing interrupt.o(i.Interrupt_isEnabled), (104 bytes).
    Removing interrupt.o(i.Interrupt_pendInterrupt), (84 bytes).
    Removing interrupt.o(i.Interrupt_registerInterrupt), (52 bytes).
    Removing interrupt.o(i.Interrupt_setPriority), (40 bytes).
    Removing interrupt.o(i.Interrupt_setPriorityGrouping), (28 bytes).
    Removing interrupt.o(i.Interrupt_setPriorityMask), (4 bytes).
    Removing interrupt.o(i.Interrupt_setVectorTableAddress), (12 bytes).
    Removing interrupt.o(i.Interrupt_unpendInterrupt), (68 bytes).
    Removing interrupt.o(i.Interrupt_unregisterInterrupt), (20 bytes).
    Removing interrupt.o(vtable), (228 bytes).
    Removing timer_a.o(.rev16_text), (4 bytes).
    Removing timer_a.o(.revsh_text), (4 bytes).
    Removing timer_a.o(.rrx_text), (6 bytes).
    Removing timer_a.o(i.Timer_A_clearCaptureCompareInterrupt), (28 bytes).
    Removing timer_a.o(i.Timer_A_clearInterruptFlag), (12 bytes).
    Removing timer_a.o(i.Timer_A_clearTimer), (12 bytes).
    Removing timer_a.o(i.Timer_A_configureContinuousMode), (42 bytes).
    Removing timer_a.o(i.Timer_A_configureUpDownMode), (70 bytes).
    Removing timer_a.o(i.Timer_A_configureUpMode), (70 bytes).
    Removing timer_a.o(i.Timer_A_disableCaptureCompareInterrupt), (28 bytes).
    Removing timer_a.o(i.Timer_A_disableInterrupt), (12 bytes).
    Removing timer_a.o(i.Timer_A_enableCaptureCompareInterrupt), (28 bytes).
    Removing timer_a.o(i.Timer_A_enableInterrupt), (12 bytes).
    Removing timer_a.o(i.Timer_A_getCaptureCompareCount), (18 bytes).
    Removing timer_a.o(i.Timer_A_getCaptureCompareEnabledInterruptStatus), (38 bytes).
    Removing timer_a.o(i.Timer_A_getCaptureCompareInterruptStatus), (20 bytes).
    Removing timer_a.o(i.Timer_A_getCounterValue), (28 bytes).
    Removing timer_a.o(i.Timer_A_getEnabledInterruptStatus), (18 bytes).
    Removing timer_a.o(i.Timer_A_getInterruptStatus), (8 bytes).
    Removing timer_a.o(i.Timer_A_getOutputForOutputModeOutBitValue), (32 bytes).
    Removing timer_a.o(i.Timer_A_getSynchronizedCaptureCompareInput), (24 bytes).
    Removing timer_a.o(i.Timer_A_initCapture), (68 bytes).
    Removing timer_a.o(i.Timer_A_initCompare), (40 bytes).
    Removing timer_a.o(i.Timer_A_registerInterrupt), (214 bytes).
    Removing timer_a.o(i.Timer_A_setOutputForOutputModeOutBitValue), (26 bytes).
    Removing timer_a.o(i.Timer_A_startCounter), (8 bytes).
    Removing timer_a.o(i.Timer_A_stopTimer), (10 bytes).
    Removing timer_a.o(i.Timer_A_unregisterInterrupt), (198 bytes).
    Removing timer32.o(.rev16_text), (4 bytes).
    Removing timer32.o(.revsh_text), (4 bytes).
    Removing timer32.o(.rrx_text), (6 bytes).
    Removing timer32.o(i.Timer32_disableInterrupt), (10 bytes).
    Removing timer32.o(i.Timer32_getInterruptStatus), (4 bytes).
    Removing timer32.o(i.Timer32_getValue), (4 bytes).
    Removing timer32.o(i.Timer32_haltTimer), (10 bytes).
    Removing timer32.o(i.Timer32_registerInterrupt), (18 bytes).
    Removing timer32.o(i.Timer32_setCountInBackground), (30 bytes).
    Removing timer32.o(i.Timer32_unregisterInterrupt), (18 bytes).
    Removing uart.o(.rev16_text), (4 bytes).
    Removing uart.o(.revsh_text), (4 bytes).
    Removing uart.o(.rrx_text), (6 bytes).
    Removing uart.o(i.UART_disableInterrupt), (26 bytes).
    Removing uart.o(i.UART_disableModule), (12 bytes).
    Removing uart.o(i.UART_enableInterrupt), (22 bytes).
    Removing uart.o(i.UART_enableModule), (12 bytes).
    Removing uart.o(i.UART_getInterruptStatus), (6 bytes).
    Removing uart.o(i.UART_getReceiveBufferAddressForDMA), (4 bytes).
    Removing uart.o(i.UART_getTransmitBufferAddressForDMA), (4 bytes).
    Removing uart.o(i.UART_initModule), (136 bytes).
    Removing uart.o(i.UART_queryStatusFlags), (6 bytes).
    Removing uart.o(i.UART_registerInterrupt), (96 bytes).
    Removing uart.o(i.UART_resetDormant), (12 bytes).
    Removing uart.o(i.UART_selectDeglitchTime), (12 bytes).
    Removing uart.o(i.UART_setDormant), (12 bytes).
    Removing uart.o(i.UART_transmitAddress), (14 bytes).
    Removing uart.o(i.UART_transmitBreak), (48 bytes).
    Removing uart.o(i.UART_transmitData), (24 bytes).
    Removing uart.o(i.UART_unregisterInterrupt), (96 bytes).
    Removing wdt_a.o(.rev16_text), (4 bytes).
    Removing wdt_a.o(.revsh_text), (4 bytes).
    Removing wdt_a.o(.rrx_text), (6 bytes).
    Removing wdt_a.o(i.WDT_A_clearTimer), (24 bytes).
    Removing wdt_a.o(i.WDT_A_initIntervalTimer), (20 bytes).
    Removing wdt_a.o(i.WDT_A_initWatchdogTimer), (20 bytes).
    Removing wdt_a.o(i.WDT_A_registerInterrupt), (20 bytes).
    Removing wdt_a.o(i.WDT_A_setPasswordViolationReset), (4 bytes).
    Removing wdt_a.o(i.WDT_A_setTimeoutReset), (4 bytes).
    Removing wdt_a.o(i.WDT_A_startTimer), (20 bytes).
    Removing wdt_a.o(i.WDT_A_unregisterInterrupt), (18 bytes).
    Removing cpu.o(.rev16_text), (4 bytes).
    Removing cpu.o(.revsh_text), (4 bytes).
    Removing cpu.o(.rrx_text), (6 bytes).
    Removing sysctl.o(.rev16_text), (4 bytes).
    Removing sysctl.o(.revsh_text), (4 bytes).
    Removing sysctl.o(.rrx_text), (6 bytes).
    Removing sysctl.o(i.SysCtl_disableGlitchFilter), (16 bytes).
    Removing sysctl.o(i.SysCtl_disablePeripheralAtCPUHalt), (16 bytes).
    Removing sysctl.o(i.SysCtl_disableSRAMBank), (84 bytes).
    Removing sysctl.o(i.SysCtl_disableSRAMBankRetention), (24 bytes).
    Removing sysctl.o(i.SysCtl_enableGlitchFilter), (16 bytes).
    Removing sysctl.o(i.SysCtl_enablePeripheralAtCPUHalt), (16 bytes).
    Removing sysctl.o(i.SysCtl_enableSRAMBank), (24 bytes).
    Removing sysctl.o(i.SysCtl_enableSRAMBankRetention), (24 bytes).
    Removing sysctl.o(i.SysCtl_getFlashSize), (12 bytes).
    Removing sysctl.o(i.SysCtl_getSRAMSize), (12 bytes).
    Removing sysctl.o(i.SysCtl_getTempCalibrationConstant), (14 bytes).
    Removing sysctl.o(i.SysCtl_rebootDevice), (16 bytes).
    Removing sysctl.o(i.SysCtl_setWDTPasswordViolationResetType), (24 bytes).
    Removing sysctl.o(i.SysCtl_setWDTTimeoutResetType), (24 bytes).
    Removing d2f.o(.text), (56 bytes).
    Removing fepilogue.o(.text), (110 bytes).
    Removing dneg.o(.text), (6 bytes).
    Removing cdcmple.o(.text), (48 bytes).
    Removing dsqrt.o(.text), (162 bytes).

400 unused section(s) (total 28310 bytes) removed from the image.

==============================================================================

Image Symbol Table

    Local Symbols

    Symbol Name                              Value     Ov Type        Size  Object(Section)

    RESET                                    0x00000000   Section      324  startup_msp432p401r_uvision.o(RESET)
    ../clib/microlib/division.c              0x00000000   Number         0  uidiv.o ABSOLUTE
    ../clib/microlib/division.c              0x00000000   Number         0  uldiv.o ABSOLUTE
    ../clib/microlib/division.c              0x00000000   Number         0  ldiv.o ABSOLUTE
    ../clib/microlib/errno.c                 0x00000000   Number         0  errno.o ABSOLUTE
    ../clib/microlib/init/entry.s            0x00000000   Number         0  entry7b.o ABSOLUTE
    ../clib/microlib/init/entry.s            0x00000000   Number         0  entry2.o ABSOLUTE
    ../clib/microlib/init/entry.s            0x00000000   Number         0  entry9b.o ABSOLUTE
    ../clib/microlib/init/entry.s            0x00000000   Number         0  entry7a.o ABSOLUTE
    ../clib/microlib/init/entry.s            0x00000000   Number         0  entry9a.o ABSOLUTE
    ../clib/microlib/init/entry.s            0x00000000   Number         0  entry8b.o ABSOLUTE
    ../clib/microlib/init/entry.s            0x00000000   Number         0  entry8a.o ABSOLUTE
    ../clib/microlib/init/entry.s            0x00000000   Number         0  entry10a.o ABSOLUTE
    ../clib/microlib/init/entry.s            0x00000000   Number         0  entry5.o ABSOLUTE
    ../clib/microlib/init/entry.s            0x00000000   Number         0  entry12b.o ABSOLUTE
    ../clib/microlib/init/entry.s            0x00000000   Number         0  entry12a.o ABSOLUTE
    ../clib/microlib/init/entry.s            0x00000000   Number         0  entry11b.o ABSOLUTE
    ../clib/microlib/init/entry.s            0x00000000   Number         0  entry10b.o ABSOLUTE
    ../clib/microlib/init/entry.s            0x00000000   Number         0  entry11a.o ABSOLUTE
    ../clib/microlib/init/entry.s            0x00000000   Number         0  entry.o ABSOLUTE
    ../clib/microlib/longlong.c              0x00000000   Number         0  llsshr.o ABSOLUTE
    ../clib/microlib/longlong.c              0x00000000   Number         0  llushr.o ABSOLUTE
    ../clib/microlib/longlong.c              0x00000000   Number         0  llshl.o ABSOLUTE
    ../clib/microlib/printf/printf.c         0x00000000   Number         0  printfb.o ABSOLUTE
    ../clib/microlib/printf/printf.c         0x00000000   Number         0  printf0.o ABSOLUTE
    ../clib/microlib/printf/printf.c         0x00000000   Number         0  printfa.o ABSOLUTE
    ../clib/microlib/printf/printf.c         0x00000000   Number         0  printf8.o ABSOLUTE
    ../clib/microlib/printf/printf.c         0x00000000   Number         0  printf3.o ABSOLUTE
    ../clib/microlib/printf/printf.c         0x00000000   Number         0  printf4.o ABSOLUTE
    ../clib/microlib/printf/printf.c         0x00000000   Number         0  printf1.o ABSOLUTE
    ../clib/microlib/printf/printf.c         0x00000000   Number         0  printf5.o ABSOLUTE
    ../clib/microlib/printf/printf.c         0x00000000   Number         0  printf6.o ABSOLUTE
    ../clib/microlib/printf/printf.c         0x00000000   Number         0  printf2.o ABSOLUTE
    ../clib/microlib/printf/printf.c         0x00000000   Number         0  printf7.o ABSOLUTE
    ../clib/microlib/printf/stubs.s          0x00000000   Number         0  stubs.o ABSOLUTE
    ../clib/microlib/string/memcmp.c         0x00000000   Number         0  memcmp.o ABSOLUTE
    ../clib/microlib/string/memset.c         0x00000000   Number         0  memseta.o ABSOLUTE
    ../clib/microlib/stubs.s                 0x00000000   Number         0  iusefp.o ABSOLUTE
    ../clib/microlib/stubs.s                 0x00000000   Number         0  useno.o ABSOLUTE
    ../fplib/microlib/d2f.c                  0x00000000   Number         0  d2f.o ABSOLUTE
    ../fplib/microlib/f2d.c                  0x00000000   Number         0  f2d.o ABSOLUTE
    ../fplib/microlib/fpadd.c                0x00000000   Number         0  dadd.o ABSOLUTE
    ../fplib/microlib/fpdiv.c                0x00000000   Number         0  ddiv.o ABSOLUTE
    ../fplib/microlib/fpepilogue.c           0x00000000   Number         0  depilogue.o ABSOLUTE
    ../fplib/microlib/fpepilogue.c           0x00000000   Number         0  fepilogue.o ABSOLUTE
    ../fplib/microlib/fpfix.c                0x00000000   Number         0  dfixul.o ABSOLUTE
    ../fplib/microlib/fpfix.c                0x00000000   Number         0  dfixi.o ABSOLUTE
    ../fplib/microlib/fpflt.c                0x00000000   Number         0  dflti.o ABSOLUTE
    ../fplib/microlib/fpflt.c                0x00000000   Number         0  dfltui.o ABSOLUTE
    ../fplib/microlib/fpmul.c                0x00000000   Number         0  dmul.o ABSOLUTE
    ../fplib/microlib/fpneg.c                0x00000000   Number         0  dneg.o ABSOLUTE
    ../fplib/microlib/fpsqrt.c               0x00000000   Number         0  dsqrt.o ABSOLUTE
    ../mathlib/asin.c                        0x00000000   Number         0  asin.o ABSOLUTE
    ../mathlib/asin.c                        0x00000000   Number         0  asin_x.o ABSOLUTE
    ../mathlib/atan.c                        0x00000000   Number         0  atan_x.o ABSOLUTE
    ../mathlib/atan.c                        0x00000000   Number         0  atan.o ABSOLUTE
    ../mathlib/atan2.c                       0x00000000   Number         0  atan2.o ABSOLUTE
    ../mathlib/atan2.c                       0x00000000   Number         0  atan2_x.o ABSOLUTE
    ../mathlib/dunder.c                      0x00000000   Number         0  dunder.o ABSOLUTE
    ../mathlib/fabs.c                        0x00000000   Number         0  fabs.o ABSOLUTE
    ../mathlib/fpclassify.c                  0x00000000   Number         0  fpclassify.o ABSOLUTE
    ../mathlib/poly.c                        0x00000000   Number         0  poly.o ABSOLUTE
    ../mathlib/qnan.c                        0x00000000   Number         0  qnan.o ABSOLUTE
    ../mathlib/sqrt.c                        0x00000000   Number         0  sqrt.o ABSOLUTE
    ../mathlib/sqrt.c                        0x00000000   Number         0  sqrt_x.o ABSOLUTE
    ..\Hardware\ADC\adc.c                    0x00000000   Number         0  adc.o ABSOLUTE
    ..\Hardware\MPU6050\eMPL\inv_mpu.c       0x00000000   Number         0  inv_mpu.o ABSOLUTE
    ..\Hardware\MPU6050\eMPL\inv_mpu_dmp_motion_driver.c 0x00000000   Number         0  inv_mpu_dmp_motion_driver.o ABSOLUTE
    ..\Hardware\MPU6050\mpu6050.c            0x00000000   Number         0  mpu6050.o ABSOLUTE
    ..\Hardware\MPU6050\mpuI2C.c             0x00000000   Number         0  mpui2c.o ABSOLUTE
    ..\Hardware\MPU6050\mpuexit.c            0x00000000   Number         0  mpuexit.o ABSOLUTE
    ..\Hardware\buzzer\buzzer.c              0x00000000   Number         0  buzzer.o ABSOLUTE
    ..\Hardware\control\control.c            0x00000000   Number         0  control.o ABSOLUTE
    ..\Hardware\delay\delay.c                0x00000000   Number         0  delay.o ABSOLUTE
    ..\Hardware\encoder\encoder.c            0x00000000   Number         0  encoder.o ABSOLUTE
    ..\Hardware\key\Key.c                    0x00000000   Number         0  key.o ABSOLUTE
    ..\Hardware\led\led.c                    0x00000000   Number         0  led.o ABSOLUTE
    ..\Hardware\menu\menu.c                  0x00000000   Number         0  menu.o ABSOLUTE
    ..\Hardware\motor\motor.c                0x00000000   Number         0  motor.o ABSOLUTE
    ..\Hardware\oled\oled.c                  0x00000000   Number         0  oled.o ABSOLUTE
    ..\Hardware\openmv\openmv.c              0x00000000   Number         0  openmv.o ABSOLUTE
    ..\Hardware\sensor\sensor.c              0x00000000   Number         0  sensor.o ABSOLUTE
    ..\Hardware\system\system.c              0x00000000   Number         0  system.o ABSOLUTE
    ..\Hardware\timer\timer.c                0x00000000   Number         0  timer.o ABSOLUTE
    ..\Hardware\zigbee\zigbee.c              0x00000000   Number         0  zigbee.o ABSOLUTE
    ..\\Hardware\\ADC\\adc.c                 0x00000000   Number         0  adc.o ABSOLUTE
    ..\\Hardware\\MPU6050\\eMPL\\inv_mpu.c   0x00000000   Number         0  inv_mpu.o ABSOLUTE
    ..\\Hardware\\MPU6050\\eMPL\\inv_mpu_dmp_motion_driver.c 0x00000000   Number         0  inv_mpu_dmp_motion_driver.o ABSOLUTE
    ..\\Hardware\\MPU6050\\mpu6050.c         0x00000000   Number         0  mpu6050.o ABSOLUTE
    ..\\Hardware\\MPU6050\\mpuI2C.c          0x00000000   Number         0  mpui2c.o ABSOLUTE
    ..\\Hardware\\MPU6050\\mpuexit.c         0x00000000   Number         0  mpuexit.o ABSOLUTE
    ..\\Hardware\\buzzer\\buzzer.c           0x00000000   Number         0  buzzer.o ABSOLUTE
    ..\\Hardware\\control\\control.c         0x00000000   Number         0  control.o ABSOLUTE
    ..\\Hardware\\delay\\delay.c             0x00000000   Number         0  delay.o ABSOLUTE
    ..\\Hardware\\encoder\\encoder.c         0x00000000   Number         0  encoder.o ABSOLUTE
    ..\\Hardware\\key\\Key.c                 0x00000000   Number         0  key.o ABSOLUTE
    ..\\Hardware\\led\\led.c                 0x00000000   Number         0  led.o ABSOLUTE
    ..\\Hardware\\menu\\menu.c               0x00000000   Number         0  menu.o ABSOLUTE
    ..\\Hardware\\motor\\motor.c             0x00000000   Number         0  motor.o ABSOLUTE
    ..\\Hardware\\oled\\oled.c               0x00000000   Number         0  oled.o ABSOLUTE
    ..\\Hardware\\openmv\\openmv.c           0x00000000   Number         0  openmv.o ABSOLUTE
    ..\\Hardware\\sensor\\sensor.c           0x00000000   Number         0  sensor.o ABSOLUTE
    ..\\Hardware\\system\\system.c           0x00000000   Number         0  system.o ABSOLUTE
    ..\\Hardware\\timer\\timer.c             0x00000000   Number         0  timer.o ABSOLUTE
    ..\\Hardware\\zigbee\\zigbee.c           0x00000000   Number         0  zigbee.o ABSOLUTE
    RTE\Device\MSP432P401R\startup_msp432p401r_uvision.s 0x00000000   Number         0  startup_msp432p401r_uvision.o ABSOLUTE
    RTE\Device\MSP432P401R\system_msp432p401r.c 0x00000000   Number         0  system_msp432p401r.o ABSOLUTE
    RTE\\Device\\MSP432P401R\\system_msp432p401r.c 0x00000000   Number         0  system_msp432p401r.o ABSOLUTE
    adc14.c                                  0x00000000   Number         0  adc14.o ABSOLUTE
    adc14.c                                  0x00000000   Number         0  adc14.o ABSOLUTE
    cdcmple.s                                0x00000000   Number         0  cdcmple.o ABSOLUTE
    cdrcmple.s                               0x00000000   Number         0  cdrcmple.o ABSOLUTE
    cpu.c                                    0x00000000   Number         0  cpu.o ABSOLUTE
    cpu.c                                    0x00000000   Number         0  cpu.o ABSOLUTE
    cs.c                                     0x00000000   Number         0  cs.o ABSOLUTE
    cs.c                                     0x00000000   Number         0  cs.o ABSOLUTE
    dc.s                                     0x00000000   Number         0  dc.o ABSOLUTE
    gpio.c                                   0x00000000   Number         0  gpio.o ABSOLUTE
    gpio.c                                   0x00000000   Number         0  gpio.o ABSOLUTE
    handlers.s                               0x00000000   Number         0  handlers.o ABSOLUTE
    init.s                                   0x00000000   Number         0  init.o ABSOLUTE
    interrupt.c                              0x00000000   Number         0  interrupt.o ABSOLUTE
    interrupt.c                              0x00000000   Number         0  interrupt.o ABSOLUTE
    main.c                                   0x00000000   Number         0  main.o ABSOLUTE
    main.c                                   0x00000000   Number         0  main.o ABSOLUTE
    sysctl.c                                 0x00000000   Number         0  sysctl.o ABSOLUTE
    sysctl.c                                 0x00000000   Number         0  sysctl.o ABSOLUTE
    timer32.c                                0x00000000   Number         0  timer32.o ABSOLUTE
    timer32.c                                0x00000000   Number         0  timer32.o ABSOLUTE
    timer_a.c                                0x00000000   Number         0  timer_a.o ABSOLUTE
    timer_a.c                                0x00000000   Number         0  timer_a.o ABSOLUTE
    uart.c                                   0x00000000   Number         0  uart.o ABSOLUTE
    uart.c                                   0x00000000   Number         0  uart.o ABSOLUTE
    wdt_a.c                                  0x00000000   Number         0  wdt_a.o ABSOLUTE
    wdt_a.c                                  0x00000000   Number         0  wdt_a.o ABSOLUTE
    .ARM.Collect$$$$00000000                 0x00000144   Section        0  entry.o(.ARM.Collect$$$$00000000)
    .ARM.Collect$$$$00000001                 0x00000144   Section        4  entry2.o(.ARM.Collect$$$$00000001)
    .ARM.Collect$$$$00000004                 0x00000148   Section        4  entry5.o(.ARM.Collect$$$$00000004)
    .ARM.Collect$$$$00000008                 0x0000014c   Section        0  entry7b.o(.ARM.Collect$$$$00000008)
    .ARM.Collect$$$$0000000A                 0x0000014c   Section        0  entry8b.o(.ARM.Collect$$$$0000000A)
    .ARM.Collect$$$$0000000B                 0x0000014c   Section        8  entry9a.o(.ARM.Collect$$$$0000000B)
    .ARM.Collect$$$$0000000E                 0x00000154   Section        4  entry12b.o(.ARM.Collect$$$$0000000E)
    .ARM.Collect$$$$0000000F                 0x00000158   Section        0  entry10a.o(.ARM.Collect$$$$0000000F)
    .ARM.Collect$$$$00000011                 0x00000158   Section        0  entry11a.o(.ARM.Collect$$$$00000011)
    .ARM.Collect$$$$00002712                 0x00000158   Section        4  entry2.o(.ARM.Collect$$$$00002712)
    __lit__00000000                          0x00000158   Data           4  entry2.o(.ARM.Collect$$$$00002712)
    .emb_text                                0x0000015c   Section       38  cpu.o(.emb_text)
    $v0                                      0x0000015c   Number         0  cpu.o(.emb_text)
    .text                                    0x00000184   Section       36  startup_msp432p401r_uvision.o(.text)
    $v0                                      0x00000184   Number         0  startup_msp432p401r_uvision.o(.text)
    .text                                    0x000001a8   Section        0  memseta.o(.text)
    .text                                    0x000001cc   Section        0  dadd.o(.text)
    .text                                    0x0000031a   Section        0  dmul.o(.text)
    .text                                    0x000003fe   Section        0  ddiv.o(.text)
    .text                                    0x000004dc   Section        0  dflti.o(.text)
    .text                                    0x000004fe   Section        0  dfltui.o(.text)
    .text                                    0x00000518   Section        0  dfixi.o(.text)
    .text                                    0x00000556   Section        0  f2d.o(.text)
    .text                                    0x0000057c   Section        0  uidiv.o(.text)
    .text                                    0x000005a8   Section        0  uldiv.o(.text)
    .text                                    0x0000060a   Section        0  llshl.o(.text)
    .text                                    0x00000628   Section        0  llushr.o(.text)
    .text                                    0x00000648   Section        0  llsshr.o(.text)
    .text                                    0x0000066c   Section        0  iusefp.o(.text)
    .text                                    0x0000066c   Section        0  depilogue.o(.text)
    .text                                    0x00000726   Section        0  dfixul.o(.text)
    .text                                    0x00000758   Section       48  cdrcmple.o(.text)
    .text                                    0x00000788   Section       36  init.o(.text)
    i.ADC14_IRQHandler                       0x000007ac   Section        0  adc.o(i.ADC14_IRQHandler)
    i.ADC14_toggleConversionTrigger          0x000007f4   Section        0  adc14.o(i.ADC14_toggleConversionTrigger)
    i.Back_judgeCrossing                     0x00000814   Section        0  control.o(i.Back_judgeCrossing)
    i.Back_mainControl                       0x00000bfc   Section        0  control.o(i.Back_mainControl)
    i.CS_getDCOFrequency                     0x00000d7c   Section        0  cs.o(i.CS_getDCOFrequency)
    i.CS_getMCLK                             0x00000eec   Section        0  cs.o(i.CS_getMCLK)
    i.CS_setExternalClockSourceFrequency     0x00000f04   Section        0  cs.o(i.CS_setExternalClockSourceFrequency)
    i.CS_startHFXT                           0x00000f10   Section        0  cs.o(i.CS_startHFXT)
    i.CS_startHFXTWithTimeout                0x00000f18   Section        0  cs.o(i.CS_startHFXTWithTimeout)
    i.CS_startLFXT                           0x0000105c   Section        0  cs.o(i.CS_startLFXT)
    i.CS_startLFXTWithTimeout                0x00001064   Section        0  cs.o(i.CS_startLFXTWithTimeout)
    i.EUSCIA2_IRQHandler                     0x00001118   Section        0  zigbee.o(i.EUSCIA2_IRQHandler)
    i.EUSCIA3_IRQHandler                     0x0000113c   Section        0  openmv.o(i.EUSCIA3_IRQHandler)
    i.GPIO_clearInterruptFlag                0x00001220   Section        0  gpio.o(i.GPIO_clearInterruptFlag)
    i.GPIO_enableInterrupt                   0x00001234   Section        0  gpio.o(i.GPIO_enableInterrupt)
    i.GPIO_getEnabledInterruptStatus         0x00001248   Section        0  gpio.o(i.GPIO_getEnabledInterruptStatus)
    i.GPIO_getInputPinValue                  0x0000127c   Section        0  gpio.o(i.GPIO_getInputPinValue)
    i.GPIO_interruptEdgeSelect               0x00001290   Section        0  gpio.o(i.GPIO_interruptEdgeSelect)
    i.GPIO_setAsInputPin                     0x000012ac   Section        0  gpio.o(i.GPIO_setAsInputPin)
    i.GPIO_setAsInputPinWithPullUpResistor   0x000012d4   Section        0  gpio.o(i.GPIO_setAsInputPinWithPullUpResistor)
    i.GPIO_setAsOutputPin                    0x00001300   Section        0  gpio.o(i.GPIO_setAsOutputPin)
    i.GPIO_setAsPeripheralModuleFunctionOutputPin 0x00001320   Section        0  gpio.o(i.GPIO_setAsPeripheralModuleFunctionOutputPin)
    i.GPIO_setOutputHighOnPin                0x00001368   Section        0  gpio.o(i.GPIO_setOutputHighOnPin)
    i.GPIO_setOutputLowOnPin                 0x0000137c   Section        0  gpio.o(i.GPIO_setOutputLowOnPin)
    i.Get_ValueData                          0x00001390   Section        0  openmv.o(i.Get_ValueData)
    i.Interrupt_enableInterrupt              0x000013a4   Section        0  interrupt.o(i.Interrupt_enableInterrupt)
    i.Interrupt_enableMaster                 0x00001408   Section        0  interrupt.o(i.Interrupt_enableMaster)
    i.LED_B_Off                              0x00001416   Section        0  led.o(i.LED_B_Off)
    i.LED_G_Off                              0x00001428   Section        0  led.o(i.LED_G_Off)
    i.LED_Init                               0x0000143c   Section        0  led.o(i.LED_Init)
    i.LED_RED_Off                            0x0000146c   Section        0  led.o(i.LED_RED_Off)
    i.LED_RED_On                             0x0000147e   Section        0  led.o(i.LED_RED_On)
    i.LED_R_Off                              0x00001490   Section        0  led.o(i.LED_R_Off)
    i.Limit                                  0x000014a4   Section        0  motor.o(i.Limit)
    i.Load                                   0x000014f0   Section        0  motor.o(i.Load)
    i.MyAbs                                  0x00001562   Section        0  control.o(i.MyAbs)
    i.OLED_Clear                             0x00001570   Section        0  oled.o(i.OLED_Clear)
    i.OLED_I2C_Init                          0x0000159a   Section        0  oled.o(i.OLED_I2C_Init)
    i.OLED_I2C_SendByte                      0x000015be   Section        0  oled.o(i.OLED_I2C_SendByte)
    i.OLED_I2C_Start                         0x0000160c   Section        0  oled.o(i.OLED_I2C_Start)
    i.OLED_I2C_Stop                          0x00001630   Section        0  oled.o(i.OLED_I2C_Stop)
    i.OLED_Init                              0x0000164c   Section        0  oled.o(i.OLED_Init)
    i.OLED_Print                             0x0000170c   Section        0  oled.o(i.OLED_Print)
    i.OLED_SetCursor                         0x0000174a   Section        0  oled.o(i.OLED_SetCursor)
    i.OLED_ShowChar                          0x0000176c   Section        0  oled.o(i.OLED_ShowChar)
    i.OLED_ShowString                        0x0000181c   Section        0  oled.o(i.OLED_ShowString)
    i.OLED_WriteCommand                      0x00001848   Section        0  oled.o(i.OLED_WriteCommand)
    i.OLED_WriteData                         0x00001868   Section        0  oled.o(i.OLED_WriteData)
    i.PORT4_IRQHandler                       0x00001888   Section        0  encoder.o(i.PORT4_IRQHandler)
    i.PORT6_IRQHandler                       0x000018ec   Section        0  mpuexit.o(i.PORT6_IRQHandler)
    i.SysCtl_disableNMISource                0x0000190c   Section        0  sysctl.o(i.SysCtl_disableNMISource)
    i.SysCtl_enableNMISource                 0x0000191c   Section        0  sysctl.o(i.SysCtl_enableNMISource)
    i.SysCtl_getNMISourceStatus              0x0000192c   Section        0  sysctl.o(i.SysCtl_getNMISourceStatus)
    i.SysCtl_getTLVInfo                      0x00001938   Section        0  sysctl.o(i.SysCtl_getTLVInfo)
    i.SysInit                                0x00001988   Section        0  system.o(i.SysInit)
    i.SystemInit                             0x00001a14   Section        0  system_msp432p401r.o(i.SystemInit)
    i.T32_INT1_IRQHandler                    0x00001aac   Section        0  timer.o(i.T32_INT1_IRQHandler)
    i.Timer32_clearInterruptFlag             0x00001b5c   Section        0  timer32.o(i.Timer32_clearInterruptFlag)
    i.Timer32_enableInterrupt                0x00001b66   Section        0  timer32.o(i.Timer32_enableInterrupt)
    i.Timer32_initModule                     0x00001b70   Section        0  timer32.o(i.Timer32_initModule)
    i.Timer32_setCount                       0x00001bb0   Section        0  timer32.o(i.Timer32_setCount)
    i.Timer32_startTimer                     0x00001bce   Section        0  timer32.o(i.Timer32_startTimer)
    i.Timer_A_generatePWM                    0x00001be8   Section        0  timer_a.o(i.Timer_A_generatePWM)
    i.Timer_A_setCompareValue                0x00001c38   Section        0  timer_a.o(i.Timer_A_setCompareValue)
    i.UART_clearInterruptFlag                0x00001c4a   Section        0  uart.o(i.UART_clearInterruptFlag)
    i.UART_getEnabledInterruptStatus         0x00001c54   Section        0  uart.o(i.UART_getEnabledInterruptStatus)
    i.UART_receiveData                       0x00001c76   Section        0  uart.o(i.UART_receiveData)
    i.WDT_A_holdTimer                        0x00001c90   Section        0  wdt_a.o(i.WDT_A_holdTimer)
    i._CSComputeCLKFrequency                 0x00001ca8   Section        0  cs.o(i._CSComputeCLKFrequency)
    _CSComputeCLKFrequency                   0x00001ca9   Thumb Code   236  cs.o(i._CSComputeCLKFrequency)
    i.__0vsprintf                            0x00001db4   Section        0  printfa.o(i.__0vsprintf)
    i.__scatterload_copy                     0x00001dd8   Section       14  handlers.o(i.__scatterload_copy)
    i.__scatterload_null                     0x00001de6   Section        2  handlers.o(i.__scatterload_null)
    i.__scatterload_zeroinit                 0x00001de8   Section       14  handlers.o(i.__scatterload_zeroinit)
    i._fp_digits                             0x00001df8   Section        0  printfa.o(i._fp_digits)
    _fp_digits                               0x00001df9   Thumb Code   366  printfa.o(i._fp_digits)
    i._printf_core                           0x00001f7c   Section        0  printfa.o(i._printf_core)
    _printf_core                             0x00001f7d   Thumb Code  1704  printfa.o(i._printf_core)
    i._printf_post_padding                   0x00002630   Section        0  printfa.o(i._printf_post_padding)
    _printf_post_padding                     0x00002631   Thumb Code    36  printfa.o(i._printf_post_padding)
    i._printf_pre_padding                    0x00002654   Section        0  printfa.o(i._printf_pre_padding)
    _printf_pre_padding                      0x00002655   Thumb Code    46  printfa.o(i._printf_pre_padding)
    i._sputc                                 0x00002682   Section        0  printfa.o(i._sputc)
    _sputc                                   0x00002683   Thumb Code    10  printfa.o(i._sputc)
    i.brake                                  0x0000268c   Section        0  motor.o(i.brake)
    i.buzzer_init                            0x000026b0   Section        0  buzzer.o(i.buzzer_init)
    i.changeLockFlag                         0x000026c4   Section        0  control.o(i.changeLockFlag)
    i.delay_init                             0x000026e8   Section        0  delay.o(i.delay_init)
    i.delay_ms                               0x00002714   Section        0  delay.o(i.delay_ms)
    i.delay_us                               0x0000272c   Section        0  delay.o(i.delay_us)
    i.encoder_init                           0x00002778   Section        0  encoder.o(i.encoder_init)
    i.encoder_read                           0x000027dc   Section        0  encoder.o(i.encoder_read)
    i.goLine                                 0x000027f8   Section        0  control.o(i.goLine)
    i.judgeCrossing                          0x000029cc   Section        0  control.o(i.judgeCrossing)
    i.keyScan                                0x00002dd8   Section        0  key.o(i.keyScan)
    i.key_init                               0x00002ef8   Section        0  key.o(i.key_init)
    i.main                                   0x00002f1c   Section        0  main.o(i.main)
    i.mainControl                            0x00002f5c   Section        0  control.o(i.mainControl)
    i.main_menu                              0x0000313c   Section        0  menu.o(i.main_menu)
    i.motor_init                             0x00003504   Section        0  motor.o(i.motor_init)
    i.motor_pwm_init                         0x00003548   Section        0  motor.o(i.motor_pwm_init)
    i.privateTimer_AProcessClockSourceDivider 0x00003594   Section        0  timer_a.o(i.privateTimer_AProcessClockSourceDivider)
    privateTimer_AProcessClockSourceDivider  0x00003595   Thumb Code   190  timer_a.o(i.privateTimer_AProcessClockSourceDivider)
    i.sensorRade                             0x00003654   Section        0  sensor.o(i.sensorRade)
    i.sensor_init                            0x000036bc   Section        0  sensor.o(i.sensor_init)
    i.timer_init                             0x00003700   Section        0  timer.o(i.timer_init)
    i.velocityPid                            0x00003740   Section        0  control.o(i.velocityPid)
    .constdata                               0x0000384c   Section     1520  oled.o(.constdata)
    .constdata                               0x00003e3c   Section      144  interrupt.o(.constdata)
    g_pulEnRegs                              0x00003e3c   Data           8  interrupt.o(.constdata)
    g_pulDisRegs                             0x00003e44   Data           8  interrupt.o(.constdata)
    g_pulPendRegs                            0x00003e4c   Data           8  interrupt.o(.constdata)
    g_pulUnpendRegs                          0x00003e54   Data           8  interrupt.o(.constdata)
    g_pulPriority                            0x00003e5c   Data          32  interrupt.o(.constdata)
    g_pulRegs                                0x00003e7c   Data          80  interrupt.o(.constdata)
    .data                                    0x20000000   Section       20  main.o(.data)
    .data                                    0x20000014   Section        1  delay.o(.data)
    fac_us                                   0x20000014   Data           1  delay.o(.data)
    .data                                    0x20000018   Section        8  motor.o(.data)
    .data                                    0x20000020   Section        8  encoder.o(.data)
    enc_cnt                                  0x20000020   Data           8  encoder.o(.data)
    .data                                    0x20000028   Section       20  timer.o(.data)
    .data                                    0x2000003c   Section      112  control.o(.data)
    PWM_out                                  0x20000078   Data           4  control.o(.data)
    error                                    0x2000007c   Data           4  control.o(.data)
    last_error                               0x20000080   Data           4  control.o(.data)
    error_int                                0x20000084   Data           4  control.o(.data)
    filtError                                0x20000088   Data           4  control.o(.data)
    PWM_out                                  0x2000008c   Data           4  control.o(.data)
    error                                    0x20000090   Data           4  control.o(.data)
    last_error                               0x20000094   Data           4  control.o(.data)
    error_int                                0x20000098   Data           4  control.o(.data)
    PWM_out                                  0x2000009c   Data           4  control.o(.data)
    error                                    0x200000a0   Data           4  control.o(.data)
    last_error                               0x200000a4   Data           4  control.o(.data)
    error_int                                0x200000a8   Data           4  control.o(.data)
    .data                                    0x200000ac   Section        3  openmv.o(.data)
    flag                                     0x200000ad   Data           1  openmv.o(.data)
    data                                     0x200000ae   Data           1  openmv.o(.data)
    .data                                    0x200000af   Section        8  sensor.o(.data)
    .data                                    0x200000b8   Section       20  menu.o(.data)
    .data                                    0x200000cc   Section        2  adc.o(.data)
    .data                                    0x200000d0   Section        8  cs.o(.data)
    hfxtFreq                                 0x200000d0   Data           4  cs.o(.data)
    lfxtFreq                                 0x200000d4   Data           4  cs.o(.data)
    .data                                    0x200000d8   Section       48  gpio.o(.data)
    GPIO_PORT_TO_BASE                        0x200000d8   Data          48  gpio.o(.data)
    .bss                                     0x20000108   Section       20  key.o(.bss)
    .bss                                     0x2000011c   Section      600  control.o(.bss)
    .bss                                     0x20000374   Section       16  openmv.o(.bss)
    STACK                                    0x20000388   Section      512  startup_msp432p401r_uvision.o(STACK)

    Global Symbols

    Symbol Name                              Value     Ov Type        Size  Object(Section)

    BuildAttributes$$THM_ISAv4$E$P$D$K$B$S$7EM$VFPi3$EXTD16$VFPS$VFMA$PE$A:L22UL41UL21$X:L11$S22US41US21$IEEE1$IW$USESV6$~STKCKD$USESV7$~SHL$OTIME$ROPI$IEEEX$EBA8$MICROLIB$REQ8$PRES8$EABIv2 0x00000000   Number         0  anon$$obj.o ABSOLUTE
    __ARM_use_no_argv                        0x00000000   Number         0  main.o ABSOLUTE
    __Vectors                                0x00000000   Data           4  startup_msp432p401r_uvision.o(RESET)
    __use_no_errno                           0x00000000   Number         0  useno.o ABSOLUTE
    __use_no_exception_handling              0x00000000   Number         0  useno.o ABSOLUTE
    __use_no_fp                              0x00000000   Number         0  useno.o ABSOLUTE
    __use_no_heap                            0x00000000   Number         0  useno.o ABSOLUTE
    __use_no_heap_region                     0x00000000   Number         0  useno.o ABSOLUTE
    __use_no_semihosting                     0x00000000   Number         0  useno.o ABSOLUTE
    __use_no_semihosting_swi                 0x00000000   Number         0  useno.o ABSOLUTE
    __use_no_signal_handling                 0x00000000   Number         0  useno.o ABSOLUTE
    _printf_a                                0x00000000   Number         0  stubs.o ABSOLUTE
    _printf_c                                0x00000000   Number         0  stubs.o ABSOLUTE
    _printf_charcount                        0x00000000   Number         0  stubs.o ABSOLUTE
    _printf_d                                0x00000000   Number         0  stubs.o ABSOLUTE
    _printf_e                                0x00000000   Number         0  stubs.o ABSOLUTE
    _printf_f                                0x00000000   Number         0  stubs.o ABSOLUTE
    _printf_flags                            0x00000000   Number         0  stubs.o ABSOLUTE
    _printf_fp_dec                           0x00000000   Number         0  stubs.o ABSOLUTE
    _printf_fp_hex                           0x00000000   Number         0  stubs.o ABSOLUTE
    _printf_g                                0x00000000   Number         0  stubs.o ABSOLUTE
    _printf_i                                0x00000000   Number         0  stubs.o ABSOLUTE
    _printf_int_dec                          0x00000000   Number         0  stubs.o ABSOLUTE
    _printf_l                                0x00000000   Number         0  stubs.o ABSOLUTE
    _printf_lc                               0x00000000   Number         0  stubs.o ABSOLUTE
    _printf_ll                               0x00000000   Number         0  stubs.o ABSOLUTE
    _printf_lld                              0x00000000   Number         0  stubs.o ABSOLUTE
    _printf_lli                              0x00000000   Number         0  stubs.o ABSOLUTE
    _printf_llo                              0x00000000   Number         0  stubs.o ABSOLUTE
    _printf_llu                              0x00000000   Number         0  stubs.o ABSOLUTE
    _printf_llx                              0x00000000   Number         0  stubs.o ABSOLUTE
    _printf_longlong_dec                     0x00000000   Number         0  stubs.o ABSOLUTE
    _printf_longlong_hex                     0x00000000   Number         0  stubs.o ABSOLUTE
    _printf_longlong_oct                     0x00000000   Number         0  stubs.o ABSOLUTE
    _printf_ls                               0x00000000   Number         0  stubs.o ABSOLUTE
    _printf_mbtowc                           0x00000000   Number         0  stubs.o ABSOLUTE
    _printf_n                                0x00000000   Number         0  stubs.o ABSOLUTE
    _printf_o                                0x00000000   Number         0  stubs.o ABSOLUTE
    _printf_p                                0x00000000   Number         0  stubs.o ABSOLUTE
    _printf_percent                          0x00000000   Number         0  stubs.o ABSOLUTE
    _printf_pre_padding                      0x00000000   Number         0  stubs.o ABSOLUTE
    _printf_return_value                     0x00000000   Number         0  stubs.o ABSOLUTE
    _printf_s                                0x00000000   Number         0  stubs.o ABSOLUTE
    _printf_sizespec                         0x00000000   Number         0  stubs.o ABSOLUTE
    _printf_str                              0x00000000   Number         0  stubs.o ABSOLUTE
    _printf_truncate_signed                  0x00000000   Number         0  stubs.o ABSOLUTE
    _printf_truncate_unsigned                0x00000000   Number         0  stubs.o ABSOLUTE
    _printf_u                                0x00000000   Number         0  stubs.o ABSOLUTE
    _printf_wc                               0x00000000   Number         0  stubs.o ABSOLUTE
    _printf_wctomb                           0x00000000   Number         0  stubs.o ABSOLUTE
    _printf_widthprec                        0x00000000   Number         0  stubs.o ABSOLUTE
    _printf_x                                0x00000000   Number         0  stubs.o ABSOLUTE
    __arm_fini_                               - Undefined Weak Reference
    __cpp_initialize__aeabi_                  - Undefined Weak Reference
    __cxa_finalize                            - Undefined Weak Reference
    __decompress                              - Undefined Weak Reference
    _clock_init                               - Undefined Weak Reference
    _microlib_exit                            - Undefined Weak Reference
    __Vectors_End                            0x00000144   Data           0  startup_msp432p401r_uvision.o(RESET)
    __Vectors_Size                           0x00000144   Number         0  startup_msp432p401r_uvision.o ABSOLUTE
    __main                                   0x00000145   Thumb Code     0  entry.o(.ARM.Collect$$$$00000000)
    _main_stk                                0x00000145   Thumb Code     0  entry2.o(.ARM.Collect$$$$00000001)
    _main_scatterload                        0x00000149   Thumb Code     0  entry5.o(.ARM.Collect$$$$00000004)
    __main_after_scatterload                 0x0000014d   Thumb Code     0  entry5.o(.ARM.Collect$$$$00000004)
    _main_clock                              0x0000014d   Thumb Code     0  entry7b.o(.ARM.Collect$$$$00000008)
    _main_cpp_init                           0x0000014d   Thumb Code     0  entry8b.o(.ARM.Collect$$$$0000000A)
    _main_init                               0x0000014d   Thumb Code     0  entry9a.o(.ARM.Collect$$$$0000000B)
    __rt_lib_shutdown_fini                   0x00000155   Thumb Code     0  entry12b.o(.ARM.Collect$$$$0000000E)
    __rt_final_cpp                           0x00000159   Thumb Code     0  entry10a.o(.ARM.Collect$$$$0000000F)
    __rt_final_exit                          0x00000159   Thumb Code     0  entry11a.o(.ARM.Collect$$$$00000011)
    CPU_cpsid                                0x0000015d   Thumb Code     8  cpu.o(.emb_text)
    CPU_primask                              0x00000165   Thumb Code     6  cpu.o(.emb_text)
    CPU_cpsie                                0x0000016b   Thumb Code     8  cpu.o(.emb_text)
    CPU_wfi                                  0x00000173   Thumb Code     4  cpu.o(.emb_text)
    CPU_basepriSet                           0x00000177   Thumb Code     6  cpu.o(.emb_text)
    CPU_basepriGet                           0x0000017d   Thumb Code     6  cpu.o(.emb_text)
    Reset_Handler                            0x00000185   Thumb Code     8  startup_msp432p401r_uvision.o(.text)
    NMI_Handler                              0x0000018d   Thumb Code     2  startup_msp432p401r_uvision.o(.text)
    HardFault_Handler                        0x0000018f   Thumb Code     2  startup_msp432p401r_uvision.o(.text)
    MemManage_Handler                        0x00000191   Thumb Code     2  startup_msp432p401r_uvision.o(.text)
    BusFault_Handler                         0x00000193   Thumb Code     2  startup_msp432p401r_uvision.o(.text)
    UsageFault_Handler                       0x00000195   Thumb Code     2  startup_msp432p401r_uvision.o(.text)
    SVC_Handler                              0x00000197   Thumb Code     2  startup_msp432p401r_uvision.o(.text)
    DebugMon_Handler                         0x00000199   Thumb Code     2  startup_msp432p401r_uvision.o(.text)
    PendSV_Handler                           0x0000019b   Thumb Code     2  startup_msp432p401r_uvision.o(.text)
    SysTick_Handler                          0x0000019d   Thumb Code     2  startup_msp432p401r_uvision.o(.text)
    AES256_IRQHandler                        0x0000019f   Thumb Code     0  startup_msp432p401r_uvision.o(.text)
    COMP_E0_IRQHandler                       0x0000019f   Thumb Code     0  startup_msp432p401r_uvision.o(.text)
    COMP_E1_IRQHandler                       0x0000019f   Thumb Code     0  startup_msp432p401r_uvision.o(.text)
    CS_IRQHandler                            0x0000019f   Thumb Code     0  startup_msp432p401r_uvision.o(.text)
    DMA_ERR_IRQHandler                       0x0000019f   Thumb Code     0  startup_msp432p401r_uvision.o(.text)
    DMA_INT0_IRQHandler                      0x0000019f   Thumb Code     0  startup_msp432p401r_uvision.o(.text)
    DMA_INT1_IRQHandler                      0x0000019f   Thumb Code     0  startup_msp432p401r_uvision.o(.text)
    DMA_INT2_IRQHandler                      0x0000019f   Thumb Code     0  startup_msp432p401r_uvision.o(.text)
    DMA_INT3_IRQHandler                      0x0000019f   Thumb Code     0  startup_msp432p401r_uvision.o(.text)
    EUSCIA0_IRQHandler                       0x0000019f   Thumb Code     0  startup_msp432p401r_uvision.o(.text)
    EUSCIA1_IRQHandler                       0x0000019f   Thumb Code     0  startup_msp432p401r_uvision.o(.text)
    EUSCIB0_IRQHandler                       0x0000019f   Thumb Code     0  startup_msp432p401r_uvision.o(.text)
    EUSCIB1_IRQHandler                       0x0000019f   Thumb Code     0  startup_msp432p401r_uvision.o(.text)
    EUSCIB2_IRQHandler                       0x0000019f   Thumb Code     0  startup_msp432p401r_uvision.o(.text)
    EUSCIB3_IRQHandler                       0x0000019f   Thumb Code     0  startup_msp432p401r_uvision.o(.text)
    FLCTL_IRQHandler                         0x0000019f   Thumb Code     0  startup_msp432p401r_uvision.o(.text)
    FPU_IRQHandler                           0x0000019f   Thumb Code     0  startup_msp432p401r_uvision.o(.text)
    PCM_IRQHandler                           0x0000019f   Thumb Code     0  startup_msp432p401r_uvision.o(.text)
    PORT1_IRQHandler                         0x0000019f   Thumb Code     0  startup_msp432p401r_uvision.o(.text)
    PORT2_IRQHandler                         0x0000019f   Thumb Code     0  startup_msp432p401r_uvision.o(.text)
    PORT3_IRQHandler                         0x0000019f   Thumb Code     0  startup_msp432p401r_uvision.o(.text)
    PORT5_IRQHandler                         0x0000019f   Thumb Code     0  startup_msp432p401r_uvision.o(.text)
    PSS_IRQHandler                           0x0000019f   Thumb Code     0  startup_msp432p401r_uvision.o(.text)
    RTC_C_IRQHandler                         0x0000019f   Thumb Code     0  startup_msp432p401r_uvision.o(.text)
    T32_INT2_IRQHandler                      0x0000019f   Thumb Code     0  startup_msp432p401r_uvision.o(.text)
    T32_INTC_IRQHandler                      0x0000019f   Thumb Code     0  startup_msp432p401r_uvision.o(.text)
    TA0_0_IRQHandler                         0x0000019f   Thumb Code     0  startup_msp432p401r_uvision.o(.text)
    TA0_N_IRQHandler                         0x0000019f   Thumb Code     0  startup_msp432p401r_uvision.o(.text)
    TA1_0_IRQHandler                         0x0000019f   Thumb Code     0  startup_msp432p401r_uvision.o(.text)
    TA1_N_IRQHandler                         0x0000019f   Thumb Code     0  startup_msp432p401r_uvision.o(.text)
    TA2_0_IRQHandler                         0x0000019f   Thumb Code     0  startup_msp432p401r_uvision.o(.text)
    TA2_N_IRQHandler                         0x0000019f   Thumb Code     0  startup_msp432p401r_uvision.o(.text)
    TA3_0_IRQHandler                         0x0000019f   Thumb Code     0  startup_msp432p401r_uvision.o(.text)
    TA3_N_IRQHandler                         0x0000019f   Thumb Code     0  startup_msp432p401r_uvision.o(.text)
    WDT_A_IRQHandler                         0x0000019f   Thumb Code     0  startup_msp432p401r_uvision.o(.text)
    __aeabi_memset                           0x000001a9   Thumb Code    14  memseta.o(.text)
    __aeabi_memset4                          0x000001a9   Thumb Code     0  memseta.o(.text)
    __aeabi_memset8                          0x000001a9   Thumb Code     0  memseta.o(.text)
    __aeabi_memclr                           0x000001b7   Thumb Code     4  memseta.o(.text)
    __aeabi_memclr4                          0x000001b7   Thumb Code     0  memseta.o(.text)
    __aeabi_memclr8                          0x000001b7   Thumb Code     0  memseta.o(.text)
    _memset$wrapper                          0x000001bb   Thumb Code    18  memseta.o(.text)
    __aeabi_dadd                             0x000001cd   Thumb Code   322  dadd.o(.text)
    __aeabi_dsub                             0x0000030f   Thumb Code     6  dadd.o(.text)
    __aeabi_drsub                            0x00000315   Thumb Code     6  dadd.o(.text)
    __aeabi_dmul                             0x0000031b   Thumb Code   228  dmul.o(.text)
    __aeabi_ddiv                             0x000003ff   Thumb Code   222  ddiv.o(.text)
    __aeabi_i2d                              0x000004dd   Thumb Code    34  dflti.o(.text)
    __aeabi_ui2d                             0x000004ff   Thumb Code    26  dfltui.o(.text)
    __aeabi_d2iz                             0x00000519   Thumb Code    62  dfixi.o(.text)
    __aeabi_f2d                              0x00000557   Thumb Code    38  f2d.o(.text)
    __aeabi_uidiv                            0x0000057d   Thumb Code     0  uidiv.o(.text)
    __aeabi_uidivmod                         0x0000057d   Thumb Code    44  uidiv.o(.text)
    __aeabi_uldivmod                         0x000005a9   Thumb Code    98  uldiv.o(.text)
    __aeabi_llsl                             0x0000060b   Thumb Code    30  llshl.o(.text)
    _ll_shift_l                              0x0000060b   Thumb Code     0  llshl.o(.text)
    __aeabi_llsr                             0x00000629   Thumb Code    32  llushr.o(.text)
    _ll_ushift_r                             0x00000629   Thumb Code     0  llushr.o(.text)
    __aeabi_lasr                             0x00000649   Thumb Code    36  llsshr.o(.text)
    _ll_sshift_r                             0x00000649   Thumb Code     0  llsshr.o(.text)
    __I$use$fp                               0x0000066d   Thumb Code     0  iusefp.o(.text)
    _double_round                            0x0000066d   Thumb Code    30  depilogue.o(.text)
    _double_epilogue                         0x0000068b   Thumb Code   156  depilogue.o(.text)
    __aeabi_d2ulz                            0x00000727   Thumb Code    48  dfixul.o(.text)
    __aeabi_cdrcmple                         0x00000759   Thumb Code    48  cdrcmple.o(.text)
    __scatterload                            0x00000789   Thumb Code    28  init.o(.text)
    __scatterload_rt2                        0x00000789   Thumb Code     0  init.o(.text)
    ADC14_IRQHandler                         0x000007ad   Thumb Code    62  adc.o(i.ADC14_IRQHandler)
    ADC14_toggleConversionTrigger            0x000007f5   Thumb Code    28  adc14.o(i.ADC14_toggleConversionTrigger)
    Back_judgeCrossing                       0x00000815   Thumb Code  1000  control.o(i.Back_judgeCrossing)
    Back_mainControl                         0x00000bfd   Thumb Code   340  control.o(i.Back_mainControl)
    CS_getDCOFrequency                       0x00000d7d   Thumb Code   332  cs.o(i.CS_getDCOFrequency)
    CS_getMCLK                               0x00000eed   Thumb Code    20  cs.o(i.CS_getMCLK)
    CS_setExternalClockSourceFrequency       0x00000f05   Thumb Code     8  cs.o(i.CS_setExternalClockSourceFrequency)
    CS_startHFXT                             0x00000f11   Thumb Code     6  cs.o(i.CS_startHFXT)
    CS_startHFXTWithTimeout                  0x00000f19   Thumb Code   262  cs.o(i.CS_startHFXTWithTimeout)
    CS_startLFXT                             0x0000105d   Thumb Code     6  cs.o(i.CS_startLFXT)
    CS_startLFXTWithTimeout                  0x00001065   Thumb Code   158  cs.o(i.CS_startLFXTWithTimeout)
    EUSCIA2_IRQHandler                       0x00001119   Thumb Code    32  zigbee.o(i.EUSCIA2_IRQHandler)
    EUSCIA3_IRQHandler                       0x0000113d   Thumb Code   212  openmv.o(i.EUSCIA3_IRQHandler)
    GPIO_clearInterruptFlag                  0x00001221   Thumb Code    16  gpio.o(i.GPIO_clearInterruptFlag)
    GPIO_enableInterrupt                     0x00001235   Thumb Code    14  gpio.o(i.GPIO_enableInterrupt)
    GPIO_getEnabledInterruptStatus           0x00001249   Thumb Code    48  gpio.o(i.GPIO_getEnabledInterruptStatus)
    GPIO_getInputPinValue                    0x0000127d   Thumb Code    16  gpio.o(i.GPIO_getInputPinValue)
    GPIO_interruptEdgeSelect                 0x00001291   Thumb Code    22  gpio.o(i.GPIO_interruptEdgeSelect)
    GPIO_setAsInputPin                       0x000012ad   Thumb Code    34  gpio.o(i.GPIO_setAsInputPin)
    GPIO_setAsInputPinWithPullUpResistor     0x000012d5   Thumb Code    38  gpio.o(i.GPIO_setAsInputPinWithPullUpResistor)
    GPIO_setAsOutputPin                      0x00001301   Thumb Code    26  gpio.o(i.GPIO_setAsOutputPin)
    GPIO_setAsPeripheralModuleFunctionOutputPin 0x00001321   Thumb Code    68  gpio.o(i.GPIO_setAsPeripheralModuleFunctionOutputPin)
    GPIO_setOutputHighOnPin                  0x00001369   Thumb Code    14  gpio.o(i.GPIO_setOutputHighOnPin)
    GPIO_setOutputLowOnPin                   0x0000137d   Thumb Code    16  gpio.o(i.GPIO_setOutputLowOnPin)
    Get_ValueData                            0x00001391   Thumb Code    12  openmv.o(i.Get_ValueData)
    Interrupt_enableInterrupt                0x000013a5   Thumb Code    92  interrupt.o(i.Interrupt_enableInterrupt)
    Interrupt_enableMaster                   0x00001409   Thumb Code    14  interrupt.o(i.Interrupt_enableMaster)
    LED_B_Off                                0x00001417   Thumb Code    18  led.o(i.LED_B_Off)
    LED_G_Off                                0x00001429   Thumb Code    18  led.o(i.LED_G_Off)
    LED_Init                                 0x0000143d   Thumb Code    44  led.o(i.LED_Init)
    LED_RED_Off                              0x0000146d   Thumb Code    18  led.o(i.LED_RED_Off)
    LED_RED_On                               0x0000147f   Thumb Code    18  led.o(i.LED_RED_On)
    LED_R_Off                                0x00001491   Thumb Code    18  led.o(i.LED_R_Off)
    Limit                                    0x000014a5   Thumb Code    66  motor.o(i.Limit)
    Load                                     0x000014f1   Thumb Code   114  motor.o(i.Load)
    MyAbs                                    0x00001563   Thumb Code    14  control.o(i.MyAbs)
    OLED_Clear                               0x00001571   Thumb Code    42  oled.o(i.OLED_Clear)
    OLED_I2C_Init                            0x0000159b   Thumb Code    36  oled.o(i.OLED_I2C_Init)
    OLED_I2C_SendByte                        0x000015bf   Thumb Code    78  oled.o(i.OLED_I2C_SendByte)
    OLED_I2C_Start                           0x0000160d   Thumb Code    36  oled.o(i.OLED_I2C_Start)
    OLED_I2C_Stop                            0x00001631   Thumb Code    28  oled.o(i.OLED_I2C_Stop)
    OLED_Init                                0x0000164d   Thumb Code   192  oled.o(i.OLED_Init)
    OLED_Print                               0x0000170d   Thumb Code    62  oled.o(i.OLED_Print)
    OLED_SetCursor                           0x0000174b   Thumb Code    34  oled.o(i.OLED_SetCursor)
    OLED_ShowChar                            0x0000176d   Thumb Code   172  oled.o(i.OLED_ShowChar)
    OLED_ShowString                          0x0000181d   Thumb Code    44  oled.o(i.OLED_ShowString)
    OLED_WriteCommand                        0x00001849   Thumb Code    32  oled.o(i.OLED_WriteCommand)
    OLED_WriteData                           0x00001869   Thumb Code    32  oled.o(i.OLED_WriteData)
    PORT4_IRQHandler                         0x00001889   Thumb Code    96  encoder.o(i.PORT4_IRQHandler)
    PORT6_IRQHandler                         0x000018ed   Thumb Code    28  mpuexit.o(i.PORT6_IRQHandler)
    SysCtl_disableNMISource                  0x0000190d   Thumb Code    12  sysctl.o(i.SysCtl_disableNMISource)
    SysCtl_enableNMISource                   0x0000191d   Thumb Code    10  sysctl.o(i.SysCtl_enableNMISource)
    SysCtl_getNMISourceStatus                0x0000192d   Thumb Code     6  sysctl.o(i.SysCtl_getNMISourceStatus)
    SysCtl_getTLVInfo                        0x00001939   Thumb Code    72  sysctl.o(i.SysCtl_getTLVInfo)
    SysInit                                  0x00001989   Thumb Code   132  system.o(i.SysInit)
    SystemInit                               0x00001a15   Thumb Code   118  system_msp432p401r.o(i.SystemInit)
    T32_INT1_IRQHandler                      0x00001aad   Thumb Code   134  timer.o(i.T32_INT1_IRQHandler)
    Timer32_clearInterruptFlag               0x00001b5d   Thumb Code    10  timer32.o(i.Timer32_clearInterruptFlag)
    Timer32_enableInterrupt                  0x00001b67   Thumb Code    10  timer32.o(i.Timer32_enableInterrupt)
    Timer32_initModule                       0x00001b71   Thumb Code    64  timer32.o(i.Timer32_initModule)
    Timer32_setCount                         0x00001bb1   Thumb Code    30  timer32.o(i.Timer32_setCount)
    Timer32_startTimer                       0x00001bcf   Thumb Code    26  timer32.o(i.Timer32_startTimer)
    Timer_A_generatePWM                      0x00001be9   Thumb Code    80  timer_a.o(i.Timer_A_generatePWM)
    Timer_A_setCompareValue                  0x00001c39   Thumb Code    18  timer_a.o(i.Timer_A_setCompareValue)
    UART_clearInterruptFlag                  0x00001c4b   Thumb Code    10  uart.o(i.UART_clearInterruptFlag)
    UART_getEnabledInterruptStatus           0x00001c55   Thumb Code    34  uart.o(i.UART_getEnabledInterruptStatus)
    UART_receiveData                         0x00001c77   Thumb Code    26  uart.o(i.UART_receiveData)
    WDT_A_holdTimer                          0x00001c91   Thumb Code    18  wdt_a.o(i.WDT_A_holdTimer)
    __0vsprintf                              0x00001db5   Thumb Code    30  printfa.o(i.__0vsprintf)
    __1vsprintf                              0x00001db5   Thumb Code     0  printfa.o(i.__0vsprintf)
    __2vsprintf                              0x00001db5   Thumb Code     0  printfa.o(i.__0vsprintf)
    __c89vsprintf                            0x00001db5   Thumb Code     0  printfa.o(i.__0vsprintf)
    vsprintf                                 0x00001db5   Thumb Code     0  printfa.o(i.__0vsprintf)
    __scatterload_copy                       0x00001dd9   Thumb Code    14  handlers.o(i.__scatterload_copy)
    __scatterload_null                       0x00001de7   Thumb Code     2  handlers.o(i.__scatterload_null)
    __scatterload_zeroinit                   0x00001de9   Thumb Code    14  handlers.o(i.__scatterload_zeroinit)
    brake                                    0x0000268d   Thumb Code    36  motor.o(i.brake)
    buzzer_init                              0x000026b1   Thumb Code    20  buzzer.o(i.buzzer_init)
    changeLockFlag                           0x000026c5   Thumb Code    26  control.o(i.changeLockFlag)
    delay_init                               0x000026e9   Thumb Code    34  delay.o(i.delay_init)
    delay_ms                                 0x00002715   Thumb Code    24  delay.o(i.delay_ms)
    delay_us                                 0x0000272d   Thumb Code    72  delay.o(i.delay_us)
    encoder_init                             0x00002779   Thumb Code   100  encoder.o(i.encoder_init)
    encoder_read                             0x000027dd   Thumb Code    24  encoder.o(i.encoder_read)
    goLine                                   0x000027f9   Thumb Code   444  control.o(i.goLine)
    judgeCrossing                            0x000029cd   Thumb Code  1036  control.o(i.judgeCrossing)
    keyScan                                  0x00002dd9   Thumb Code   284  key.o(i.keyScan)
    key_init                                 0x00002ef9   Thumb Code    36  key.o(i.key_init)
    main                                     0x00002f1d   Thumb Code    60  main.o(i.main)
    mainControl                              0x00002f5d   Thumb Code   446  control.o(i.mainControl)
    main_menu                                0x0000313d   Thumb Code   792  menu.o(i.main_menu)
    motor_init                               0x00003505   Thumb Code    68  motor.o(i.motor_init)
    motor_pwm_init                           0x00003549   Thumb Code    76  motor.o(i.motor_pwm_init)
    sensorRade                               0x00003655   Thumb Code   100  sensor.o(i.sensorRade)
    sensor_init                              0x000036bd   Thumb Code    68  sensor.o(i.sensor_init)
    timer_init                               0x00003701   Thumb Code    58  timer.o(i.timer_init)
    velocityPid                              0x00003741   Thumb Code   232  control.o(i.velocityPid)
    OLED_F8x16                               0x0000384c   Data        1520  oled.o(.constdata)
    Region$$Table$$Base                      0x00003ecc   Number         0  anon$$obj.o(Region$$Table)
    Region$$Table$$Limit                     0x00003eec   Number         0  anon$$obj.o(Region$$Table)
    pitch                                    0x20000000   Data           4  main.o(.data)
    roll                                     0x20000004   Data           4  main.o(.data)
    yaw                                      0x20000008   Data           4  main.o(.data)
    leftSpeed                                0x2000000c   Data           4  main.o(.data)
    rightSpeed                               0x20000010   Data           4  main.o(.data)
    PWM_MAX                                  0x20000018   Data           4  motor.o(.data)
    PWM_MIN                                  0x2000001c   Data           4  motor.o(.data)
    Stop_Flag                                0x20000028   Data           4  timer.o(.data)
    Stop_Time                                0x2000002c   Data           4  timer.o(.data)
    Now_Time                                 0x20000030   Data           4  timer.o(.data)
    Last_Time                                0x20000034   Data           4  timer.o(.data)
    Time_Diff                                0x20000038   Data           4  timer.o(.data)
    Road_indexs                              0x2000003c   Data           4  control.o(.data)
    Back_Flag                                0x20000040   Data           4  control.o(.data)
    speedOut                                 0x20000044   Data           4  control.o(.data)
    speedSum                                 0x20000048   Data           4  control.o(.data)
    pathLenth                                0x2000004c   Data           4  control.o(.data)
    targtSpeed                               0x20000050   Data           4  control.o(.data)
    startYaw                                 0x20000054   Data           4  control.o(.data)
    targetYaw                                0x20000058   Data           4  control.o(.data)
    yawPidOut                                0x2000005c   Data           4  control.o(.data)
    myTime                                   0x20000060   Data           4  control.o(.data)
    moveMode                                 0x20000064   Data           1  control.o(.data)
    my01sTime                                0x20000068   Data           4  control.o(.data)
    lockFlag                                 0x2000006c   Data           4  control.o(.data)
    Back_Lock_Flag                           0x20000070   Data           4  control.o(.data)
    tempMoveMode                             0x20000074   Data           1  control.o(.data)
    backMoveMode                             0x20000075   Data           1  control.o(.data)
    rho                                      0x200000ac   Data           1  openmv.o(.data)
    sensor                                   0x200000af   Data           8  sensor.o(.data)
    startFlag                                0x200000b8   Data           4  menu.o(.data)
    showIndex                                0x200000bc   Data           4  menu.o(.data)
    tempRoadIndex                            0x200000c0   Data           4  menu.o(.data)
    tempRoadDir                              0x200000c4   Data           4  menu.o(.data)
    changFlag                                0x200000c8   Data           4  menu.o(.data)
    ADCVaule                                 0x200000cc   Data           2  adc.o(.data)
    key                                      0x20000108   Data          20  key.o(.bss)
    Road_date                                0x2000011c   Data         600  control.o(.bss)
    openmv                                   0x20000374   Data          16  openmv.o(.bss)
    __initial_sp                             0x20000588   Data           0  startup_msp432p401r_uvision.o(STACK)



==============================================================================

Memory Map of the image

  Image Entry point : 0x00000145

  Load Region LR_IROM1 (Base: 0x00000000, Size: 0x00003ff4, Max: 0x00040000, ABSOLUTE)

    Execution Region ER_IROM1 (Exec base: 0x00000000, Load base: 0x00000000, Size: 0x00003eec, Max: 0x00040000, ABSOLUTE)

    Exec Addr    Load Addr    Size         Type   Attr      Idx    E Section Name        Object

    0x00000000   0x00000000   0x00000144   Data   RO          232    RESET               startup_msp432p401r_uvision.o
    0x00000144   0x00000144   0x00000000   Code   RO         2326  * .ARM.Collect$$$$00000000  mc_w.l(entry.o)
    0x00000144   0x00000144   0x00000004   Code   RO         2663    .ARM.Collect$$$$00000001  mc_w.l(entry2.o)
    0x00000148   0x00000148   0x00000004   Code   RO         2666    .ARM.Collect$$$$00000004  mc_w.l(entry5.o)
    0x0000014c   0x0000014c   0x00000000   Code   RO         2668    .ARM.Collect$$$$00000008  mc_w.l(entry7b.o)
    0x0000014c   0x0000014c   0x00000000   Code   RO         2670    .ARM.Collect$$$$0000000A  mc_w.l(entry8b.o)
    0x0000014c   0x0000014c   0x00000008   Code   RO         2671    .ARM.Collect$$$$0000000B  mc_w.l(entry9a.o)
    0x00000154   0x00000154   0x00000004   Code   RO         2678    .ARM.Collect$$$$0000000E  mc_w.l(entry12b.o)
    0x00000158   0x00000158   0x00000000   Code   RO         2673    .ARM.Collect$$$$0000000F  mc_w.l(entry10a.o)
    0x00000158   0x00000158   0x00000000   Code   RO         2675    .ARM.Collect$$$$00000011  mc_w.l(entry11a.o)
    0x00000158   0x00000158   0x00000004   Code   RO         2664    .ARM.Collect$$$$00002712  mc_w.l(entry2.o)
    0x0000015c   0x0000015c   0x00000026   Code   RO         2253    .emb_text           msp432p4xx_driverlib.lib(cpu.o)
    0x00000182   0x00000182   0x00000002   PAD
    0x00000184   0x00000184   0x00000024   Code   RO          233    .text               startup_msp432p401r_uvision.o
    0x000001a8   0x000001a8   0x00000024   Code   RO         2331    .text               mc_w.l(memseta.o)
    0x000001cc   0x000001cc   0x0000014e   Code   RO         2596    .text               mf_w.l(dadd.o)
    0x0000031a   0x0000031a   0x000000e4   Code   RO         2598    .text               mf_w.l(dmul.o)
    0x000003fe   0x000003fe   0x000000de   Code   RO         2600    .text               mf_w.l(ddiv.o)
    0x000004dc   0x000004dc   0x00000022   Code   RO         2602    .text               mf_w.l(dflti.o)
    0x000004fe   0x000004fe   0x0000001a   Code   RO         2604    .text               mf_w.l(dfltui.o)
    0x00000518   0x00000518   0x0000003e   Code   RO         2606    .text               mf_w.l(dfixi.o)
    0x00000556   0x00000556   0x00000026   Code   RO         2608    .text               mf_w.l(f2d.o)
    0x0000057c   0x0000057c   0x0000002c   Code   RO         2679    .text               mc_w.l(uidiv.o)
    0x000005a8   0x000005a8   0x00000062   Code   RO         2681    .text               mc_w.l(uldiv.o)
    0x0000060a   0x0000060a   0x0000001e   Code   RO         2683    .text               mc_w.l(llshl.o)
    0x00000628   0x00000628   0x00000020   Code   RO         2685    .text               mc_w.l(llushr.o)
    0x00000648   0x00000648   0x00000024   Code   RO         2687    .text               mc_w.l(llsshr.o)
    0x0000066c   0x0000066c   0x00000000   Code   RO         2696    .text               mc_w.l(iusefp.o)
    0x0000066c   0x0000066c   0x000000ba   Code   RO         2699    .text               mf_w.l(depilogue.o)
    0x00000726   0x00000726   0x00000030   Code   RO         2703    .text               mf_w.l(dfixul.o)
    0x00000756   0x00000756   0x00000002   PAD
    0x00000758   0x00000758   0x00000030   Code   RO         2707    .text               mf_w.l(cdrcmple.o)
    0x00000788   0x00000788   0x00000024   Code   RO         2709    .text               mc_w.l(init.o)
    0x000007ac   0x000007ac   0x00000048   Code   RO         1078    i.ADC14_IRQHandler  adc.o
    0x000007f4   0x000007f4   0x00000020   Code   RO         1878    i.ADC14_toggleConversionTrigger  msp432p4xx_driverlib.lib(adc14.o)
    0x00000814   0x00000814   0x000003e8   Code   RO          775    i.Back_judgeCrossing  control.o
    0x00000bfc   0x00000bfc   0x00000180   Code   RO          776    i.Back_mainControl  control.o
    0x00000d7c   0x00000d7c   0x00000170   Code   RO         1933    i.CS_getDCOFrequency  msp432p4xx_driverlib.lib(cs.o)
    0x00000eec   0x00000eec   0x00000018   Code   RO         1937    i.CS_getMCLK        msp432p4xx_driverlib.lib(cs.o)
    0x00000f04   0x00000f04   0x0000000c   Code   RO         1945    i.CS_setExternalClockSourceFrequency  msp432p4xx_driverlib.lib(cs.o)
    0x00000f10   0x00000f10   0x00000006   Code   RO         1948    i.CS_startHFXT      msp432p4xx_driverlib.lib(cs.o)
    0x00000f16   0x00000f16   0x00000002   PAD
    0x00000f18   0x00000f18   0x00000144   Code   RO         1949    i.CS_startHFXTWithTimeout  msp432p4xx_driverlib.lib(cs.o)
    0x0000105c   0x0000105c   0x00000006   Code   RO         1950    i.CS_startLFXT      msp432p4xx_driverlib.lib(cs.o)
    0x00001062   0x00001062   0x00000002   PAD
    0x00001064   0x00001064   0x000000b4   Code   RO         1951    i.CS_startLFXTWithTimeout  msp432p4xx_driverlib.lib(cs.o)
    0x00001118   0x00001118   0x00000024   Code   RO          937    i.EUSCIA2_IRQHandler  zigbee.o
    0x0000113c   0x0000113c   0x000000e4   Code   RO          894    i.EUSCIA3_IRQHandler  openmv.o
    0x00001220   0x00001220   0x00000014   Code   RO         1995    i.GPIO_clearInterruptFlag  msp432p4xx_driverlib.lib(gpio.o)
    0x00001234   0x00001234   0x00000014   Code   RO         1997    i.GPIO_enableInterrupt  msp432p4xx_driverlib.lib(gpio.o)
    0x00001248   0x00001248   0x00000034   Code   RO         1998    i.GPIO_getEnabledInterruptStatus  msp432p4xx_driverlib.lib(gpio.o)
    0x0000127c   0x0000127c   0x00000014   Code   RO         1999    i.GPIO_getInputPinValue  msp432p4xx_driverlib.lib(gpio.o)
    0x00001290   0x00001290   0x0000001c   Code   RO         2001    i.GPIO_interruptEdgeSelect  msp432p4xx_driverlib.lib(gpio.o)
    0x000012ac   0x000012ac   0x00000028   Code   RO         2003    i.GPIO_setAsInputPin  msp432p4xx_driverlib.lib(gpio.o)
    0x000012d4   0x000012d4   0x0000002c   Code   RO         2005    i.GPIO_setAsInputPinWithPullUpResistor  msp432p4xx_driverlib.lib(gpio.o)
    0x00001300   0x00001300   0x00000020   Code   RO         2006    i.GPIO_setAsOutputPin  msp432p4xx_driverlib.lib(gpio.o)
    0x00001320   0x00001320   0x00000048   Code   RO         2008    i.GPIO_setAsPeripheralModuleFunctionOutputPin  msp432p4xx_driverlib.lib(gpio.o)
    0x00001368   0x00001368   0x00000014   Code   RO         2011    i.GPIO_setOutputHighOnPin  msp432p4xx_driverlib.lib(gpio.o)
    0x0000137c   0x0000137c   0x00000014   Code   RO         2012    i.GPIO_setOutputLowOnPin  msp432p4xx_driverlib.lib(gpio.o)
    0x00001390   0x00001390   0x00000014   Code   RO          895    i.Get_ValueData     openmv.o
    0x000013a4   0x000013a4   0x00000064   Code   RO         2047    i.Interrupt_enableInterrupt  msp432p4xx_driverlib.lib(interrupt.o)
    0x00001408   0x00001408   0x0000000e   Code   RO         2048    i.Interrupt_enableMaster  msp432p4xx_driverlib.lib(interrupt.o)
    0x00001416   0x00001416   0x00000012   Code   RO          354    i.LED_B_Off         led.o
    0x00001428   0x00001428   0x00000012   Code   RO          358    i.LED_G_Off         led.o
    0x0000143a   0x0000143a   0x00000002   PAD
    0x0000143c   0x0000143c   0x00000030   Code   RO          361    i.LED_Init          led.o
    0x0000146c   0x0000146c   0x00000012   Code   RO          363    i.LED_RED_Off       led.o
    0x0000147e   0x0000147e   0x00000012   Code   RO          364    i.LED_RED_On        led.o
    0x00001490   0x00001490   0x00000012   Code   RO          366    i.LED_R_Off         led.o
    0x000014a2   0x000014a2   0x00000002   PAD
    0x000014a4   0x000014a4   0x0000004c   Code   RO          489    i.Limit             motor.o
    0x000014f0   0x000014f0   0x00000072   Code   RO          490    i.Load              motor.o
    0x00001562   0x00001562   0x0000000e   Code   RO          777    i.MyAbs             control.o
    0x00001570   0x00001570   0x0000002a   Code   RO          540    i.OLED_Clear        oled.o
    0x0000159a   0x0000159a   0x00000024   Code   RO          541    i.OLED_I2C_Init     oled.o
    0x000015be   0x000015be   0x0000004e   Code   RO          542    i.OLED_I2C_SendByte  oled.o
    0x0000160c   0x0000160c   0x00000024   Code   RO          543    i.OLED_I2C_Start    oled.o
    0x00001630   0x00001630   0x0000001c   Code   RO          544    i.OLED_I2C_Stop     oled.o
    0x0000164c   0x0000164c   0x000000c0   Code   RO          545    i.OLED_Init         oled.o
    0x0000170c   0x0000170c   0x0000003e   Code   RO          547    i.OLED_Print        oled.o
    0x0000174a   0x0000174a   0x00000022   Code   RO          548    i.OLED_SetCursor    oled.o
    0x0000176c   0x0000176c   0x000000b0   Code   RO          549    i.OLED_ShowChar     oled.o
    0x0000181c   0x0000181c   0x0000002c   Code   RO          551    i.OLED_ShowString   oled.o
    0x00001848   0x00001848   0x00000020   Code   RO          552    i.OLED_WriteCommand  oled.o
    0x00001868   0x00001868   0x00000020   Code   RO          553    i.OLED_WriteData    oled.o
    0x00001888   0x00001888   0x00000064   Code   RO          700    i.PORT4_IRQHandler  encoder.o
    0x000018ec   0x000018ec   0x00000020   Code   RO         1818    i.PORT6_IRQHandler  mpuexit.o
    0x0000190c   0x0000190c   0x00000010   Code   RO         2262    i.SysCtl_disableNMISource  msp432p4xx_driverlib.lib(sysctl.o)
    0x0000191c   0x0000191c   0x00000010   Code   RO         2267    i.SysCtl_enableNMISource  msp432p4xx_driverlib.lib(sysctl.o)
    0x0000192c   0x0000192c   0x0000000c   Code   RO         2272    i.SysCtl_getNMISourceStatus  msp432p4xx_driverlib.lib(sysctl.o)
    0x00001938   0x00001938   0x00000050   Code   RO         2274    i.SysCtl_getTLVInfo  msp432p4xx_driverlib.lib(sysctl.o)
    0x00001988   0x00001988   0x0000008c   Code   RO          676    i.SysInit           system.o
    0x00001a14   0x00001a14   0x00000098   Code   RO          241    i.SystemInit        system_msp432p401r.o
    0x00001aac   0x00001aac   0x000000b0   Code   RO          738    i.T32_INT1_IRQHandler  timer.o
    0x00001b5c   0x00001b5c   0x0000000a   Code   RO         2153    i.Timer32_clearInterruptFlag  msp432p4xx_driverlib.lib(timer32.o)
    0x00001b66   0x00001b66   0x0000000a   Code   RO         2155    i.Timer32_enableInterrupt  msp432p4xx_driverlib.lib(timer32.o)
    0x00001b70   0x00001b70   0x00000040   Code   RO         2159    i.Timer32_initModule  msp432p4xx_driverlib.lib(timer32.o)
    0x00001bb0   0x00001bb0   0x0000001e   Code   RO         2161    i.Timer32_setCount  msp432p4xx_driverlib.lib(timer32.o)
    0x00001bce   0x00001bce   0x0000001a   Code   RO         2163    i.Timer32_startTimer  msp432p4xx_driverlib.lib(timer32.o)
    0x00001be8   0x00001be8   0x00000050   Code   RO         2101    i.Timer_A_generatePWM  msp432p4xx_driverlib.lib(timer_a.o)
    0x00001c38   0x00001c38   0x00000012   Code   RO         2113    i.Timer_A_setCompareValue  msp432p4xx_driverlib.lib(timer_a.o)
    0x00001c4a   0x00001c4a   0x0000000a   Code   RO         2183    i.UART_clearInterruptFlag  msp432p4xx_driverlib.lib(uart.o)
    0x00001c54   0x00001c54   0x00000022   Code   RO         2188    i.UART_getEnabledInterruptStatus  msp432p4xx_driverlib.lib(uart.o)
    0x00001c76   0x00001c76   0x0000001a   Code   RO         2194    i.UART_receiveData  msp432p4xx_driverlib.lib(uart.o)
    0x00001c90   0x00001c90   0x00000018   Code   RO         2230    i.WDT_A_holdTimer   msp432p4xx_driverlib.lib(wdt_a.o)
    0x00001ca8   0x00001ca8   0x0000010c   Code   RO         1954    i._CSComputeCLKFrequency  msp432p4xx_driverlib.lib(cs.o)
    0x00001db4   0x00001db4   0x00000024   Code   RO         2574    i.__0vsprintf       mc_w.l(printfa.o)
    0x00001dd8   0x00001dd8   0x0000000e   Code   RO         2715    i.__scatterload_copy  mc_w.l(handlers.o)
    0x00001de6   0x00001de6   0x00000002   Code   RO         2716    i.__scatterload_null  mc_w.l(handlers.o)
    0x00001de8   0x00001de8   0x0000000e   Code   RO         2717    i.__scatterload_zeroinit  mc_w.l(handlers.o)
    0x00001df6   0x00001df6   0x00000002   PAD
    0x00001df8   0x00001df8   0x00000184   Code   RO         2575    i._fp_digits        mc_w.l(printfa.o)
    0x00001f7c   0x00001f7c   0x000006b4   Code   RO         2576    i._printf_core      mc_w.l(printfa.o)
    0x00002630   0x00002630   0x00000024   Code   RO         2577    i._printf_post_padding  mc_w.l(printfa.o)
    0x00002654   0x00002654   0x0000002e   Code   RO         2578    i._printf_pre_padding  mc_w.l(printfa.o)
    0x00002682   0x00002682   0x0000000a   Code   RO         2580    i._sputc            mc_w.l(printfa.o)
    0x0000268c   0x0000268c   0x00000024   Code   RO          491    i.brake             motor.o
    0x000026b0   0x000026b0   0x00000014   Code   RO         1054    i.buzzer_init       buzzer.o
    0x000026c4   0x000026c4   0x00000024   Code   RO          778    i.changeLockFlag    control.o
    0x000026e8   0x000026e8   0x0000002c   Code   RO          276    i.delay_init        delay.o
    0x00002714   0x00002714   0x00000018   Code   RO          277    i.delay_ms          delay.o
    0x0000272c   0x0000272c   0x0000004c   Code   RO          278    i.delay_us          delay.o
    0x00002778   0x00002778   0x00000064   Code   RO          701    i.encoder_init      encoder.o
    0x000027dc   0x000027dc   0x0000001c   Code   RO          702    i.encoder_read      encoder.o
    0x000027f8   0x000027f8   0x000001d4   Code   RO          779    i.goLine            control.o
    0x000029cc   0x000029cc   0x0000040c   Code   RO          780    i.judgeCrossing     control.o
    0x00002dd8   0x00002dd8   0x00000120   Code   RO          314    i.keyScan           key.o
    0x00002ef8   0x00002ef8   0x00000024   Code   RO          315    i.key_init          key.o
    0x00002f1c   0x00002f1c   0x00000040   Code   RO            4    i.main              main.o
    0x00002f5c   0x00002f5c   0x000001e0   Code   RO          786    i.mainControl       control.o
    0x0000313c   0x0000313c   0x000003c8   Code   RO         1023    i.main_menu         menu.o
    0x00003504   0x00003504   0x00000044   Code   RO          492    i.motor_init        motor.o
    0x00003548   0x00003548   0x0000004c   Code   RO          493    i.motor_pwm_init    motor.o
    0x00003594   0x00003594   0x000000be   Code   RO         2118    i.privateTimer_AProcessClockSourceDivider  msp432p4xx_driverlib.lib(timer_a.o)
    0x00003652   0x00003652   0x00000002   PAD
    0x00003654   0x00003654   0x00000068   Code   RO          986    i.sensorRade        sensor.o
    0x000036bc   0x000036bc   0x00000044   Code   RO          987    i.sensor_init       sensor.o
    0x00003700   0x00003700   0x00000040   Code   RO          739    i.timer_init        timer.o
    0x00003740   0x00003740   0x0000010c   Code   RO          788    i.velocityPid       control.o
    0x0000384c   0x0000384c   0x000005f0   Data   RO          557    .constdata          oled.o
    0x00003e3c   0x00003e3c   0x00000090   Data   RO         2063    .constdata          msp432p4xx_driverlib.lib(interrupt.o)
    0x00003ecc   0x00003ecc   0x00000020   Data   RO         2713    Region$$Table       anon$$obj.o


    Execution Region RW_IRAM1 (Exec base: 0x20000000, Load base: 0x00003eec, Size: 0x00000588, Max: 0x00010000, ABSOLUTE)

    Exec Addr    Load Addr    Size         Type   Attr      Idx    E Section Name        Object

    0x20000000   0x00003eec   0x00000014   Data   RW            5    .data               main.o
    0x20000014   0x00003f00   0x00000001   Data   RW          279    .data               delay.o
    0x20000015   0x00003f01   0x00000003   PAD
    0x20000018   0x00003f04   0x00000008   Data   RW          494    .data               motor.o
    0x20000020   0x00003f0c   0x00000008   Data   RW          703    .data               encoder.o
    0x20000028   0x00003f14   0x00000014   Data   RW          740    .data               timer.o
    0x2000003c   0x00003f28   0x00000070   Data   RW          791    .data               control.o
    0x200000ac   0x00003f98   0x00000003   Data   RW          898    .data               openmv.o
    0x200000af   0x00003f9b   0x00000008   Data   RW          988    .data               sensor.o
    0x200000b7   0x00003fa3   0x00000001   PAD
    0x200000b8   0x00003fa4   0x00000014   Data   RW         1024    .data               menu.o
    0x200000cc   0x00003fb8   0x00000002   Data   RW         1080    .data               adc.o
    0x200000ce   0x00003fba   0x00000002   PAD
    0x200000d0   0x00003fbc   0x00000008   Data   RW         1955    .data               msp432p4xx_driverlib.lib(cs.o)
    0x200000d8   0x00003fc4   0x00000030   Data   RW         2016    .data               msp432p4xx_driverlib.lib(gpio.o)
    0x20000108        -       0x00000014   Zero   RW          316    .bss                key.o
    0x2000011c        -       0x00000258   Zero   RW          790    .bss                control.o
    0x20000374        -       0x00000010   Zero   RW          897    .bss                openmv.o
    0x20000384   0x00003ff4   0x00000004   PAD
    0x20000388        -       0x00000200   Zero   RW          230    STACK               startup_msp432p401r_uvision.o


==============================================================================

Image component sizes


      Code (inc. data)   RO Data    RW Data    ZI Data      Debug   Object Name

        72         10          0          2          0        782   adc.o
        20          0          0          0          0        502   buzzer.o
      3686        160          0        112        600      10055   control.o
       144         14          0          1          0       1799   delay.o
       228          8          0          8          0       2225   encoder.o
       324          4          0          0         20       2047   key.o
       138          4          0          0          0       2806   led.o
        64          4          0         20          0      10937   main.o
       968        176          0         20          0       1334   menu.o
       370         10          0          8          0       3091   motor.o
        32          4          0          0          0        535   mpuexit.o
       792          4       1520          0          0       8452   oled.o
       248         24          0          3         16       1898   openmv.o
       172          4          0          8          0       1584   sensor.o
        36          8        324          0        512        876   startup_msp432p401r_uvision.o
       140          8          0          0          0        542   system.o
       152         34          0          0          0        569   system_msp432p401r.o
       240         48          0         20          0       1574   timer.o
        36          4          0          0          0        569   zigbee.o

    ----------------------------------------------------------------------
      7866        528       1876        208       1152      52177   Object Totals
         0          0         32          0          0          0   (incl. Generated)
         4          0          0          6          4          0   (incl. Padding)

    ----------------------------------------------------------------------

      Code (inc. data)   RO Data    RW Data    ZI Data      Debug   Library Member Name

         0          0          0          0          0          0   entry.o
         0          0          0          0          0          0   entry10a.o
         0          0          0          0          0          0   entry11a.o
         4          0          0          0          0          0   entry12b.o
         8          4          0          0          0          0   entry2.o
         4          0          0          0          0          0   entry5.o
         0          0          0          0          0          0   entry7b.o
         0          0          0          0          0          0   entry8b.o
         8          4          0          0          0          0   entry9a.o
        30          0          0          0          0          0   handlers.o
        36          8          0          0          0         68   init.o
         0          0          0          0          0          0   iusefp.o
        30          0          0          0          0         68   llshl.o
        36          0          0          0          0         68   llsshr.o
        32          0          0          0          0         68   llushr.o
        36          0          0          0          0        108   memseta.o
      2232         86          0          0          0        528   printfa.o
        44          0          0          0          0         80   uidiv.o
        98          0          0          0          0         92   uldiv.o
        48          0          0          0          0         68   cdrcmple.o
       334          0          0          0          0        148   dadd.o
       222          0          0          0          0        100   ddiv.o
       186          0          0          0          0        176   depilogue.o
        62          0          0          0          0         80   dfixi.o
        48          0          0          0          0         68   dfixul.o
        34          0          0          0          0         76   dflti.o
        26          0          0          0          0         76   dfltui.o
       228          0          0          0          0         96   dmul.o
        38          0          0          0          0         68   f2d.o
        32          4          0          0          0        116   adc14.o
        38          0          0          0          0        196   cpu.o
      1188        174          0          8          0       1024   cs.o
       368         68          0         48          0       1276   gpio.o
       114          8        144          0          0        240   interrupt.o
       124         24          0          0          0        476   sysctl.o
       140          0          0          0          0        592   timer32.o
       288         28          0          0          0        360   timer_a.o
        70          0          0          0          0        348   uart.o
        24          6          0          0          0        116   wdt_a.o

    ----------------------------------------------------------------------
      6222        414        144         56          0       6780   Library Totals
        12          0          0          0          0          0   (incl. Padding)

    ----------------------------------------------------------------------

      Code (inc. data)   RO Data    RW Data    ZI Data      Debug   Library Name

      2598        102          0          0          0       1080   mc_w.l
      1226          0          0          0          0        956   mf_w.l
      2386        312        144         56          0       4744   msp432p4xx_driverlib.lib

    ----------------------------------------------------------------------
      6222        414        144         56          0       6780   Library Totals

    ----------------------------------------------------------------------

==============================================================================


      Code (inc. data)   RO Data    RW Data    ZI Data      Debug   

     14088        942       2020        264       1152      49821   Grand Totals
     14088        942       2020        264       1152      49821   ELF Image Totals
     14088        942       2020        264          0          0   ROM Totals

==============================================================================

    Total RO  Size (Code + RO Data)                16108 (  15.73kB)
    Total RW  Size (RW Data + ZI Data)              1416 (   1.38kB)
    Total ROM Size (Code + RO Data + RW Data)      16372 (  15.99kB)

==============================================================================

