<html>
<body>
<pre>
<h1>礦ision Build Log</h1>
<h2>Tool Versions:</h2>
IDE-Version: μVision V5.36.0.0
Copyright (C) 2021 ARM Ltd and ARM Germany GmbH. All rights reserved.
License Information: 1 Wangjiawei, 1, LIC=CZLZX-HTJDY-63EMB-22VHA-9FM8S-B3IYW
 
Tool Versions:
Toolchain:       MDK-ARM Plus  Version: 5.36.0.0
Toolchain Path:  C:\Keil_v5\ARM\ARMCC\Bin
C Compiler:      Armcc.exe V5.06 update 7 (build 960)
Assembler:       Armasm.exe V5.06 update 7 (build 960)
Linker/Locator:  ArmLink.exe V5.06 update 7 (build 960)
Library Manager: ArmAr.exe V5.06 update 7 (build 960)
Hex Converter:   FromElf.exe V5.06 update 7 (build 960)
CPU DLL:         SARMCM3.DLL V5.36.0.0
Dialog DLL:      DCM.DLL V1.17.3.0
Target DLL:      CMSIS_AGDI.dll V1.33.0.0
Dialog DLL:      TCM.DLL V1.53.0.0
 
<h2>Project:</h2>
C:\Users\Wangjiawei\Desktop\OnWorking\电赛\22C题\从\User\Msp432.uvprojx
Project File Date:  05/29/2023

<h2>Output:</h2>
*** Using Compiler 'V5.06 update 7 (build 960)', folder: 'C:\Keil_v5\ARM\ARMCC\Bin'
Build target 'Target 1'
compiling control.c...
..\User\main.h(36): warning:  #1-D: last line of file ends without a newline
  #endif
..\Hardware\key\Key.h(22): warning:  #1-D: last line of file ends without a newline
   #endif //__KEY_H
..\Hardware\control\control.h(32): warning:  #1-D: last line of file ends without a newline
  #endif
..\Hardware\sensor\sensor.h(11): warning:  #1-D: last line of file ends without a newline
  #endif
..\Hardware\ultrasonic\ultrasonic.h(11): warning:  #1-D: last line of file ends without a newline
  #endif //__DISTANCE_H
..\User\main.h(36): warning:  #1-D: last line of file ends without a newline
  #endif
..\Hardware\control\control.h(32): warning:  #1-D: last line of file ends without a newline
  #endif
..\Hardware\control\control.c: 7 warnings, 0 errors
linking...
Program Size: Code=11316 RO-data=2020 RW-data=204 ZI-data=548  
"..\Obj\Msp432.axf" - 0 Error(s), 7 Warning(s).

<h2>Software Packages used:</h2>

Package Vendor: TexasInstruments
                http://software-dl.ti.com/msp430/msp430_public_sw/mcu/msp430/mspkeil/latest/exports/TexasInstruments.MSP432.1.0.0.pack
                TexasInstruments.MSP432.1.0.0
                Device Family Pack for Texas Instruments MSP432 Family

<h2>Collection of Component include folders:</h2>
  C:\Keil_v5\ARM\PACK\TexasInstruments\MSP432\1.0.0\Device\Include

<h2>Collection of Component Files used:</h2>
Build Time Elapsed:  00:00:01
</pre>
</body>
</html>
